03-04 17:49:29.617  1381  1431 E SystemServiceRegistry: 	at android.provider.SearchIndexablesProvider.query(SearchIndexablesProvider.java:127)
03-04 17:49:29.617  1381  1431 E SystemServiceRegistry: 	at android.content.ContentProvider.query(ContentProvider.java:1620)
03-04 17:49:29.617  1381  1431 E SystemServiceRegistry: 	at android.content.ContentProvider.query(ContentProvider.java:1716)
03-04 17:49:29.617  1381  1431 E SystemServiceRegistry: 	at android.content.ContentProvider$Transport.query(ContentProvider.java:295)
03-04 17:49:29.617  1381  1431 E SystemServiceRegistry: 	at android.content.ContentProviderNative.onTransact(ContentProviderNative.java:107)
03-04 17:49:29.617  1381  1431 E SystemServiceRegistry: 	at android.os.Binder.execTransactInternal(Binder.java:1500)
03-04 17:49:29.617  1381  1431 E SystemServiceRegistry: 	at android.os.Binder.execTransact(Binder.java:1444)
03-04 17:49:29.623   629   872 E WifiChipAidlImpl: getUsableChannels failed with service-specific exception: android.os.ServiceSpecificException:  (code 4)
03-04 17:49:29.767   629  1453 E WifiService: Attempt to retrieve passpoint with invalid scanResult List
03-04 17:49:30.323   500   500 E RIL     : Error 0 opening logical channel: 0
03-04 17:49:30.435  1381  1431 E Settings: Error while retrieving application info for package com.google.android.apps.accessibility.magnifier
03-04 17:49:30.435  1381  1431 E Settings: android.content.pm.PackageManager$NameNotFoundException: com.google.android.apps.accessibility.magnifier
03-04 17:49:30.435  1381  1431 E Settings: 	at android.app.ApplicationPackageManager.getApplicationInfoAsUser(ApplicationPackageManager.java:524)
03-04 17:49:30.435  1381  1431 E Settings: 	at android.app.ApplicationPackageManager.getApplicationInfo(ApplicationPackageManager.java:507)
03-04 17:49:30.435  1381  1431 E Settings: 	at android.app.ApplicationPackageManager.getApplicationInfo(ApplicationPackageManager.java:501)
03-04 17:49:30.435  1381  1431 E Settings: 	at com.android.settings.Utils.isPackageEnabled(Utils.java:1166)
03-04 17:49:30.435  1381  1431 E Settings: 	at com.google.android.settings.accessibility.MagnifierPreferenceController.magnifierAlreadyInstalled(MagnifierPreferenceController.kt:37)
03-04 17:49:30.435  1381  1431 E Settings: 	at com.google.android.settings.accessibility.MagnifierPreferenceController.getAvailabilityStatus(MagnifierPreferenceController.kt:19)
03-04 17:49:30.435  1381  1431 E Settings: 	at com.android.settings.core.BasePreferenceController.isAvailable(BasePreferenceController.java:260)
03-04 17:49:30.435  1381  1431 E Settings: 	at com.android.settings.core.BasePreferenceController.updateNonIndexableKeys(BasePreferenceController.java:306)
03-04 17:49:30.435  1381  1431 E Settings: 	at com.android.settings.search.BaseSearchIndexProvider.getNonIndexableKeys(BaseSearchIndexProvider.java:141)
03-04 17:49:30.435  1381  1431 E Settings: 	at com.android.settings.search.SettingsSearchIndexablesProvider.getNonIndexableKeysFromProvider(SettingsSearchIndexablesProvider.java:284)
03-04 17:49:30.435  1381  1431 E Settings: 	at com.android.settings.search.SettingsSearchIndexablesProvider.queryNonIndexableKeys(SettingsSearchIndexablesProvider.java:157)
03-04 17:49:30.435  1381  1431 E Settings: 	at android.provider.SearchIndexablesProvider.query(SearchIndexablesProvider.java:127)
03-04 17:49:30.435  1381  1431 E Settings: 	at android.content.ContentProvider.query(ContentProvider.java:1620)
03-04 17:49:30.435  1381  1431 E Settings: 	at android.content.ContentProvider.query(ContentProvider.java:1716)
03-04 17:49:30.435  1381  1431 E Settings: 	at android.content.ContentProvider$Transport.query(ContentProvider.java:295)
03-04 17:49:30.435  1381  1431 E Settings: 	at android.content.ContentProviderNative.onTransact(ContentProviderNative.java:107)
03-04 17:49:30.435  1381  1431 E Settings: 	at android.os.Binder.execTransactInternal(Binder.java:1500)
03-04 17:49:30.435  1381  1431 E Settings: 	at android.os.Binder.execTransact(Binder.java:1444)
03-04 17:49:30.437  1381  1431 E Settings: Error while retrieving application info for package com.google.android.apps.tips
03-04 17:49:30.437  1381  1431 E Settings: android.content.pm.PackageManager$NameNotFoundException: com.google.android.apps.tips
03-04 17:49:30.437  1381  1431 E Settings: 	at android.app.ApplicationPackageManager.getApplicationInfoAsUser(ApplicationPackageManager.java:524)
03-04 17:49:30.437  1381  1431 E Settings: 	at android.app.ApplicationPackageManager.getApplicationInfo(ApplicationPackageManager.java:507)
03-04 17:49:30.437  1381  1431 E Settings: 	at android.app.ApplicationPackageManager.getApplicationInfo(ApplicationPackageManager.java:501)
03-04 17:49:30.437  1381  1431 E Settings: 	at com.android.settings.Utils.isPackageEnabled(Utils.java:1166)
03-04 17:49:30.437  1381  1431 E Settings: 	at com.google.android.settings.tips.TipsUtils.tipsAppEnabled(TipsUtils.kt:38)
03-04 17:49:30.437  1381  1431 E Settings: 	at com.google.android.settings.accessibility.MagnifierPreferenceController.getAvailabilityStatus(MagnifierPreferenceController.kt:19)
03-04 17:49:30.437  1381  1431 E Settings: 	at com.android.settings.core.BasePreferenceController.isAvailable(BasePreferenceController.java:260)
03-04 17:49:30.437  1381  1431 E Settings: 	at com.android.settings.core.BasePreferenceController.updateNonIndexableKeys(BasePreferenceController.java:306)
03-04 17:49:30.437  1381  1431 E Settings: 	at com.android.settings.search.BaseSearchIndexProvider.getNonIndexableKeys(BaseSearchIndexProvider.java:141)
03-04 17:49:30.437  1381  1431 E Settings: 	at com.android.settings.search.SettingsSearchIndexablesProvider.getNonIndexableKeysFromProvider(SettingsSearchIndexablesProvider.java:284)
03-04 17:49:30.437  1381  1431 E Settings: 	at com.android.settings.search.SettingsSearchIndexablesProvider.queryNonIndexableKeys(SettingsSearchIndexablesProvider.java:157)
03-04 17:49:30.437  1381  1431 E Settings: 	at android.provider.SearchIndexablesProvider.query(SearchIndexablesProvider.java:127)
03-04 17:49:30.437  1381  1431 E Settings: 	at android.content.ContentProvider.query(ContentProvider.java:1620)
03-04 17:49:30.437  1381  1431 E Settings: 	at android.content.ContentProvider.query(ContentProvider.java:1716)
03-04 17:49:30.437  1381  1431 E Settings: 	at android.content.ContentProvider$Transport.query(ContentProvider.java:295)
03-04 17:49:30.437  1381  1431 E Settings: 	at android.content.ContentProviderNative.onTransact(ContentProviderNative.java:107)
03-04 17:49:30.437  1381  1431 E Settings: 	at android.os.Binder.execTransactInternal(Binder.java:1500)
03-04 17:49:30.437  1381  1431 E Settings: 	at android.os.Binder.execTransact(Binder.java:1444)
03-04 17:49:31.431  1381  1511 E ScreenResolutionController: No support
03-04 17:49:33.334  1381  1511 E BaseSearchIndex: com.android.settings.notification.modes.ZenModesListAddModePreferenceController must implement com.android.settings.core.PreferenceControllerMixin treating the dynamic indexable
03-04 17:49:33.491  3900  3900 E SmsApplication: com.google.android.apps.messaging lost android:read_cell_broadcasts:  (fixing)
03-04 17:49:33.547  3900  3900 E CellBroadcastUtils: getDefaultCellBroadcastReceiverPackageName: no package found
03-04 17:49:33.621  1381  1431 E ScreenResolutionController: No support
03-04 17:49:33.862   629   872 E WifiDataStall: onDataConnectionStateChanged unexpected State: -1
03-04 17:49:33.868   629   872 E MboOceController: onDataConnectionStateChanged unexpected State: -1
03-04 17:49:34.051  1381  1431 E ScreenResolutionController: No support
03-04 17:49:34.553  2100  2151 E CellBroadcastConfigService: fails to setCellBroadcastRanges, result = 2
03-04 17:49:35.269   629   891 E AppOps  : attributionTag VCN not declared in manifest of android
03-04 17:49:35.611   629   891 E AppOps  : attributionTag VCN not declared in manifest of android
03-04 17:49:36.742  1381  1431 E ConvertToEsimPreference: Fail to check pSIM conversion supported carrier: Attempt to invoke virtual method 'boolean android.telephony.euicc.EuiccManager.isPsimConversionSupported(int)' on a null object reference
03-04 17:49:36.748  1266  1422 E SystemServiceRegistry: No service published for: ethernet
03-04 17:49:36.748  1266  1422 E SystemServiceRegistry: android.os.ServiceManager$ServiceNotFoundException: No service published for: ethernet
03-04 17:49:36.748  1266  1422 E SystemServiceRegistry: 	at android.os.ServiceManager.getServiceOrThrow(ServiceManager.java:203)
03-04 17:49:36.748  1266  1422 E SystemServiceRegistry: 	at android.app.SystemServiceRegistry$145.createService(SystemServiceRegistry.java:2120)
03-04 17:49:36.748  1266  1422 E SystemServiceRegistry: 	at android.app.SystemServiceRegistry$CachedServiceFetcher.getService(SystemServiceRegistry.java:2231)
03-04 17:49:36.748  1266  1422 E SystemServiceRegistry: 	at android.app.SystemServiceRegistry.getSystemService(SystemServiceRegistry.java:1812)
03-04 17:49:36.748  1266  1422 E SystemServiceRegistry: 	at android.app.ContextImpl.getSystemService(ContextImpl.java:2241)
03-04 17:49:36.748  1266  1422 E SystemServiceRegistry: 	at android.content.ContextWrapper.getSystemService(ContextWrapper.java:936)
03-04 17:49:36.748  1266  1422 E SystemServiceRegistry: 	at com.android.networkstack.tethering.Tethering.isEthernetSupported(Tethering.java:1579)
03-04 17:49:36.748  1266  1422 E SystemServiceRegistry: 	at com.android.networkstack.tethering.Tethering.makeSupportedDownstreams(Tethering.java:2562)
03-04 17:49:36.748  1266  1422 E SystemServiceRegistry: 	at com.android.networkstack.tethering.Tethering.updateSupportedDownstreams(Tethering.java:2536)
03-04 17:49:36.748  1266  1422 E SystemServiceRegistry: 	at com.android.networkstack.tethering.Tethering.updateConfiguration(Tethering.java:549)
03-04 17:49:36.748  1266  1422 E SystemServiceRegistry: 	at com.android.networkstack.tethering.Tethering.-$$Nest$mupdateConfiguration(Tethering.java:0)
03-04 17:49:36.748  1266  1422 E SystemServiceRegistry: 	at com.android.networkstack.tethering.Tethering$StateReceiver.onReceive(Tethering.java:1186)
03-04 17:49:36.748  1266  1422 E SystemServiceRegistry: 	at android.app.LoadedApk$ReceiverDispatcher$Args.lambda$getRunnable$0(LoadedApk.java:1814)
03-04 17:49:36.748  1266  1422 E SystemServiceRegistry: 	at android.app.LoadedApk$ReceiverDispatcher$Args.$r8$lambda$mcNAAl1SQ4MyJPyDg8TJ2x2h0Rk(Unknown Source:0)
03-04 17:49:36.748  1266  1422 E SystemServiceRegistry: 	at android.app.LoadedApk$ReceiverDispatcher$Args$$ExternalSyntheticLambda0.run(D8$$SyntheticClass:0)
03-04 17:49:36.748  1266  1422 E SystemServiceRegistry: 	at android.os.Handler.handleCallback(Handler.java:959)
03-04 17:49:36.748  1266  1422 E SystemServiceRegistry: 	at android.os.Handler.dispatchMessage(Handler.java:100)
03-04 17:49:36.748  1266  1422 E SystemServiceRegistry: 	at android.os.Looper.loopOnce(Looper.java:232)
03-04 17:49:36.748  1266  1422 E SystemServiceRegistry: 	at android.os.Looper.loop(Looper.java:317)
03-04 17:49:36.748  1266  1422 E SystemServiceRegistry: 	at android.os.HandlerThread.run(HandlerThread.java:85)
03-04 17:49:36.751  1381  1431 E ConvertToEsimPreference: Fail to check pSIM conversion supported carrier: Attempt to invoke virtual method 'boolean android.telephony.euicc.EuiccManager.isPsimConversionSupported(int)' on a null object reference
03-04 17:49:37.354  1381  1431 E BaseSearchIndex: com.android.settings.notification.modes.ZenModesListAddModePreferenceController must implement com.android.settings.core.PreferenceControllerMixin treating the key non-indexable
03-04 17:49:39.078   629   891 E AppOps  : attributionTag VCN not declared in manifest of android
03-04 17:49:39.273  4067  4107 E IPCThreadState: Binder transaction failure. id: 130438, BR_*: 29202, error: 0 (Success)
03-04 17:49:39.274  1266  1422 E SystemServiceRegistry: No service published for: ethernet
03-04 17:49:39.274  1266  1422 E SystemServiceRegistry: android.os.ServiceManager$ServiceNotFoundException: No service published for: ethernet
03-04 17:49:39.274  1266  1422 E SystemServiceRegistry: 	at android.os.ServiceManager.getServiceOrThrow(ServiceManager.java:203)
03-04 17:49:39.274  1266  1422 E SystemServiceRegistry: 	at android.app.SystemServiceRegistry$145.createService(SystemServiceRegistry.java:2120)
03-04 17:49:39.274  1266  1422 E SystemServiceRegistry: 	at android.app.SystemServiceRegistry$CachedServiceFetcher.getService(SystemServiceRegistry.java:2231)
03-04 17:49:39.274  1266  1422 E SystemServiceRegistry: 	at android.app.SystemServiceRegistry.getSystemService(SystemServiceRegistry.java:1812)
03-04 17:49:39.274  1266  1422 E SystemServiceRegistry: 	at android.app.ContextImpl.getSystemService(ContextImpl.java:2241)
03-04 17:49:39.274  1266  1422 E SystemServiceRegistry: 	at android.content.ContextWrapper.getSystemService(ContextWrapper.java:936)
03-04 17:49:39.274  1266  1422 E SystemServiceRegistry: 	at com.android.networkstack.tethering.Tethering.isEthernetSupported(Tethering.java:1579)
03-04 17:49:39.274  1266  1422 E SystemServiceRegistry: 	at com.android.networkstack.tethering.Tethering.makeSupportedDownstreams(Tethering.java:2562)
03-04 17:49:39.274  1266  1422 E SystemServiceRegistry: 	at com.android.networkstack.tethering.Tethering.updateSupportedDownstreams(Tethering.java:2536)
03-04 17:49:39.274  1266  1422 E SystemServiceRegistry: 	at com.android.networkstack.tethering.Tethering.updateConfiguration(Tethering.java:549)
03-04 17:49:39.274  1266  1422 E SystemServiceRegistry: 	at com.android.networkstack.tethering.Tethering.-$$Nest$mupdateConfiguration(Tethering.java:0)
03-04 17:49:39.274  1266  1422 E SystemServiceRegistry: 	at com.android.networkstack.tethering.Tethering$ActiveDataSubIdListener.onActiveDataSubscriptionIdChanged(Tethering.java:525)
03-04 17:49:39.274  1266  1422 E SystemServiceRegistry: 	at android.telephony.PhoneStateListener$IPhoneStateListenerStub.lambda$onActiveDataSubIdChanged$56(PhoneStateListener.java:1621)
03-04 17:49:39.274  1266  1422 E SystemServiceRegistry: 	at android.telephony.PhoneStateListener$IPhoneStateListenerStub$$ExternalSyntheticLambda15.run(D8$$SyntheticClass:0)
03-04 17:49:39.274  1266  1422 E SystemServiceRegistry: 	at android.os.Handler.handleCallback(Handler.java:959)
03-04 17:49:39.274  1266  1422 E SystemServiceRegistry: 	at android.os.Handler.dispatchMessage(Handler.java:100)
03-04 17:49:39.274  1266  1422 E SystemServiceRegistry: 	at android.os.Looper.loopOnce(Looper.java:232)
03-04 17:49:39.274  1266  1422 E SystemServiceRegistry: 	at android.os.Looper.loop(Looper.java:317)
03-04 17:49:39.274  1266  1422 E SystemServiceRegistry: 	at android.os.HandlerThread.run(HandlerThread.java:85)
03-04 17:49:39.274  4067  4107 E JavaBinder: !!! FAILED BINDER TRANSACTION !!!  (parcel size = 784)
03-04 17:49:39.292  4230  4230 E .android.gms.ui: Not starting debugger since process cannot load the jdwp agent.
03-04 17:49:39.468  4244  4244 E marvin.talkback: Not starting debugger since process cannot load the jdwp agent.
03-04 17:49:39.489   629  2212 E IPCThreadState: Binder transaction failure. id: 130706, BR_*: 29202, error: 0 (Success)
03-04 17:49:40.174  4273  4273 E nect.controller: Not starting debugger since process cannot load the jdwp agent.
03-04 17:49:40.526   500   500 E RIL     : Error 0 transmitting APDU: 0
03-04 17:49:41.205   629   891 E AppOps  : attributionTag VCN not declared in manifest of android
03-04 17:49:43.399   500   500 E RIL     : Error 0 transmitting APDU: 0
03-04 17:49:43.624  3900  3900 E TelephonyProvider: internal sim-specific settings backup data file does not exist. Aborting restore
03-04 17:49:44.143  4230  4346 E FeatureFlagsImplExport: java.lang.NoClassDefFoundError: Failed resolution of: Landroid/os/flagging/AconfigPackage;
03-04 17:49:44.730   629  1453 E WifiService: Attempt to retrieve passpoint with invalid scanResult List
03-04 17:49:45.191   629   891 E AppOps  : attributionTag VCN not declared in manifest of android
03-04 17:49:45.485   629   891 E AppOps  : attributionTag VCN not declared in manifest of android
03-04 17:49:45.497  3900  4016 E TelephonyConfigUpdateInstallReceiver: Failed to read current content : /data/misc/telephonyconfig/valid_telephony_config.pb
03-04 17:49:45.704  1266  1422 E SystemServiceRegistry: No service published for: ethernet
03-04 17:49:45.704  1266  1422 E SystemServiceRegistry: android.os.ServiceManager$ServiceNotFoundException: No service published for: ethernet
03-04 17:49:45.704  1266  1422 E SystemServiceRegistry: 	at android.os.ServiceManager.getServiceOrThrow(ServiceManager.java:203)
03-04 17:49:45.704  1266  1422 E SystemServiceRegistry: 	at android.app.SystemServiceRegistry$145.createService(SystemServiceRegistry.java:2120)
03-04 17:49:45.704  1266  1422 E SystemServiceRegistry: 	at android.app.SystemServiceRegistry$CachedServiceFetcher.getService(SystemServiceRegistry.java:2231)
03-04 17:49:45.704  1266  1422 E SystemServiceRegistry: 	at android.app.SystemServiceRegistry.getSystemService(SystemServiceRegistry.java:1812)
03-04 17:49:45.704  1266  1422 E SystemServiceRegistry: 	at android.app.ContextImpl.getSystemService(ContextImpl.java:2241)
03-04 17:49:45.704  1266  1422 E SystemServiceRegistry: 	at android.content.ContextWrapper.getSystemService(ContextWrapper.java:936)
03-04 17:49:45.704  1266  1422 E SystemServiceRegistry: 	at com.android.networkstack.tethering.Tethering.isEthernetSupported(Tethering.java:1579)
03-04 17:49:45.704  1266  1422 E SystemServiceRegistry: 	at com.android.networkstack.tethering.Tethering.makeSupportedDownstreams(Tethering.java:2562)
03-04 17:49:45.704  1266  1422 E SystemServiceRegistry: 	at com.android.networkstack.tethering.Tethering.updateSupportedDownstreams(Tethering.java:2536)
03-04 17:49:45.704  1266  1422 E SystemServiceRegistry: 	at com.android.networkstack.tethering.Tethering.updateConfiguration(Tethering.java:549)
03-04 17:49:45.704  1266  1422 E SystemServiceRegistry: 	at com.android.networkstack.tethering.Tethering.lambda$new$4(Tethering.java:347)
03-04 17:49:45.704  1266  1422 E SystemServiceRegistry: 	at com.android.networkstack.tethering.Tethering.$r8$lambda$4V1rGOzF7AkW0XBFoABAQmt9cHM(Tethering.java:0)
03-04 17:49:45.704  1266  1422 E SystemServiceRegistry: 	at com.android.networkstack.tethering.Tethering$$ExternalSyntheticLambda12.accept(R8$$SyntheticClass:0)
03-04 17:49:45.704  1266  1422 E SystemServiceRegistry: 	at com.android.networkstack.tethering.util.VersionedBroadcastListener$Receiver.onReceive(VersionedBroadcastListener.java:103)
03-04 17:49:45.704  1266  1422 E SystemServiceRegistry: 	at android.app.LoadedApk$ReceiverDispatcher$Args.lambda$getRunnable$0(LoadedApk.java:1814)
03-04 17:49:45.704  1266  1422 E SystemServiceRegistry: 	at android.app.LoadedApk$ReceiverDispatcher$Args.$r8$lambda$mcNAAl1SQ4MyJPyDg8TJ2x2h0Rk(Unknown Source:0)
03-04 17:49:45.704  1266  1422 E SystemServiceRegistry: 	at android.app.LoadedApk$ReceiverDispatcher$Args$$ExternalSyntheticLambda0.run(D8$$SyntheticClass:0)
03-04 17:49:45.704  1266  1422 E SystemServiceRegistry: 	at android.os.Handler.handleCallback(Handler.java:959)
03-04 17:49:45.704  1266  1422 E SystemServiceRegistry: 	at android.os.Handler.dispatchMessage(Handler.java:100)
03-04 17:49:45.704  1266  1422 E SystemServiceRegistry: 	at android.os.Looper.loopOnce(Looper.java:232)
03-04 17:49:45.704  1266  1422 E SystemServiceRegistry: 	at android.os.Looper.loop(Looper.java:317)
03-04 17:49:45.704  1266  1422 E SystemServiceRegistry: 	at android.os.HandlerThread.run(HandlerThread.java:85)
03-04 17:49:45.861  3900  4016 E TelephonyConfigUpdateInstallReceiver: Failed to read current content : /data/misc/telephonyconfig/valid_telephony_config.pb
03-04 17:49:46.557   629  2013 E RoleControllerServiceImpl: Default/fallback role holder package doesn't qualify for the role, package: com.google.android.gms.supervision, role: android.app.role.SYSTEM_SUPERVISION
03-04 17:49:46.765  2175  2406 E Pay     : NfcAdapter is null while obtaining CardEmulation instance. [CONTEXT service_id=198 ]
03-04 17:49:46.766  2175  2406 E Pay     : CardEmulation is null while checking aid registration. [CONTEXT service_id=198 ]
03-04 17:49:46.854  2100  2151 E CellBroadcastConfigService: fails to setCellBroadcastRanges, result = 2
03-04 17:49:46.893  3900  3900 E SmsApplication: com.google.android.apps.messaging lost android:read_cell_broadcasts:  (fixing)
03-04 17:49:46.906   629  2013 E RoleControllerServiceImpl: Default/fallback role holder package doesn't qualify for the role, package: com.google.android.gms, role: android.app.role.WALLET
03-04 17:49:46.911  3900  3900 E CellBroadcastUtils: getDefaultCellBroadcastReceiverPackageName: no package found
03-04 17:49:46.951   629  2013 E RoleControllerServiceImpl: Default/fallback role holder package doesn't qualify for the role, package: com.google.android.devicelockcontroller, role: android.app.role.SYSTEM_FINANCED_DEVICE_CONTROLLER
03-04 17:49:47.428   629  1267 E BiometricService: Non-biometric, non-credential bits found. Authenticators: 65536
03-04 17:49:47.577  3399  3443 E FeatureFlagsImplExport: java.lang.NoClassDefFoundError: Failed resolution of: Landroid/os/flagging/AconfigPackage;
03-04 17:49:49.417   629   872 E WifiScoringParams: Invalid frequency(-1), using 5G as default rssi array
03-04 17:49:49.872  3900  3900 E CarrierKeyDownloadManager [0]: handleAlarmOrConfigChange ActiveSubscriptionInfoList = 1
03-04 17:49:52.307   629   872 E WifiDataStall: onDataConnectionStateChanged unexpected State: 1
03-04 17:49:52.310   629   872 E WifiStaIfaceAidlImpl: setDtimMultiplier failed with service-specific exception: android.os.ServiceSpecificException:  (code 4)
03-04 17:49:52.566   374   374 E Netd    : no such netId 101
03-04 17:49:52.618   629   872 E MboOceController: onDataConnectionStateChanged unexpected State: 1
03-04 17:49:53.093   629   872 E WifiStaIfaceAidlImpl: setDtimMultiplier failed with service-specific exception: android.os.ServiceSpecificException:  (code 4)
03-04 17:49:53.115   374   374 E Netd    : no such netId 101
03-04 17:49:53.116   374   374 E Netd    : no such netId 101
03-04 17:49:53.339   374   374 E Netd    : no such netId 102
03-04 17:49:53.342   629   883 E ConnectivityService: exception in interfaceSetMtu()android.os.ServiceSpecificException: Remote I/O error (code 121)
03-04 17:49:53.342   374   374 E Netd    : no such netId 102
03-04 17:49:53.343   629   883 E ConnectivityService: Exception in addRoute for non-gateway: android.os.ServiceSpecificException: Machine is not on the network (code 64)
03-04 17:49:53.343   374   374 E Netd    : no such netId 102
03-04 17:49:53.344   629   883 E ConnectivityService: Exception in addRoute for gateway: android.os.ServiceSpecificException: Machine is not on the network (code 64)
03-04 17:49:53.518   629   883 E ConnectivityService: Unexpected ServiceSpecificException
03-04 17:49:53.518   629   883 E ConnectivityService: android.os.ServiceSpecificException: Machine is not on the network (code 64)
03-04 17:49:53.518   629   883 E ConnectivityService: 	at android.os.Parcel.createExceptionOrNull(Parcel.java:3256)
03-04 17:49:53.518   629   883 E ConnectivityService: 	at android.os.Parcel.createException(Parcel.java:3226)
03-04 17:49:53.518   629   883 E ConnectivityService: 	at android.os.Parcel.readException(Parcel.java:3209)
03-04 17:49:53.518   629   883 E ConnectivityService: 	at android.os.Parcel.readException(Parcel.java:3151)
03-04 17:49:53.518   629   883 E ConnectivityService: 	at android.net.connectivity.android.net.INetd$Stub$Proxy.setNetworkAllowlist(INetd.java:3787)
03-04 17:49:53.518   629   883 E ConnectivityService: 	at android.net.connectivity.com.android.server.ConnectivityService.updateProfileAllowedNetworks(ConnectivityService.java:10513)
03-04 17:49:53.518   629   883 E ConnectivityService: 	at android.net.connectivity.com.android.server.ConnectivityService.updateNetworkInfo(ConnectivityService.java:11227)
03-04 17:49:53.518   629   883 E ConnectivityService: 	at android.net.connectivity.com.android.server.ConnectivityService.-$$Nest$mupdateNetworkInfo(ConnectivityService.java:0)
03-04 17:49:53.518   629   883 E ConnectivityService: 	at android.net.connectivity.com.android.server.ConnectivityService$NetworkStateTrackerHandler.maybeHandleNetworkAgentMessage(ConnectivityService.java:4605)
03-04 17:49:53.518   629   883 E ConnectivityService: 	at android.net.connectivity.com.android.server.ConnectivityService$NetworkStateTrackerHandler.handleMessage(ConnectivityService.java:4989)
03-04 17:49:53.518   629   883 E ConnectivityService: 	at android.os.Handler.dispatchMessage(Handler.java:107)
03-04 17:49:53.518   629   883 E ConnectivityService: 	at android.os.Looper.loopOnce(Looper.java:232)
03-04 17:49:53.518   629   883 E ConnectivityService: 	at android.os.Looper.loop(Looper.java:317)
03-04 17:49:53.518   629   883 E ConnectivityService: 	at android.os.HandlerThread.run(HandlerThread.java:85)
03-04 17:49:53.555   629   872 E WifiStaIfaceAidlImpl: setRoamingMode failed with service-specific exception: android.os.ServiceSpecificException:  (code 4)
03-04 17:49:53.556   629   872 E WifiRoamingModeManager: Failed to set roaming mode due to unknown error.
03-04 17:49:53.561   629   883 E ConnectivityService: exception in interfaceSetMtu()android.os.ServiceSpecificException: Remote I/O error (code 121)
03-04 17:49:53.576   629  2283 E WifiService: Attempt to retrieve passpoint with invalid scanResult List
03-04 17:49:53.633   374   418 E NetlinkEvent: NetlinkEvent::FindParam(): Parameter 'INTERFACE' not found
03-04 17:49:53.633   374   418 E NetlinkEvent: NetlinkEvent::FindParam(): Parameter 'STATE' not found
03-04 17:49:53.633   374   418 E NetlinkEvent: NetlinkEvent::FindParam(): Parameter 'TIME_NS' not found
03-04 17:49:53.633   374   418 E NetlinkEvent: NetlinkEvent::FindParam(): Parameter 'UID' not found
03-04 17:49:54.528   374   433 E Netd    : no such netId 101
03-04 17:49:54.731   629   883 E ConnectivityService: Exception in addRoute for non-gateway: android.os.ServiceSpecificException: Machine is not on the network (code 64)
03-04 17:49:54.734   374   433 E Netd    : no such netId 101
03-04 17:49:54.743   629   883 E ConnectivityService: Exception in addRoute for gateway: android.os.ServiceSpecificException: Machine is not on the network (code 64)
03-04 17:49:55.146   374   433 E netd    : Error adding route ::/0 -> fe80::2 wlan0 to table 1016: File exists
03-04 17:49:55.439   629   872 E WifiStaIfaceAidlImpl: stopRssiMonitoring failed with service-specific exception: android.os.ServiceSpecificException:  (code 5)
03-04 17:49:55.441   374   418 E NetlinkEvent: NetlinkEvent::FindParam(): Parameter 'INTERFACE' not found
03-04 17:49:55.441   374   418 E NetlinkEvent: NetlinkEvent::FindParam(): Parameter 'STATE' not found
03-04 17:49:55.441   374   418 E NetlinkEvent: NetlinkEvent::FindParam(): Parameter 'TIME_NS' not found
03-04 17:49:55.441   374   418 E NetlinkEvent: NetlinkEvent::FindParam(): Parameter 'UID' not found
03-04 17:49:59.234   629  4461 E GnssPsdsDownloader: No Long-Term PSDS servers were specified in the GnssConfiguration
03-04 17:49:59.377  3399  4371 E WakeLock: GCM_CONN_ALARM ** IS FORCE-RELEASED ON TIMEOUT **
03-04 17:50:03.279  3833  3902 E HandwritingSuperpacksUtil: HandwritingSuperpacksUtil.getPackMappingPackName():40 No pack mapping pack found in []
03-04 17:50:09.097  4489  4489 E id.gms.unstable: Not starting debugger since process cannot load the jdwp agent.
03-04 17:50:10.931  4040  4514 E DrmHalHidl: Failed to find passthrough drm factories
03-04 17:50:11.154  3833  3901 E HandwritingSuperpacksUtil: HandwritingSuperpacksUtil.getPackMappingPackName():40 No pack mapping pack found in []
03-04 17:50:11.249  3223  3223 E A       : onError
03-04 17:50:11.249  3223  3223 E A       : com.google.android.apps.gsa.shared.speech.b.l: errorCode: 65561, engine: 2
03-04 17:50:11.249  3223  3223 E A       : 	at com.google.android.apps.gsa.staticplugins.bp.a.f.a(PG:23)
03-04 17:50:11.249  3223  3223 E A       : 	at com.google.android.apps.gsa.s3.o.hi(PG:13)
03-04 17:50:11.249  3223  3223 E A       : 	at com.google.ci.g.a.f.e(PG:9)
03-04 17:50:11.249  3223  3223 E A       : 	at com.google.android.apps.gsa.speech.k.a.g.d(PG:162)
03-04 17:50:11.249  3223  3223 E A       : 	at com.google.android.apps.gsa.speech.k.a.g.iO(PG:26)
03-04 17:50:11.249  3223  3223 E A       : 	at com.google.android.apps.gsa.s3.p.c(PG:102)
03-04 17:50:11.249  3223  3223 E A       : 	at com.google.android.apps.gsa.s3.q.run(PG:1)
03-04 17:50:11.249  3223  3223 E A       : 	at java.util.concurrent.Executors$RunnableAdapter.call(Executors.java:487)
03-04 17:50:11.249  3223  3223 E A       : 	at java.util.concurrent.FutureTask.run(FutureTask.java:264)
03-04 17:50:11.249  3223  3223 E A       : 	at com.google.android.apps.gsa.shared.util.c.a.e.run(PG:12)
03-04 17:50:11.249  3223  3223 E A       : 	at com.google.android.apps.gsa.shared.util.c.a.bg.run(PG:3)
03-04 17:50:11.249  3223  3223 E A       : 	at com.google.android.apps.gsa.shared.util.c.a.bg.run(PG:3)
03-04 17:50:11.249  3223  3223 E A       : 	at java.util.concurrent.ThreadPoolExecutor.runWorker(ThreadPoolExecutor.java:1145)
03-04 17:50:11.249  3223  3223 E A       : 	at java.util.concurrent.ThreadPoolExecutor$Worker.run(ThreadPoolExecutor.java:644)
03-04 17:50:11.249  3223  3223 E A       : 	at java.lang.Thread.run(Thread.java:1012)
03-04 17:50:11.249  3223  3223 E A       : 	at com.google.android.apps.gsa.shared.util.c.a.l.run(PG:42)
03-04 17:50:11.249  3223  3223 E A       : Caused by: com.google.android.apps.gsa.shared.speech.b.n: errorCode: 65586, engine: 2
03-04 17:50:11.249  3223  3223 E A       : 	at com.google.android.apps.gsa.s3.o.hi(PG:6)
03-04 17:50:11.249  3223  3223 E A       : 	... 14 more
03-04 17:50:11.249  3223  3223 E A       : Caused by: com.google.android.apps.gsa.shared.speech.b.j: errorCode: 401, engine: 2
03-04 17:50:11.249  3223  3223 E A       : 	at com.google.android.apps.gsa.assistant.shared.n.i.b(PG:30)
03-04 17:50:11.249  3223  3223 E A       : 	at com.google.android.apps.gsa.s3.producers.j.hs(PG:11)
03-04 17:50:11.249  3223  3223 E A       : 	at com.google.android.apps.gsa.speech.k.a.g.d(PG:135)
03-04 17:50:11.249  3223  3223 E A       : 	... 12 more
03-04 17:50:12.366  3399  3589 E UsageReportingOptionsSt: INTERNAL_ERROR: setOptInOption should not be called while user is locked. [CONTEXT service_id=41 ]
03-04 17:50:12.500   416   416 E WVCdm   : [oemcrypto_adapter_dynamic.cpp(1326):ValidateOrInstallL1KeyboxOrCert] L1 not initialized. Falling back to L3
03-04 17:50:12.815   416   416 E WVCdm   : [oemcrypto_adapter_dynamic.cpp(1326):ValidateOrInstallL1KeyboxOrCert] L1 not initialized. Falling back to L3
03-04 17:50:13.926  3256  3428 E Finsky  : [44] aibw.c(307): setup::PAI: Error prefetching preloads, using account=null, response=null
03-04 17:50:13.926  3256  3428 E Finsky  : com.google.android.finsky.setup.fetchers.RawDocumentsFetchException[reason=pai_config, account=null]
03-04 17:50:13.926  3256  3428 E Finsky  : 	at aidx.d(PG:85)
03-04 17:50:13.926  3256  3428 E Finsky  : 	at aibw.c(PG:71)
03-04 17:50:13.926  3256  3428 E Finsky  : 	at acis.call(PG:88)
03-04 17:50:13.926  3256  3428 E Finsky  : 	at azsz.a(PG:3)
03-04 17:50:13.926  3256  3428 E Finsky  : 	at azse.run(PG:19)
03-04 17:50:13.926  3256  3428 E Finsky  : 	at azta.run(PG:5)
03-04 17:50:13.926  3256  3428 E Finsky  : 	at java.util.concurrent.ThreadPoolExecutor.runWorker(ThreadPoolExecutor.java:1145)
03-04 17:50:13.926  3256  3428 E Finsky  : 	at java.util.concurrent.ThreadPoolExecutor$Worker.run(ThreadPoolExecutor.java:644)
03-04 17:50:13.926  3256  3428 E Finsky  : 	at baor.run(PG:59)
03-04 17:50:13.926  3256  3428 E Finsky  : 	at java.lang.Thread.run(Thread.java:1012)
03-04 17:50:39.187  4067  4098 E IPCThreadState: Binder transaction failure. id: 153198, BR_*: 29202, error: 0 (Success)
03-04 17:50:39.187  4067  4098 E JavaBinder: !!! FAILED BINDER TRANSACTION !!!  (parcel size = 488)
03-04 17:50:39.195   629  1005 E IPCThreadState: Binder transaction failure. id: 153210, BR_*: 29202, error: 0 (Success)
03-04 17:50:39.207  4067  4098 E SliceManager: Unable to get slice descendants
03-04 17:50:39.207  4067  4098 E SliceManager: android.os.DeadObjectException: Transaction failed on small parcel; remote process probably died, but this could also be caused by running out of binder buffer space
03-04 17:50:39.207  4067  4098 E SliceManager: 	at android.os.BinderProxy.transactNative(Native Method)
03-04 17:50:39.207  4067  4098 E SliceManager: 	at android.os.BinderProxy.transact(BinderProxy.java:586)
03-04 17:50:39.207  4067  4098 E SliceManager: 	at android.content.ContentProviderProxy.call(ContentProviderNative.java:762)
03-04 17:50:39.207  4067  4098 E SliceManager: 	at android.content.ContentProviderClient.call(ContentProviderClient.java:601)
03-04 17:50:39.207  4067  4098 E SliceManager: 	at android.content.ContentProviderClient.call(ContentProviderClient.java:589)
03-04 17:50:39.207  4067  4098 E SliceManager: 	at android.app.slice.SliceManager.getSliceDescendants(SliceManager.java:228)
03-04 17:50:39.207  4067  4098 E SliceManager: 	at wi$$ExternalSyntheticApiModelOutline0.m(D8$$SyntheticClass:56)
03-04 17:50:39.207  4067  4098 E SliceManager: 	at aov.b(PG:7)
03-04 17:50:39.207  4067  4098 E SliceManager: 	at ekh.e(PG:47)
03-04 17:50:39.207  4067  4098 E SliceManager: 	at ekh.d(PG:1)
03-04 17:50:39.207  4067  4098 E SliceManager: 	at ekh.doInBackground(PG:3)
03-04 17:50:39.207  4067  4098 E SliceManager: 	at android.os.AsyncTask$3.call(AsyncTask.java:394)
03-04 17:50:39.207  4067  4098 E SliceManager: 	at java.util.concurrent.FutureTask.run(FutureTask.java:264)
03-04 17:50:39.207  4067  4098 E SliceManager: 	at android.os.AsyncTask$SerialExecutor$1.run(AsyncTask.java:305)
03-04 17:50:39.207  4067  4098 E SliceManager: 	at java.util.concurrent.ThreadPoolExecutor.runWorker(ThreadPoolExecutor.java:1145)
03-04 17:50:39.207  4067  4098 E SliceManager: 	at java.util.concurrent.ThreadPoolExecutor$Worker.run(ThreadPoolExecutor.java:644)
03-04 17:50:39.207  4067  4098 E SliceManager: 	at java.lang.Thread.run(Thread.java:1012)
03-04 17:50:39.569  4621  4621 E ndroid.settings: Not starting debugger since process cannot load the jdwp agent.
03-04 17:50:39.655  3223  3223 E A       : onError
03-04 17:50:39.655  3223  3223 E A       : com.google.android.apps.gsa.shared.speech.b.l: errorCode: 65561, engine: 2
03-04 17:50:39.655  3223  3223 E A       : 	at com.google.android.apps.gsa.staticplugins.bp.a.f.a(PG:23)
03-04 17:50:39.655  3223  3223 E A       : 	at com.google.android.apps.gsa.s3.o.hi(PG:13)
03-04 17:50:39.655  3223  3223 E A       : 	at com.google.ci.g.a.f.e(PG:9)
03-04 17:50:39.655  3223  3223 E A       : 	at com.google.android.apps.gsa.speech.k.a.g.d(PG:162)
03-04 17:50:39.655  3223  3223 E A       : 	at com.google.android.apps.gsa.speech.k.a.g.iO(PG:26)
03-04 17:50:39.655  3223  3223 E A       : 	at com.google.android.apps.gsa.s3.p.c(PG:102)
03-04 17:50:39.655  3223  3223 E A       : 	at com.google.android.apps.gsa.s3.q.run(PG:1)
03-04 17:50:39.655  3223  3223 E A       : 	at java.util.concurrent.Executors$RunnableAdapter.call(Executors.java:487)
03-04 17:50:39.655  3223  3223 E A       : 	at java.util.concurrent.FutureTask.run(FutureTask.java:264)
03-04 17:50:39.655  3223  3223 E A       : 	at com.google.android.apps.gsa.shared.util.c.a.e.run(PG:12)
03-04 17:50:39.655  3223  3223 E A       : 	at com.google.android.apps.gsa.shared.util.c.a.bg.run(PG:3)
03-04 17:50:39.655  3223  3223 E A       : 	at com.google.android.apps.gsa.shared.util.c.a.bg.run(PG:3)
03-04 17:50:39.655  3223  3223 E A       : 	at java.util.concurrent.ThreadPoolExecutor.runWorker(ThreadPoolExecutor.java:1145)
03-04 17:50:39.655  3223  3223 E A       : 	at java.util.concurrent.ThreadPoolExecutor$Worker.run(ThreadPoolExecutor.java:644)
03-04 17:50:39.655  3223  3223 E A       : 	at java.lang.Thread.run(Thread.java:1012)
03-04 17:50:39.655  3223  3223 E A       : 	at com.google.android.apps.gsa.shared.util.c.a.l.run(PG:42)
03-04 17:50:39.655  3223  3223 E A       : Caused by: com.google.android.apps.gsa.shared.speech.b.n: errorCode: 65586, engine: 2
03-04 17:50:39.655  3223  3223 E A       : 	at com.google.android.apps.gsa.s3.o.hi(PG:6)
03-04 17:50:39.655  3223  3223 E A       : 	... 14 more
03-04 17:50:39.655  3223  3223 E A       : Caused by: com.google.android.apps.gsa.shared.speech.b.j: errorCode: 401, engine: 2
03-04 17:50:39.655  3223  3223 E A       : 	at com.google.android.apps.gsa.assistant.shared.n.i.b(PG:30)
03-04 17:50:39.655  3223  3223 E A       : 	at com.google.android.apps.gsa.s3.producers.j.hs(PG:11)
03-04 17:50:39.655  3223  3223 E A       : 	at com.google.android.apps.gsa.speech.k.a.g.d(PG:135)
03-04 17:50:39.655  3223  3223 E A       : 	... 12 more
03-04 17:50:40.074  4067  4098 E SliceIndexUpdateTask: Error during slice index.
03-04 17:50:40.074  4067  4098 E SliceIndexUpdateTask: java.lang.UnsupportedOperationException
03-04 17:50:40.074  4067  4098 E SliceIndexUpdateTask: 	at java.util.AbstractList.add(AbstractList.java:155)
03-04 17:50:40.074  4067  4098 E SliceIndexUpdateTask: 	at java.util.AbstractList.add(AbstractList.java:113)
03-04 17:50:40.074  4067  4098 E SliceIndexUpdateTask: 	at java.util.AbstractCollection.addAll(AbstractCollection.java:336)
03-04 17:50:40.074  4067  4098 E SliceIndexUpdateTask: 	at ekh.e(PG:55)
03-04 17:50:40.074  4067  4098 E SliceIndexUpdateTask: 	at ekh.d(PG:1)
03-04 17:50:40.074  4067  4098 E SliceIndexUpdateTask: 	at ekh.doInBackground(PG:3)
03-04 17:50:40.074  4067  4098 E SliceIndexUpdateTask: 	at android.os.AsyncTask$3.call(AsyncTask.java:394)
03-04 17:50:40.074  4067  4098 E SliceIndexUpdateTask: 	at java.util.concurrent.FutureTask.run(FutureTask.java:264)
03-04 17:50:40.074  4067  4098 E SliceIndexUpdateTask: 	at android.os.AsyncTask$SerialExecutor$1.run(AsyncTask.java:305)
03-04 17:50:40.074  4067  4098 E SliceIndexUpdateTask: 	at java.util.concurrent.ThreadPoolExecutor.runWorker(ThreadPoolExecutor.java:1145)
03-04 17:50:40.074  4067  4098 E SliceIndexUpdateTask: 	at java.util.concurrent.ThreadPoolExecutor$Worker.run(ThreadPoolExecutor.java:644)
03-04 17:50:40.074  4067  4098 E SliceIndexUpdateTask: 	at java.lang.Thread.run(Thread.java:1012)
03-04 17:50:44.955  3833  3887 E PhenotypeModule: PhenotypeModule.handlePhenotypeConfigurationUpdates():469 Get empty configurations.
03-04 17:50:56.273  3399  3434 E SQLiteLog: (1) no such column: source in "SELECT source FROM flag_overrides"
03-04 17:50:58.773   629  4203 E SettingsToPropertiesMapper: key=persist.device_config.storage_native_boot.transcode_compat_manifest value=com.yelp.android,0,com.yy.biu,0,com.groupme.android,0,air.tv.douyu.android,0,com.baidu.mbaby,0,com.vlocker.locker,0,com.znxh.hyhuo,0,com.yixia.xiaokaxiu,0 exceeds system property max length.
03-04 17:50:58.773   629  4203 E SettingsToPropertiesMapper: key=persist.device_config.aconfig_flags.storage_native_boot.transcode_compat_manifest value=com.yelp.android,0,com.yy.biu,0,com.groupme.android,0,air.tv.douyu.android,0,com.baidu.mbaby,0,com.vlocker.locker,0,com.znxh.hyhuo,0,com.yixia.xiaokaxiu,0 exceeds system property max length.
03-04 17:51:09.846  2175  2397 E gzac    : *~*~*~ Previous channel {0} was garbage collected without being shut down! ~*~*~*
03-04 17:51:09.846  2175  2397 E gzac    :     Make sure to call shutdown()/shutdownNow()
03-04 17:51:09.846  2175  2397 E gzac    : java.lang.RuntimeException: ManagedChannel allocation site
03-04 17:51:09.846  2175  2397 E gzac    : 	at gzab.<init>(:com.google.android.gms@250632038@25.06.32 (260800-724425688):21)
03-04 17:51:09.846  2175  2397 E gzac    : 	at gzac.<init>(:com.google.android.gms@250632038@25.06.32 (260800-724425688):10)
03-04 17:51:09.846  2175  2397 E gzac    : 	at gzaa.a(:com.google.android.gms@250632038@25.06.32 (260800-724425688):247)
03-04 17:51:09.846  2175  2397 E gzac    : 	at gyla.a(:com.google.android.gms@250632038@25.06.32 (260800-724425688):5)
03-04 17:51:09.846  2175  2397 E gzac    : 	at caeo.g(:com.google.android.gms@250632038@25.06.32 (260800-724425688):81)
03-04 17:51:09.846  2175  2397 E gzac    : 	at fqqx.a(:com.google.android.gms@250632038@25.06.32 (260800-724425688):219)
03-04 17:51:09.846  2175  2397 E gzac    : 	at ffop.a(:com.google.android.gms@250632038@25.06.32 (260800-724425688):13)
03-04 17:51:09.846  2175  2397 E gzac    : 	at fnlc.a(:com.google.android.gms@250632038@25.06.32 (260800-724425688):3)
03-04 17:51:09.846  2175  2397 E gzac    : 	at fnkd.run(:com.google.android.gms@250632038@25.06.32 (260800-724425688):19)
03-04 17:51:09.846  2175  2397 E gzac    : 	at fnle.run(:com.google.android.gms@250632038@25.06.32 (260800-724425688):5)
03-04 17:51:09.846  2175  2397 E gzac    : 	at asua.c(:com.google.android.gms@250632038@25.06.32 (260800-724425688):50)
03-04 17:51:09.846  2175  2397 E gzac    : 	at asua.run(:com.google.android.gms@250632038@25.06.32 (260800-724425688):76)
03-04 17:51:09.846  2175  2397 E gzac    : 	at java.util.concurrent.ThreadPoolExecutor.runWorker(ThreadPoolExecutor.java:1145)
03-04 17:51:09.846  2175  2397 E gzac    : 	at java.util.concurrent.ThreadPoolExecutor$Worker.run(ThreadPoolExecutor.java:644)
03-04 17:51:09.846  2175  2397 E gzac    : 	at aszl.run(:com.google.android.gms@250632038@25.06.32 (260800-724425688):8)
03-04 17:51:09.846  2175  2397 E gzac    : 	at java.lang.Thread.run(Thread.java:1012)
03-04 17:51:10.968  3223  3223 E A       : onError
03-04 17:51:10.968  3223  3223 E A       : com.google.android.apps.gsa.shared.speech.b.l: errorCode: 65561, engine: 2
03-04 17:51:10.968  3223  3223 E A       : 	at com.google.android.apps.gsa.staticplugins.bp.a.f.a(PG:23)
03-04 17:51:10.968  3223  3223 E A       : 	at com.google.android.apps.gsa.s3.o.hi(PG:13)
03-04 17:51:10.968  3223  3223 E A       : 	at com.google.ci.g.a.f.e(PG:9)
03-04 17:51:10.968  3223  3223 E A       : 	at com.google.android.apps.gsa.speech.k.a.g.d(PG:162)
03-04 17:51:10.968  3223  3223 E A       : 	at com.google.android.apps.gsa.speech.k.a.g.iO(PG:26)
03-04 17:51:10.968  3223  3223 E A       : 	at com.google.android.apps.gsa.s3.p.c(PG:102)
03-04 17:51:10.968  3223  3223 E A       : 	at com.google.android.apps.gsa.s3.q.run(PG:1)
03-04 17:51:10.968  3223  3223 E A       : 	at java.util.concurrent.Executors$RunnableAdapter.call(Executors.java:487)
03-04 17:51:10.968  3223  3223 E A       : 	at java.util.concurrent.FutureTask.run(FutureTask.java:264)
03-04 17:51:10.968  3223  3223 E A       : 	at com.google.android.apps.gsa.shared.util.c.a.e.run(PG:12)
03-04 17:51:10.968  3223  3223 E A       : 	at com.google.android.apps.gsa.shared.util.c.a.bg.run(PG:3)
03-04 17:51:10.968  3223  3223 E A       : 	at com.google.android.apps.gsa.shared.util.c.a.bg.run(PG:3)
03-04 17:51:10.968  3223  3223 E A       : 	at java.util.concurrent.ThreadPoolExecutor.runWorker(ThreadPoolExecutor.java:1145)
03-04 17:51:10.968  3223  3223 E A       : 	at java.util.concurrent.ThreadPoolExecutor$Worker.run(ThreadPoolExecutor.java:644)
03-04 17:51:10.968  3223  3223 E A       : 	at java.lang.Thread.run(Thread.java:1012)
03-04 17:51:10.968  3223  3223 E A       : 	at com.google.android.apps.gsa.shared.util.c.a.l.run(PG:42)
03-04 17:51:10.968  3223  3223 E A       : Caused by: com.google.android.apps.gsa.shared.speech.b.n: errorCode: 65586, engine: 2
03-04 17:51:10.968  3223  3223 E A       : 	at com.google.android.apps.gsa.s3.o.hi(PG:6)
03-04 17:51:10.968  3223  3223 E A       : 	... 14 more
03-04 17:51:10.968  3223  3223 E A       : Caused by: com.google.android.apps.gsa.shared.speech.b.j: errorCode: 401, engine: 2
03-04 17:51:10.968  3223  3223 E A       : 	at com.google.android.apps.gsa.assistant.shared.n.i.b(PG:30)
03-04 17:51:10.968  3223  3223 E A       : 	at com.google.android.apps.gsa.s3.producers.j.hs(PG:11)
03-04 17:51:10.968  3223  3223 E A       : 	at com.google.android.apps.gsa.speech.k.a.g.d(PG:135)
03-04 17:51:10.968  3223  3223 E A       : 	... 12 more
03-04 17:51:11.001  2457  2580 E AmbientMusicServiceMana: xrv: java.lang.reflect.InvocationTargetException
03-04 17:51:11.001  2457  2580 E AmbientMusicServiceMana: 	at xrw.c(PG:57)
03-04 17:51:11.001  2457  2580 E AmbientMusicServiceMana: 	at xdo.v(PG:37)
03-04 17:51:11.001  2457  2580 E AmbientMusicServiceMana: 	at xdo.e(PG:101)
03-04 17:51:11.001  2457  2580 E AmbientMusicServiceMana: 	at xdl.a(PG:36)
03-04 17:51:11.001  2457  2580 E AmbientMusicServiceMana: 	at mjl.L(PG:25)
03-04 17:51:11.001  2457  2580 E AmbientMusicServiceMana: 	at qel.f(PG:34)
03-04 17:51:11.001  2457  2580 E AmbientMusicServiceMana: 	at qdw.e(PG:7)
03-04 17:51:11.001  2457  2580 E AmbientMusicServiceMana: 	at mjo.a(PG:11)
03-04 17:51:11.001  2457  2580 E AmbientMusicServiceMana: 	at qem.run(PG:11)
03-04 17:51:11.001  2457  2580 E AmbientMusicServiceMana: 	at won.execute(PG:1)
03-04 17:51:11.001  2457  2580 E AmbientMusicServiceMana: 	at qeo.onPropertiesChanged(PG:47)
03-04 17:51:11.001  2457  2580 E AmbientMusicServiceMana: 	at android.provider.DeviceConfig.lambda$handleChange$0(DeviceConfig.java:1661)
03-04 17:51:11.001  2457  2580 E AmbientMusicServiceMana: 	at android.provider.DeviceConfig$$ExternalSyntheticLambda0.run(D8$$SyntheticClass:0)
03-04 17:51:11.001  2457  2580 E AmbientMusicServiceMana: 	at java.util.concurrent.Executors$RunnableAdapter.call(Executors.java:487)
03-04 17:51:11.001  2457  2580 E AmbientMusicServiceMana: 	at wqm.a(PG:3)
03-04 17:51:11.001  2457  2580 E AmbientMusicServiceMana: 	at wpo.run(PG:21)
03-04 17:51:11.001  2457  2580 E AmbientMusicServiceMana: 	at wqn.run(PG:5)
03-04 17:51:11.001  2457  2580 E AmbientMusicServiceMana: 	at java.util.concurrent.Executors$RunnableAdapter.call(Executors.java:487)
03-04 17:51:11.001  2457  2580 E AmbientMusicServiceMana: 	at java.util.concurrent.FutureTask.run(FutureTask.java:264)
03-04 17:51:11.001  2457  2580 E AmbientMusicServiceMana: 	at java.util.concurrent.ScheduledThreadPoolExecutor$ScheduledFutureTask.run(ScheduledThreadPoolExecutor.java:307)
03-04 17:51:11.001  2457  2580 E AmbientMusicServiceMana: 	at java.util.concurrent.ThreadPoolExecutor.runWorker(ThreadPoolExecutor.java:1145)
03-04 17:51:11.001  2457  2580 E AmbientMusicServiceMana: 	at java.util.concurrent.ThreadPoolExecutor$Worker.run(ThreadPoolExecutor.java:644)
03-04 17:51:11.001  2457  2580 E AmbientMusicServiceMana: 	at hqv.run(PG:221)
03-04 17:51:11.001  2457  2580 E AmbientMusicServiceMana: 	at java.lang.Thread.run(Thread.java:1012)
03-04 17:51:11.001  2457  2580 E AmbientMusicServiceMana: Caused by: java.lang.reflect.InvocationTargetException
03-04 17:51:11.001  2457  2580 E AmbientMusicServiceMana: 	at java.lang.reflect.Method.invoke(Native Method)
03-04 17:51:11.001  2457  2580 E AmbientMusicServiceMana: 	at xrw.c(PG:50)
03-04 17:51:11.001  2457  2580 E AmbientMusicServiceMana: 	... 23 more
03-04 17:51:11.001  2457  2580 E AmbientMusicServiceMana: Caused by: java.lang.IllegalStateException: No underlying SoundTriggerModule available
03-04 17:51:11.001  2457  2580 E AmbientMusicServiceMana: 	at android.media.soundtrigger.SoundTriggerManager.deleteModel(SoundTriggerManager.java:264)
03-04 17:51:11.001  2457  2580 E AmbientMusicServiceMana: 	... 25 more
03-04 17:51:14.016   629  4203 E SettingsToPropertiesMapper: key=persist.device_config.configuration.AdbWritableFlags__adb_writable_flags_list value=adservices/disable_sdk_sandbox,adservices/enforce_broadcast_receiver_restrictions,adservices/fledge_ad_selection_enforce_foreground_status_custom_audience,adservices/fledge_custom_audience_max_count,adservices/fledge_custom_audience_max_num_ads,adservices/fledge_custom_audience_max_owner_count,adservices/fledge_custom_audience_per_app_max_count,adservices/fledge_js_isolate_enforce_max_heap_size,adservices/fledge_js_isolate_max_heap_size_bytes,adservices/sdk_request_permits_per_second,adservices/sdksandbox_customized_sdk_context_enabled,configuration/namespace_to_package_mapping,constrain_display_apis/always_constrain_display_apis,constrain_display_apis/never_constrain_display_apis,constrain_display_apis/never_constrain_display_apis_all_packages,device_policy_manager/disable_resources_updatability,flipendo/default_savings_mode_launch,flipendo/essential_apps,flipendo/flipendo_enabled_launch,flipendo/grayscale_enabled_launch,flipendo/lever_ble_scanning_enabled_launch,flipendo/lever_hotspot_enabled_launch,flipendo/lever_work_profile_enabled_launch,flipendo/resuspend_delay_minutes,namespace/key,namespace1/key1,namespace1/key2,namespace2/key1,namespace2/key2,package_manager_service/incfs_default_timeouts,package_manager_service/known_digesters_list,privacy/location_access_check_periodic_interval_millis,rollback/enable_rollback_timeout,rollback/watchdog_explicit_health_check_enabled,rollback/watchdog_request_timeout_millis,rollback/watchdog_trigger_failure_count,rollback/watchdog_trigger_failure_duration_millis,rollback_boot/rollback_lifetime_in_millis,systemui/nas_generate_actions,systemui/nas_generate_replies,systemui/nas_max_messages_to_extract,systemui/nas_max_suggestions,testspace/another,testspace/flagname,textclassifier/config_updater_model_enabled,textclassifier/key,textclassifier/key2,textclassifier/manifest_url_annotator_en,textclassifier/manifest_url_annotator_ru,textclassifier/model_download_backoff_delay_in_millis,textclassifier/model_download_manager_enabled,textclassifier/multi_language_support_enabled,textclassifier/testing_locale_list_override,textclassifier/textclassifier_service_package_override,window_manager/enable_default_rescind_bal_privileges_from_pending_intent_sender,wrong/nas_generate_replies, exceeds system property max length.
