03-04 17:51:14.021   629  4203 E SettingsToPropertiesMapper: key=persist.device_config.aconfig_flags.configuration.AdbWritableFlags__adb_writable_flags_list value=adservices/disable_sdk_sandbox,adservices/enforce_broadcast_receiver_restrictions,adservices/fledge_ad_selection_enforce_foreground_status_custom_audience,adservices/fledge_custom_audience_max_count,adservices/fledge_custom_audience_max_num_ads,adservices/fledge_custom_audience_max_owner_count,adservices/fledge_custom_audience_per_app_max_count,adservices/fledge_js_isolate_enforce_max_heap_size,adservices/fledge_js_isolate_max_heap_size_bytes,adservices/sdk_request_permits_per_second,adservices/sdksandbox_customized_sdk_context_enabled,configuration/namespace_to_package_mapping,constrain_display_apis/always_constrain_display_apis,constrain_display_apis/never_constrain_display_apis,constrain_display_apis/never_constrain_display_apis_all_packages,device_policy_manager/disable_resources_updatability,flipendo/default_savings_mode_launch,flipendo/essential_apps,flipendo/flipendo_enabled_launch,flipendo/grayscale_enabled_launch,flipendo/lever_ble_scanning_enabled_launch,flipendo/lever_hotspot_enabled_launch,flipendo/lever_work_profile_enabled_launch,flipendo/resuspend_delay_minutes,namespace/key,namespace1/key1,namespace1/key2,namespace2/key1,namespace2/key2,package_manager_service/incfs_default_timeouts,package_manager_service/known_digesters_list,privacy/location_access_check_periodic_interval_millis,rollback/enable_rollback_timeout,rollback/watchdog_explicit_health_check_enabled,rollback/watchdog_request_timeout_millis,rollback/watchdog_trigger_failure_count,rollback/watchdog_trigger_failure_duration_millis,rollback_boot/rollback_lifetime_in_millis,systemui/nas_generate_actions,systemui/nas_generate_replies,systemui/nas_max_messages_to_extract,systemui/nas_max_suggestions,testspace/another,testspace/flagname,textclassifier/config_updater_model_enabled,textclassifier/key,textclassifier/key2,textclassifier/manifest_url_annotator_en,textclassifier/manifest_url_annotator_ru,textclassifier/model_download_backoff_delay_in_millis,textclassifier/model_download_manager_enabled,textclassifier/multi_language_support_enabled,textclassifier/testing_locale_list_override,textclassifier/textclassifier_service_package_override,window_manager/enable_default_rescind_bal_privileges_from_pending_intent_sender,wrong/nas_generate_replies, exceeds system property max length.
03-04 17:51:15.758   629   629 E DeviceConfig: Parsing int failed for location_mode
03-04 23:26:57.398   629   807 E LazyAlarmStore: Removed TIME_TICK alarm
03-04 23:26:58.673   629   668 E DiscreteRegistry: Deleting file 1740505060612tl
03-04 23:26:58.676   629   668 E DiscreteRegistry: Deleting file 1740506609329tl
03-04 23:27:32.119  3399  4581 E CCTFlatFileLogStore: Failed to get boot count.
03-04 23:27:32.119  3399  4581 E CCTFlatFileLogStore: java.util.concurrent.TimeoutException: Timed out waiting for Task
03-04 23:27:32.119  3399  4581 E CCTFlatFileLogStore: 	at dzzc.o(:com.google.android.gms@250632038@25.06.32 (260800-724425688):53)
03-04 23:27:32.119  3399  4581 E CCTFlatFileLogStore: 	at com.google.android.gms.clearcut.store.FlatFileLogStore.B(:com.google.android.gms@250632038@25.06.32 (260800-724425688):21)
03-04 23:27:32.119  3399  4581 E CCTFlatFileLogStore: 	at aqtm.run(:com.google.android.gms@250632038@25.06.32 (260800-724425688):13)
03-04 23:27:32.119  3399  4581 E CCTFlatFileLogStore: 	at asua.c(:com.google.android.gms@250632038@25.06.32 (260800-724425688):50)
03-04 23:27:32.119  3399  4581 E CCTFlatFileLogStore: 	at asua.run(:com.google.android.gms@250632038@25.06.32 (260800-724425688):76)
03-04 23:27:32.119  3399  4581 E CCTFlatFileLogStore: 	at java.util.concurrent.ThreadPoolExecutor.runWorker(ThreadPoolExecutor.java:1145)
03-04 23:27:32.119  3399  4581 E CCTFlatFileLogStore: 	at java.util.concurrent.ThreadPoolExecutor$Worker.run(ThreadPoolExecutor.java:644)
03-04 23:27:32.119  3399  4581 E CCTFlatFileLogStore: 	at aszl.run(:com.google.android.gms@250632038@25.06.32 (260800-724425688):8)
03-04 23:27:32.119  3399  4581 E CCTFlatFileLogStore: 	at java.lang.Thread.run(Thread.java:1012)
03-04 23:27:38.784  4621  4870 E DataProcessor: abnormal entry list in the timestamp:Mar 04, 2025, 10:00:00
03-04 23:27:38.803  4621  4870 E DataProcessor: abnormal entry list in the timestamp:Mar 04, 2025, 11:00:00
03-04 23:27:38.804  4621  4870 E DataProcessor: abnormal entry list in the timestamp:Mar 04, 2025, 12:00:00
03-04 23:27:38.822  4621  4870 E DataProcessor: abnormal entry list in the timestamp:Mar 04, 2025, 13:00:00
03-04 23:27:38.838  4621  4870 E DataProcessor: abnormal entry list in the timestamp:Mar 04, 2025, 14:00:00
03-04 23:27:38.847  4621  4870 E DataProcessor: abnormal entry list in the timestamp:Mar 04, 2025, 15:00:00
03-04 23:27:38.854  4621  4870 E DataProcessor: abnormal entry list in the timestamp:Mar 04, 2025, 16:00:00
03-04 23:27:38.869  4621  4870 E DataProcessor: abnormal entry list in the timestamp:Mar 04, 2025, 17:00:00
03-04 23:27:38.869  4621  4870 E DataProcessor: abnormal entry list in the timestamp:Mar 04, 2025, 18:00:00
03-04 23:27:38.903  4621  4870 E DataProcessor: abnormal entry list in the timestamp:Mar 04, 2025, 19:00:00
03-04 23:27:38.903  4621  4870 E DataProcessor: abnormal entry list in the timestamp:Mar 04, 2025, 20:00:00
03-04 23:27:38.917  4621  4870 E DataProcessor: abnormal entry list in the timestamp:Mar 04, 2025, 21:00:00
03-04 23:27:38.929  4621  4870 E DataProcessor: abnormal entry list in the timestamp:Mar 04, 2025, 22:00:00
03-04 23:27:38.931  4621  4870 E DataProcessor: abnormal entry list in the timestamp:Mar 04, 2025, 23:00:00
03-04 23:27:41.285  3223  3223 E A       : onError
03-04 23:27:41.285  3223  3223 E A       : com.google.android.apps.gsa.shared.speech.b.l: errorCode: 65561, engine: 2
03-04 23:27:41.285  3223  3223 E A       : 	at com.google.android.apps.gsa.staticplugins.bp.a.f.a(PG:23)
03-04 23:27:41.285  3223  3223 E A       : 	at com.google.android.apps.gsa.s3.o.hi(PG:13)
03-04 23:27:41.285  3223  3223 E A       : 	at com.google.ci.g.a.f.e(PG:9)
03-04 23:27:41.285  3223  3223 E A       : 	at com.google.android.apps.gsa.speech.k.a.g.d(PG:162)
03-04 23:27:41.285  3223  3223 E A       : 	at com.google.android.apps.gsa.speech.k.a.g.iO(PG:26)
03-04 23:27:41.285  3223  3223 E A       : 	at com.google.android.apps.gsa.s3.p.c(PG:102)
03-04 23:27:41.285  3223  3223 E A       : 	at com.google.android.apps.gsa.s3.q.run(PG:1)
03-04 23:27:41.285  3223  3223 E A       : 	at java.util.concurrent.Executors$RunnableAdapter.call(Executors.java:487)
03-04 23:27:41.285  3223  3223 E A       : 	at java.util.concurrent.FutureTask.run(FutureTask.java:264)
03-04 23:27:41.285  3223  3223 E A       : 	at com.google.android.apps.gsa.shared.util.c.a.e.run(PG:12)
03-04 23:27:41.285  3223  3223 E A       : 	at com.google.android.apps.gsa.shared.util.c.a.bg.run(PG:3)
03-04 23:27:41.285  3223  3223 E A       : 	at com.google.android.apps.gsa.shared.util.c.a.bg.run(PG:3)
03-04 23:27:41.285  3223  3223 E A       : 	at java.util.concurrent.ThreadPoolExecutor.runWorker(ThreadPoolExecutor.java:1145)
03-04 23:27:41.285  3223  3223 E A       : 	at java.util.concurrent.ThreadPoolExecutor$Worker.run(ThreadPoolExecutor.java:644)
03-04 23:27:41.285  3223  3223 E A       : 	at java.lang.Thread.run(Thread.java:1012)
03-04 23:27:41.285  3223  3223 E A       : 	at com.google.android.apps.gsa.shared.util.c.a.l.run(PG:42)
03-04 23:27:41.285  3223  3223 E A       : Caused by: com.google.android.apps.gsa.shared.speech.b.n: errorCode: 65586, engine: 2
03-04 23:27:41.285  3223  3223 E A       : 	at com.google.android.apps.gsa.s3.o.hi(PG:6)
03-04 23:27:41.285  3223  3223 E A       : 	... 14 more
03-04 23:27:41.285  3223  3223 E A       : Caused by: com.google.android.apps.gsa.shared.speech.b.j: errorCode: 401, engine: 2
03-04 23:27:41.285  3223  3223 E A       : 	at com.google.android.apps.gsa.assistant.shared.n.i.b(PG:30)
03-04 23:27:41.285  3223  3223 E A       : 	at com.google.android.apps.gsa.s3.producers.j.hs(PG:11)
03-04 23:27:41.285  3223  3223 E A       : 	at com.google.android.apps.gsa.speech.k.a.g.d(PG:135)
03-04 23:27:41.285  3223  3223 E A       : 	... 12 more
03-04 23:27:45.310  1620  4958 E AndroidFutures: Synclet sync() failed for synckey: SyncKey[name=PhenotypeConfigSynclet]
03-04 23:27:45.310  1620  4958 E AndroidFutures: jxa
03-04 23:27:46.184  2175  2301 E gzac    : *~*~*~ Previous channel {0} was garbage collected without being shut down! ~*~*~*
03-04 23:27:46.184  2175  2301 E gzac    :     Make sure to call shutdown()/shutdownNow()
03-04 23:27:46.184  2175  2301 E gzac    : java.lang.RuntimeException: ManagedChannel allocation site
03-04 23:27:46.184  2175  2301 E gzac    : 	at gzab.<init>(:com.google.android.gms@250632038@25.06.32 (260800-724425688):21)
03-04 23:27:46.184  2175  2301 E gzac    : 	at gzac.<init>(:com.google.android.gms@250632038@25.06.32 (260800-724425688):10)
03-04 23:27:46.184  2175  2301 E gzac    : 	at gzaa.a(:com.google.android.gms@250632038@25.06.32 (260800-724425688):247)
03-04 23:27:46.184  2175  2301 E gzac    : 	at gyla.a(:com.google.android.gms@250632038@25.06.32 (260800-724425688):5)
03-04 23:27:46.184  2175  2301 E gzac    : 	at caeo.g(:com.google.android.gms@250632038@25.06.32 (260800-724425688):81)
03-04 23:27:46.184  2175  2301 E gzac    : 	at fqqx.a(:com.google.android.gms@250632038@25.06.32 (260800-724425688):219)
03-04 23:27:46.184  2175  2301 E gzac    : 	at ffop.a(:com.google.android.gms@250632038@25.06.32 (260800-724425688):13)
03-04 23:27:46.184  2175  2301 E gzac    : 	at fnlc.a(:com.google.android.gms@250632038@25.06.32 (260800-724425688):3)
03-04 23:27:46.184  2175  2301 E gzac    : 	at fnkd.run(:com.google.android.gms@250632038@25.06.32 (260800-724425688):19)
03-04 23:27:46.184  2175  2301 E gzac    : 	at fnle.run(:com.google.android.gms@250632038@25.06.32 (260800-724425688):5)
03-04 23:27:46.184  2175  2301 E gzac    : 	at asua.c(:com.google.android.gms@250632038@25.06.32 (260800-724425688):50)
03-04 23:27:46.184  2175  2301 E gzac    : 	at asua.run(:com.google.android.gms@250632038@25.06.32 (260800-724425688):76)
03-04 23:27:46.184  2175  2301 E gzac    : 	at java.util.concurrent.ThreadPoolExecutor.runWorker(ThreadPoolExecutor.java:1145)
03-04 23:27:46.184  2175  2301 E gzac    : 	at java.util.concurrent.ThreadPoolExecutor$Worker.run(ThreadPoolExecutor.java:644)
03-04 23:27:46.184  2175  2301 E gzac    : 	at aszl.run(:com.google.android.gms@250632038@25.06.32 (260800-724425688):8)
03-04 23:27:46.184  2175  2301 E gzac    : 	at java.lang.Thread.run(Thread.java:1012)
03-04 23:27:46.185  2175  2301 E gzac    : *~*~*~ Previous channel {0} was garbage collected without being shut down! ~*~*~*
03-04 23:27:46.185  2175  2301 E gzac    :     Make sure to call shutdown()/shutdownNow()
03-04 23:27:46.185  2175  2301 E gzac    : java.lang.RuntimeException: ManagedChannel allocation site
03-04 23:27:46.185  2175  2301 E gzac    : 	at gzab.<init>(:com.google.android.gms@250632038@25.06.32 (260800-724425688):21)
03-04 23:27:46.185  2175  2301 E gzac    : 	at gzac.<init>(:com.google.android.gms@250632038@25.06.32 (260800-724425688):10)
03-04 23:27:46.185  2175  2301 E gzac    : 	at gzaa.a(:com.google.android.gms@250632038@25.06.32 (260800-724425688):247)
03-04 23:27:46.185  2175  2301 E gzac    : 	at gyla.a(:com.google.android.gms@250632038@25.06.32 (260800-724425688):5)
03-04 23:27:46.185  2175  2301 E gzac    : 	at caeo.g(:com.google.android.gms@250632038@25.06.32 (260800-724425688):81)
03-04 23:27:46.185  2175  2301 E gzac    : 	at fqqx.a(:com.google.android.gms@250632038@25.06.32 (260800-724425688):219)
03-04 23:27:46.185  2175  2301 E gzac    : 	at ffop.a(:com.google.android.gms@250632038@25.06.32 (260800-724425688):13)
03-04 23:27:46.185  2175  2301 E gzac    : 	at fnlc.a(:com.google.android.gms@250632038@25.06.32 (260800-724425688):3)
03-04 23:27:46.185  2175  2301 E gzac    : 	at fnkd.run(:com.google.android.gms@250632038@25.06.32 (260800-724425688):19)
03-04 23:27:46.185  2175  2301 E gzac    : 	at fnle.run(:com.google.android.gms@250632038@25.06.32 (260800-724425688):5)
03-04 23:27:46.185  2175  2301 E gzac    : 	at asua.c(:com.google.android.gms@250632038@25.06.32 (260800-724425688):50)
03-04 23:27:46.185  2175  2301 E gzac    : 	at asua.run(:com.google.android.gms@250632038@25.06.32 (260800-724425688):76)
03-04 23:27:46.185  2175  2301 E gzac    : 	at java.util.concurrent.ThreadPoolExecutor.runWorker(ThreadPoolExecutor.java:1145)
03-04 23:27:46.185  2175  2301 E gzac    : 	at java.util.concurrent.ThreadPoolExecutor$Worker.run(ThreadPoolExecutor.java:644)
03-04 23:27:46.185  2175  2301 E gzac    : 	at aszl.run(:com.google.android.gms@250632038@25.06.32 (260800-724425688):8)
03-04 23:27:46.185  2175  2301 E gzac    : 	at java.lang.Thread.run(Thread.java:1012)
03-04 23:27:50.826   629  1267 E BiometricService: Enabled callback binder died
03-04 23:27:50.853   629  1842 E IPCThreadState: Binder transaction failure. id: 180194, BR_*: 29189, error: -22 (Invalid argument)
03-04 23:27:50.863   629  1267 E BiometricService: Enabled callback binder died
03-04 23:27:50.889   629  2574 E LockoutResetTracker: Callback binder died: android.os.BinderProxy@3eff046
03-04 23:27:50.914   629  1450 E LockoutResetTracker: Callback binder died: android.os.BinderProxy@77087a3
03-04 23:27:50.914   629  1450 E LockoutResetTracker: Removing dead callback for: com.android.systemui
03-04 23:27:50.914   629   667 E IPCThreadState: Binder transaction failure. id: 180198, BR_*: 29189, error: -22 (Invalid argument)
03-04 23:27:50.926   629  2574 E LockoutResetTracker: Removing dead callback for: com.android.systemui
03-04 23:27:51.011   629   682 E libprocessgroup: Failed to write 1 to /sys/fs/cgroup/uid_10181/pid_1173/cgroup.kill: No such file or directory
03-04 23:27:51.011   629   682 E libprocessgroup: Failed to open /sys/fs/cgroup/uid_10181/pid_1173/cgroup.procs: No such file or directory
03-04 23:27:51.048   629  1842 E ClientLifecycleManager: Failed to deliver pending transaction
03-04 23:27:51.048   629  1842 E ClientLifecycleManager: android.os.DeadObjectException
03-04 23:27:51.048   629  1842 E ClientLifecycleManager: 	at android.os.BinderProxy.transactNative(Native Method)
03-04 23:27:51.048   629  1842 E ClientLifecycleManager: 	at android.os.BinderProxy.transact(BinderProxy.java:586)
03-04 23:27:51.048   629  1842 E ClientLifecycleManager: 	at android.app.IApplicationThread$Stub$Proxy.scheduleTransaction(IApplicationThread.java:2020)
03-04 23:27:51.048   629  1842 E ClientLifecycleManager: 	at android.app.servertransaction.ClientTransaction.schedule(ClientTransaction.java:230)
03-04 23:27:51.048   629  1842 E ClientLifecycleManager: 	at com.android.server.wm.ClientLifecycleManager.scheduleTransaction(ClientLifecycleManager.java:81)
03-04 23:27:51.048   629  1842 E ClientLifecycleManager: 	at com.android.server.wm.ClientLifecycleManager.dispatchPendingTransactions(ClientLifecycleManager.java:187)
03-04 23:27:51.048   629  1842 E ClientLifecycleManager: 	at com.android.server.wm.RootWindowContainer.performSurfacePlacementNoTrace(RootWindowContainer.java:797)
03-04 23:27:51.048   629  1842 E ClientLifecycleManager: 	at com.android.server.wm.RootWindowContainer.performSurfacePlacement(RootWindowContainer.java:751)
03-04 23:27:51.048   629  1842 E ClientLifecycleManager: 	at com.android.server.wm.WindowSurfacePlacer.performSurfacePlacementLoop(WindowSurfacePlacer.java:177)
03-04 23:27:51.048   629  1842 E ClientLifecycleManager: 	at com.android.server.wm.WindowSurfacePlacer.performSurfacePlacement(WindowSurfacePlacer.java:126)
03-04 23:27:51.048   629  1842 E ClientLifecycleManager: 	at com.android.server.wm.WindowSurfacePlacer.performSurfacePlacement(WindowSurfacePlacer.java:115)
03-04 23:27:51.048   629  1842 E ClientLifecycleManager: 	at com.android.server.wm.WindowManagerService.postWindowRemoveCleanupLocked(WindowManagerService.java:2123)
03-04 23:27:51.048   629  1842 E ClientLifecycleManager: 	at com.android.server.wm.WindowState.removeImmediately(WindowState.java:2384)
03-04 23:27:51.048   629  1842 E ClientLifecycleManager: 	at com.android.server.wm.WindowState.removeIfPossible(WindowState.java:2510)
03-04 23:27:51.048   629  1842 E ClientLifecycleManager: 	at com.android.server.wm.Session.binderDied(Session.java:232)
03-04 23:27:51.048   629  1842 E ClientLifecycleManager: 	at android.os.IBinder$DeathRecipient.binderDied(IBinder.java:333)
03-04 23:27:51.048   629  1842 E ClientLifecycleManager: 	at android.os.BinderProxy.sendDeathNotice(BinderProxy.java:726)
03-04 23:27:51.051   629  1842 E WindowManager: Display reconfigured outside of a transition: Display{#0 state=ON size=1080x1920 ROTATION_0}
03-04 23:27:51.278   629   667 E TransitionController: Error requesting transition
03-04 23:27:51.278   629   667 E TransitionController: android.os.DeadObjectException
03-04 23:27:51.278   629   667 E TransitionController: 	at android.os.BinderProxy.transactNative(Native Method)
03-04 23:27:51.278   629   667 E TransitionController: 	at android.os.BinderProxy.transact(BinderProxy.java:586)
03-04 23:27:51.278   629   667 E TransitionController: 	at android.window.ITransitionPlayer$Stub$Proxy.requestStartTransition(ITransitionPlayer.java:210)
03-04 23:27:51.278   629   667 E TransitionController: 	at com.android.server.wm.TransitionController.requestStartTransition(TransitionController.java:778)
03-04 23:27:51.278   629   667 E TransitionController: 	at com.android.server.wm.TransitionController.requestTransitionIfNeeded(TransitionController.java:710)
03-04 23:27:51.278   629   667 E TransitionController: 	at com.android.server.wm.DisplayContent.requestTransitionAndLegacyPrepare(DisplayContent.java:5685)
03-04 23:27:51.278   629   667 E TransitionController: 	at com.android.server.wm.KeyguardController.setKeyguardShown(KeyguardController.java:242)
03-04 23:27:51.278   629   667 E TransitionController: 	at com.android.server.wm.ActivityTaskManagerService.lambda$setLockScreenShown$3(ActivityTaskManagerService.java:2998)
03-04 23:27:51.278   629   667 E TransitionController: 	at com.android.server.wm.ActivityTaskManagerService.$r8$lambda$gl_rL-Uj8MkGoxcvZAtiOobhr1U(ActivityTaskManagerService.java:0)
03-04 23:27:51.278   629   667 E TransitionController: 	at com.android.server.wm.ActivityTaskManagerService$$ExternalSyntheticLambda1.accept(R8$$SyntheticClass:0)
03-04 23:27:51.278   629   667 E TransitionController: 	at com.android.server.wm.RootWindowContainer.forAllDisplays(RootWindowContainer.java:1227)
03-04 23:27:51.278   629   667 E TransitionController: 	at com.android.server.wm.ActivityTaskManagerService.setLockScreenShown(ActivityTaskManagerService.java:2997)
03-04 23:27:51.278   629   667 E TransitionController: 	at com.android.server.policy.keyguard.KeyguardServiceDelegate$2.lambda$onServiceDisconnected$0(KeyguardServiceDelegate.java:236)
03-04 23:27:51.278   629   667 E TransitionController: 	at com.android.server.policy.keyguard.KeyguardServiceDelegate$2.$r8$lambda$h7EYra9ZqcgDbMLyIT41NbkG7wI(KeyguardServiceDelegate.java:0)
03-04 23:27:51.278   629   667 E TransitionController: 	at com.android.server.policy.keyguard.KeyguardServiceDelegate$2$$ExternalSyntheticLambda0.run(R8$$SyntheticClass:0)
03-04 23:27:51.278   629   667 E TransitionController: 	at android.os.Handler.handleCallback(Handler.java:959)
03-04 23:27:51.278   629   667 E TransitionController: 	at android.os.Handler.dispatchMessage(Handler.java:100)
03-04 23:27:51.278   629   667 E TransitionController: 	at android.os.Looper.loopOnce(Looper.java:232)
03-04 23:27:51.278   629   667 E TransitionController: 	at android.os.Looper.loop(Looper.java:317)
03-04 23:27:51.278   629   667 E TransitionController: 	at android.os.HandlerThread.run(HandlerThread.java:85)
03-04 23:27:51.278   629   667 E TransitionController: 	at com.android.server.ServiceThread.run(ServiceThread.java:46)
03-04 23:27:51.278   629   667 E TransitionController: 	at com.android.server.UiThread.run(UiThread.java:45)
03-04 23:27:51.295   629   670 E IPCThreadState: Binder transaction failure. id: 180508, BR_*: 29189, error: -22 (Invalid argument)
03-04 23:27:51.344   435   435 E BpTransactionCompletedListener: Failed to transact (-32)
03-04 23:27:51.390   629   669 E TransitionController: Trying to finish a non-playing transition TransitionRecord{b22c3cf id=7 type=TO_FRONT flags=0x840}
03-04 23:27:51.627   435   435 E BpTransactionCompletedListener: Failed to transact (-32)
03-04 23:27:54.222   629   629 E IPCThreadState: Binder transaction failure. id: 182813, BR_*: 29189, error: -22 (Invalid argument)
03-04 23:27:54.222   629   629 E IPCThreadState: Binder transaction failure. id: 182814, BR_*: 29189, error: -22 (Invalid argument)
03-04 23:27:54.279  4983  4983 E UdfpsOverlayInteractor: invalid pixelPitch: -1.0. Pixel pitch must be updated per device.
03-04 23:27:54.334   435   474 E EGL_emulation: eglQueryContext 3100  EGL_BAD_ATTRIBUTE
03-04 23:27:54.335   435   474 E EGL_emulation: tid 474: eglQueryContext(2161): error 0x3004 (EGL_BAD_ATTRIBUTE)
03-04 23:27:54.424   435   585 E HwcComposer: getDisplayDecorationSupport failed Status(-8, EX_SERVICE_SPECIFIC): '8: '
03-04 23:27:54.425   629  1452 E WifiService: Attempt to retrieve passpoint with invalid scanResult List
03-04 23:27:54.426   435   585 E HWComposer: getDisplayDecorationSupport: getDisplayDecorationSupport failed for display 4619827259835644672: Unsupported (8)
03-04 23:27:55.324   629  1264 E IPCThreadState: Binder transaction failure. id: 185323, BR_*: 29189, error: -22 (Invalid argument)
03-04 23:27:55.502  4983  4983 E OverviewProxyService: Failed to get overview proxy for disable flags.
03-04 23:27:55.637  4983  4983 E OverviewProxyService: Failed to get overview proxy for disable flags.
03-04 23:27:55.670   629  1454 E WindowManager: Display reconfigured outside of a transition: Display{#0 state=ON size=1080x1920 ROTATION_0}
03-04 23:27:55.953  4983  4983 E OverviewProxyService: Failed to get overview proxy for disable flags.
03-04 23:27:56.118  4983  4983 E BatteryInfoBroadcast: failed to register observer for remaining time
03-04 23:27:56.118  4983  4983 E BatteryInfoBroadcast: java.lang.SecurityException: Failed to find provider com.google.android.apps.turbo.estimated_time_remaining for user 0; expected to find a valid ContentProvider for this authority
03-04 23:27:56.118  4983  4983 E BatteryInfoBroadcast: 	at android.os.Parcel.createExceptionOrNull(Parcel.java:3242)
03-04 23:27:56.118  4983  4983 E BatteryInfoBroadcast: 	at android.os.Parcel.createException(Parcel.java:3226)
03-04 23:27:56.118  4983  4983 E BatteryInfoBroadcast: 	at android.os.Parcel.readException(Parcel.java:3209)
03-04 23:27:56.118  4983  4983 E BatteryInfoBroadcast: 	at android.os.Parcel.readException(Parcel.java:3151)
03-04 23:27:56.118  4983  4983 E BatteryInfoBroadcast: 	at android.content.IContentService$Stub$Proxy.registerContentObserver(IContentService.java:1040)
03-04 23:27:56.118  4983  4983 E BatteryInfoBroadcast: 	at android.content.ContentResolver.registerContentObserver(ContentResolver.java:2728)
03-04 23:27:56.118  4983  4983 E BatteryInfoBroadcast: 	at com.google.android.systemui.power.BatteryInfoBroadcast.registerObserver(go/retraceme 9e092c9c2386c99f14882b21706a041c35aea77d807a1528d7efcc93ed4a3601:9)
03-04 23:27:56.118  4983  4983 E BatteryInfoBroadcast: 	at com.google.android.systemui.power.BatteryInfoBroadcast.<init>(go/retraceme 9e092c9c2386c99f14882b21706a041c35aea77d807a1528d7efcc93ed4a3601:159)
03-04 23:27:56.118  4983  4983 E BatteryInfoBroadcast: 	at com.google.android.systemui.power.PowerNotificationWarningsGoogleImpl$$ExternalSyntheticLambda0.run(go/retraceme 9e092c9c2386c99f14882b21706a041c35aea77d807a1528d7efcc93ed4a3601:19)
03-04 23:27:56.118  4983  4983 E BatteryInfoBroadcast: 	at android.os.Handler.handleCallback(Handler.java:959)
03-04 23:27:56.118  4983  4983 E BatteryInfoBroadcast: 	at android.os.Handler.dispatchMessage(Handler.java:100)
03-04 23:27:56.118  4983  4983 E BatteryInfoBroadcast: 	at android.os.Looper.loopOnce(Looper.java:232)
03-04 23:27:56.118  4983  4983 E BatteryInfoBroadcast: 	at android.os.Looper.loop(Looper.java:317)
03-04 23:27:56.118  4983  4983 E BatteryInfoBroadcast: 	at android.app.ActivityThread.main(ActivityThread.java:8705)
03-04 23:27:56.118  4983  4983 E BatteryInfoBroadcast: 	at java.lang.reflect.Method.invoke(Native Method)
03-04 23:27:56.118  4983  4983 E BatteryInfoBroadcast: 	at com.android.internal.os.RuntimeInit$MethodAndArgsCaller.run(RuntimeInit.java:580)
03-04 23:27:56.118  4983  4983 E BatteryInfoBroadcast: 	at com.android.internal.os.ZygoteInit.main(ZygoteInit.java:886)
03-04 23:27:56.118  4983  4983 E BatteryInfoBroadcast: Caused by: android.os.RemoteException: Remote stack trace:
03-04 23:27:56.118  4983  4983 E BatteryInfoBroadcast: 	at com.android.server.content.ContentService.registerContentObserver(ContentService.java:379)
03-04 23:27:56.118  4983  4983 E BatteryInfoBroadcast: 	at android.content.IContentService$Stub.onTransact(IContentService.java:494)
03-04 23:27:56.118  4983  4983 E BatteryInfoBroadcast: 	at android.os.Binder.execTransactInternal(Binder.java:1505)
03-04 23:27:56.118  4983  4983 E BatteryInfoBroadcast: 	at android.os.Binder.execTransact(Binder.java:1444)
03-04 23:27:56.118  4983  4983 E BatteryInfoBroadcast: 
03-04 23:27:56.197   502  1271 E Codec2-ComponentInterface: We have a failed config
03-04 23:27:56.200   502  4970 E Codec2-ComponentInterface: We have a failed config
03-04 23:27:56.574   502  1290 E Codec2-ComponentInterface: We have a failed config
03-04 23:27:57.778  3399  3439 E WorkSourceUtil: Could not find package: gms_cast_prober
03-04 23:27:57.780  3399  3439 E WorkSourceUtil: Could not find package: gms_cast_prober
03-04 23:27:57.780  3399  3439 E WorkSourceUtil: Could not find package: gms_cast_prober
03-04 23:27:57.781  3399  3439 E WorkSourceUtil: Could not find package: gms_cast_prober
03-04 23:27:57.786  3399  3439 E WorkSourceUtil: Could not find package: gms_cast_prober
03-04 23:27:57.789  3399  3439 E WorkSourceUtil: Could not find package: gms_cast_prober
03-04 23:27:57.790  3399  3439 E WorkSourceUtil: Could not find package: gms_cast_prober
03-04 23:27:57.791  3399  3439 E WorkSourceUtil: Could not find package: gms_cast_prober
03-04 23:27:58.890  3223  5096 E chromium: [0304/232758.828063:ERROR:variations_seed_loader.cc(39)] Seed missing signature.
03-04 23:27:58.911  1531  5055 E OneSearchSuggestProvider: Unable to get suggestions from AGA
03-04 23:27:58.911  1531  5055 E OneSearchSuggestProvider: io.grpc.StatusRuntimeException: CANCELLED
03-04 23:27:58.911  1531  5055 E OneSearchSuggestProvider: 	at k3.e.a(go/retraceme 2855a437b73635ce9cad76b9289087e631bbb67fc90008a0da13d343a00e5041:77)
03-04 23:27:58.911  1531  5055 E OneSearchSuggestProvider: 	at i3.l.b(go/retraceme 2855a437b73635ce9cad76b9289087e631bbb67fc90008a0da13d343a00e5041:43)
03-04 23:27:58.911  1531  5055 E OneSearchSuggestProvider: 	at i3.l.a(go/retraceme 2855a437b73635ce9cad76b9289087e631bbb67fc90008a0da13d343a00e5041:27)
03-04 23:27:58.911  1531  5055 E OneSearchSuggestProvider: 	at i3.z.run(go/retraceme 2855a437b73635ce9cad76b9289087e631bbb67fc90008a0da13d343a00e5041:7)
03-04 23:27:58.911  1531  5055 E OneSearchSuggestProvider: 	at i3.m2.run(go/retraceme 2855a437b73635ce9cad76b9289087e631bbb67fc90008a0da13d343a00e5041:19)
03-04 23:27:58.911  1531  5055 E OneSearchSuggestProvider: 	at java.util.concurrent.ThreadPoolExecutor.runWorker(ThreadPoolExecutor.java:1145)
03-04 23:27:58.911  1531  5055 E OneSearchSuggestProvider: 	at java.util.concurrent.ThreadPoolExecutor$Worker.run(ThreadPoolExecutor.java:644)
03-04 23:27:58.911  1531  5055 E OneSearchSuggestProvider: 	at java.lang.Thread.run(Thread.java:1012)
03-04 23:27:59.211  5099  5099 E webview_service: Not starting debugger since process cannot load the jdwp agent.
03-04 23:27:59.657  5116  5116 E ocessService0:0: Not starting debugger since process cannot load the jdwp agent.
03-04 23:28:00.324  5154  5154 E .adservices.api: Not starting debugger since process cannot load the jdwp agent.
03-04 23:28:00.410  5162  5162 E iew:webview_apk: Not starting debugger since process cannot load the jdwp agent.
03-04 23:28:00.851  5154  5154 E adservices: Measurement API is disabled
03-04 23:28:00.852  5154  5154 E adservices: Measurement API is disabled
03-04 23:28:00.853  3223  4620 E adservices: onNullBinding android.adservices.MEASUREMENT_SERVICE
03-04 23:28:00.857  3223  5144 E adservices: Failed to bind to measurement service: com.android.adservices.shared.common.exception.ServiceUnavailableException: Service is not available.
03-04 23:28:14.125  3900  3900 E PhoneInterfaceManager: queryModemActivityInfo: invalid response
03-04 23:29:25.365   629  5198 E GnssPsdsDownloader: No Long-Term PSDS servers were specified in the GnssConfiguration
03-04 23:30:37.501   629   682 E libprocessgroup: Unable to remove cgroup /sys/fs/cgroup/uid_10164/pid_2008: Device or resource busy
03-04 23:30:37.899  3223  3223 E A       : onError
03-04 23:30:37.899  3223  3223 E A       : com.google.android.apps.gsa.shared.speech.b.l: errorCode: 65561, engine: 2
03-04 23:30:37.899  3223  3223 E A       : 	at com.google.android.apps.gsa.staticplugins.bp.a.f.a(PG:23)
03-04 23:30:37.899  3223  3223 E A       : 	at com.google.android.apps.gsa.s3.o.hi(PG:13)
03-04 23:30:37.899  3223  3223 E A       : 	at com.google.ci.g.a.f.e(PG:9)
03-04 23:30:37.899  3223  3223 E A       : 	at com.google.android.apps.gsa.speech.k.a.g.d(PG:162)
03-04 23:30:37.899  3223  3223 E A       : 	at com.google.android.apps.gsa.speech.k.a.g.iO(PG:26)
03-04 23:30:37.899  3223  3223 E A       : 	at com.google.android.apps.gsa.s3.p.c(PG:102)
03-04 23:30:37.899  3223  3223 E A       : 	at com.google.android.apps.gsa.s3.q.run(PG:1)
03-04 23:30:37.899  3223  3223 E A       : 	at java.util.concurrent.Executors$RunnableAdapter.call(Executors.java:487)
03-04 23:30:37.899  3223  3223 E A       : 	at java.util.concurrent.FutureTask.run(FutureTask.java:264)
03-04 23:30:37.899  3223  3223 E A       : 	at com.google.android.apps.gsa.shared.util.c.a.e.run(PG:12)
03-04 23:30:37.899  3223  3223 E A       : 	at com.google.android.apps.gsa.shared.util.c.a.bg.run(PG:3)
03-04 23:30:37.899  3223  3223 E A       : 	at com.google.android.apps.gsa.shared.util.c.a.bg.run(PG:3)
03-04 23:30:37.899  3223  3223 E A       : 	at java.util.concurrent.ThreadPoolExecutor.runWorker(ThreadPoolExecutor.java:1145)
03-04 23:30:37.899  3223  3223 E A       : 	at java.util.concurrent.ThreadPoolExecutor$Worker.run(ThreadPoolExecutor.java:644)
03-04 23:30:37.899  3223  3223 E A       : 	at java.lang.Thread.run(Thread.java:1012)
03-04 23:30:37.899  3223  3223 E A       : 	at com.google.android.apps.gsa.shared.util.c.a.l.run(PG:42)
03-04 23:30:37.899  3223  3223 E A       : Caused by: com.google.android.apps.gsa.shared.speech.b.n: errorCode: 65586, engine: 2
03-04 23:30:37.899  3223  3223 E A       : 	at com.google.android.apps.gsa.s3.o.hi(PG:6)
03-04 23:30:37.899  3223  3223 E A       : 	... 14 more
03-04 23:30:37.899  3223  3223 E A       : Caused by: com.google.android.apps.gsa.shared.speech.b.j: errorCode: 401, engine: 2
03-04 23:30:37.899  3223  3223 E A       : 	at com.google.android.apps.gsa.assistant.shared.n.i.b(PG:30)
03-04 23:30:37.899  3223  3223 E A       : 	at com.google.android.apps.gsa.s3.producers.j.hs(PG:11)
03-04 23:30:37.899  3223  3223 E A       : 	at com.google.android.apps.gsa.speech.k.a.g.d(PG:135)
03-04 23:30:37.899  3223  3223 E A       : 	... 12 more
03-04 23:30:38.508  2175  2406 E gzac    : *~*~*~ Previous channel {0} was garbage collected without being shut down! ~*~*~*
03-04 23:30:38.508  2175  2406 E gzac    :     Make sure to call shutdown()/shutdownNow()
03-04 23:30:38.508  2175  2406 E gzac    : java.lang.RuntimeException: ManagedChannel allocation site
03-04 23:30:38.508  2175  2406 E gzac    : 	at gzab.<init>(:com.google.android.gms@250632038@25.06.32 (260800-724425688):21)
03-04 23:30:38.508  2175  2406 E gzac    : 	at gzac.<init>(:com.google.android.gms@250632038@25.06.32 (260800-724425688):10)
03-04 23:30:38.508  2175  2406 E gzac    : 	at gzaa.a(:com.google.android.gms@250632038@25.06.32 (260800-724425688):247)
03-04 23:30:38.508  2175  2406 E gzac    : 	at gyla.a(:com.google.android.gms@250632038@25.06.32 (260800-724425688):5)
03-04 23:30:38.508  2175  2406 E gzac    : 	at caeo.g(:com.google.android.gms@250632038@25.06.32 (260800-724425688):81)
03-04 23:30:38.508  2175  2406 E gzac    : 	at fqqx.a(:com.google.android.gms@250632038@25.06.32 (260800-724425688):219)
03-04 23:30:38.508  2175  2406 E gzac    : 	at ffop.a(:com.google.android.gms@250632038@25.06.32 (260800-724425688):13)
03-04 23:30:38.508  2175  2406 E gzac    : 	at fnlc.a(:com.google.android.gms@250632038@25.06.32 (260800-724425688):3)
03-04 23:30:38.508  2175  2406 E gzac    : 	at fnkd.run(:com.google.android.gms@250632038@25.06.32 (260800-724425688):19)
03-04 23:30:38.508  2175  2406 E gzac    : 	at fnle.run(:com.google.android.gms@250632038@25.06.32 (260800-724425688):5)
03-04 23:30:38.508  2175  2406 E gzac    : 	at asua.c(:com.google.android.gms@250632038@25.06.32 (260800-724425688):50)
03-04 23:30:38.508  2175  2406 E gzac    : 	at asua.run(:com.google.android.gms@250632038@25.06.32 (260800-724425688):76)
03-04 23:30:38.508  2175  2406 E gzac    : 	at java.util.concurrent.ThreadPoolExecutor.runWorker(ThreadPoolExecutor.java:1145)
03-04 23:30:38.508  2175  2406 E gzac    : 	at java.util.concurrent.ThreadPoolExecutor$Worker.run(ThreadPoolExecutor.java:644)
03-04 23:30:38.508  2175  2406 E gzac    : 	at aszl.run(:com.google.android.gms@250632038@25.06.32 (260800-724425688):8)
03-04 23:30:38.508  2175  2406 E gzac    : 	at java.lang.Thread.run(Thread.java:1012)
03-04 23:30:39.087  5214  5214 E oid.apps.photos: Not starting debugger since process cannot load the jdwp agent.
03-04 23:30:49.072  5259  5259 E android.vending: Not starting debugger since process cannot load the jdwp agent.
03-04 23:30:51.228  3399  3607 E UsageReportingOptionsSt: INTERNAL_ERROR: setOptInOption should not be called while user is locked. [CONTEXT service_id=41 ]
03-04 23:30:51.254  5344  5344 E ding:background: Not starting debugger since process cannot load the jdwp agent.
03-04 23:36:52.945  3223  3223 E A       : onError
03-04 23:36:52.945  3223  3223 E A       : com.google.android.apps.gsa.shared.speech.b.l: errorCode: 65561, engine: 2
03-04 23:36:52.945  3223  3223 E A       : 	at com.google.android.apps.gsa.staticplugins.bp.a.f.a(PG:23)
03-04 23:36:52.945  3223  3223 E A       : 	at com.google.android.apps.gsa.s3.o.hi(PG:13)
03-04 23:36:52.945  3223  3223 E A       : 	at com.google.ci.g.a.f.e(PG:9)
03-04 23:36:52.945  3223  3223 E A       : 	at com.google.android.apps.gsa.speech.k.a.g.d(PG:162)
03-04 23:36:52.945  3223  3223 E A       : 	at com.google.android.apps.gsa.speech.k.a.g.iO(PG:26)
03-04 23:36:52.945  3223  3223 E A       : 	at com.google.android.apps.gsa.s3.p.c(PG:102)
03-04 23:36:52.945  3223  3223 E A       : 	at com.google.android.apps.gsa.s3.q.run(PG:1)
03-04 23:36:52.945  3223  3223 E A       : 	at java.util.concurrent.Executors$RunnableAdapter.call(Executors.java:487)
03-04 23:36:52.945  3223  3223 E A       : 	at java.util.concurrent.FutureTask.run(FutureTask.java:264)
03-04 23:36:52.945  3223  3223 E A       : 	at com.google.android.apps.gsa.shared.util.c.a.e.run(PG:12)
03-04 23:36:52.945  3223  3223 E A       : 	at com.google.android.apps.gsa.shared.util.c.a.bg.run(PG:3)
03-04 23:36:52.945  3223  3223 E A       : 	at com.google.android.apps.gsa.shared.util.c.a.bg.run(PG:3)
03-04 23:36:52.945  3223  3223 E A       : 	at java.util.concurrent.ThreadPoolExecutor.runWorker(ThreadPoolExecutor.java:1145)
03-04 23:36:52.945  3223  3223 E A       : 	at java.util.concurrent.ThreadPoolExecutor$Worker.run(ThreadPoolExecutor.java:644)
03-04 23:36:52.945  3223  3223 E A       : 	at java.lang.Thread.run(Thread.java:1012)
03-04 23:36:52.945  3223  3223 E A       : 	at com.google.android.apps.gsa.shared.util.c.a.l.run(PG:42)
03-04 23:36:52.945  3223  3223 E A       : Caused by: com.google.android.apps.gsa.shared.speech.b.n: errorCode: 65586, engine: 2
03-04 23:36:52.945  3223  3223 E A       : 	at com.google.android.apps.gsa.s3.o.hi(PG:6)
03-04 23:36:52.945  3223  3223 E A       : 	... 14 more
03-04 23:36:52.945  3223  3223 E A       : Caused by: com.google.android.apps.gsa.shared.speech.b.j: errorCode: 401, engine: 2
03-04 23:36:52.945  3223  3223 E A       : 	at com.google.android.apps.gsa.assistant.shared.n.i.b(PG:30)
03-04 23:36:52.945  3223  3223 E A       : 	at com.google.android.apps.gsa.s3.producers.j.hs(PG:11)
03-04 23:36:52.945  3223  3223 E A       : 	at com.google.android.apps.gsa.speech.k.a.g.d(PG:135)
03-04 23:36:52.945  3223  3223 E A       : 	... 12 more
03-04 23:39:25.422   629  5475 E GnssPsdsDownloader: No Long-Term PSDS servers were specified in the GnssConfiguration
03-04 23:40:00.597  5476  5476 E d.configupdater: Not starting debugger since process cannot load the jdwp agent.
03-04 23:40:00.599  5477  5477 E gs.intelligence: Not starting debugger since process cannot load the jdwp agent.
03-04 23:44:04.971  3149  5528 E PhFileGroupPop: Failed to add file group 
03-04 23:44:04.971  3149  5527 E PhFileGroupPop: Failed to add file group 
03-04 23:44:04.972  3149  5529 E MDD     : FileGroupManager: Trying to add expired group webref-model-local-index.
03-04 23:44:04.972  3149  5529 E PhFileGroupPop: Failed to add file group
03-04 23:44:04.972  3149  5529 E PhFileGroupPop: cxev
03-04 23:44:04.972  3149  5529 E PhFileGroupPop: 	at cxns.a(PG:941)
03-04 23:44:04.972  3149  5529 E PhFileGroupPop: 	at dkqe.a(PG:13)
03-04 23:44:04.972  3149  5529 E PhFileGroupPop: 	at dqoh.d(PG:3)
03-04 23:44:04.972  3149  5529 E PhFileGroupPop: 	at dqoj.run(PG:42)
03-04 23:44:04.972  3149  5529 E PhFileGroupPop: 	at dqso.run(PG:76)
03-04 23:44:04.972  3149  5529 E PhFileGroupPop: 	at crzm.run(PG:3)
03-04 23:44:04.972  3149  5529 E PhFileGroupPop: 	at java.util.concurrent.ThreadPoolExecutor.runWorker(ThreadPoolExecutor.java:1145)
03-04 23:44:04.972  3149  5529 E PhFileGroupPop: 	at java.util.concurrent.ThreadPoolExecutor$Worker.run(ThreadPoolExecutor.java:644)
03-04 23:44:04.972  3149  5529 E PhFileGroupPop: 	at cryq.run(PG:6)
03-04 23:44:04.972  3149  5529 E PhFileGroupPop: 	at java.lang.Thread.run(Thread.java:1012)
03-04 23:44:04.972  3149  5529 E PhFileGroupPop: 	at csaw.run(PG:64)
03-04 23:44:04.973  3149  5528 E PhFileGroupPop: Failed to add file group 
03-04 23:44:04.973  3149  5528 E PhFileGroupPop: Failed to add file group 
03-04 23:44:04.973  3149  5529 E MDD     : FileGroupManager: Trying to add expired group webref-model-local-index.
03-04 23:44:04.973  3149  5528 E PhFileGroupPop: Failed to add file group 
03-04 23:44:04.973  3149  5528 E PhFileGroupPop: Failed to add file group 
03-04 23:44:04.973  3149  5529 E PhFileGroupPop: Failed to add file group
03-04 23:44:04.973  3149  5529 E PhFileGroupPop: cxev
03-04 23:44:04.973  3149  5529 E PhFileGroupPop: 	at cxns.a(PG:941)
03-04 23:44:04.973  3149  5529 E PhFileGroupPop: 	at dkqe.a(PG:13)
03-04 23:44:04.973  3149  5529 E PhFileGroupPop: 	at dqoh.d(PG:3)
03-04 23:44:04.973  3149  5529 E PhFileGroupPop: 	at dqoj.run(PG:42)
03-04 23:44:04.973  3149  5529 E PhFileGroupPop: 	at dqso.run(PG:76)
03-04 23:44:04.973  3149  5529 E PhFileGroupPop: 	at crzm.run(PG:3)
03-04 23:44:04.973  3149  5529 E PhFileGroupPop: 	at java.util.concurrent.ThreadPoolExecutor.runWorker(ThreadPoolExecutor.java:1145)
03-04 23:44:04.973  3149  5529 E PhFileGroupPop: 	at java.util.concurrent.ThreadPoolExecutor$Worker.run(ThreadPoolExecutor.java:644)
03-04 23:44:04.973  3149  5529 E PhFileGroupPop: 	at cryq.run(PG:6)
03-04 23:44:04.973  3149  5529 E PhFileGroupPop: 	at java.lang.Thread.run(Thread.java:1012)
03-04 23:44:04.973  3149  5529 E PhFileGroupPop: 	at csaw.run(PG:64)
03-04 23:44:04.974  3149  5527 E PhFileGroupPop: Failed to add file group 
03-04 23:44:04.974  3149  5527 E PhFileGroupPop: Failed to add file group 
03-04 23:44:04.974  3149  5528 E PhFileGroupPop: Failed to add file group 
03-04 23:44:04.974  3149  5528 E PhFileGroupPop: Failed to add file group 
03-04 23:44:04.974  3149  5527 E PhFileGroupPop: Failed to add file group 
03-04 23:44:04.975  3149  5528 E PhFileGroupPop: Failed to add file group 
03-04 23:44:04.975  3149  5528 E PhFileGroupPop: Failed to add file group 
03-04 23:44:04.975  3149  5528 E PhFileGroupPop: Failed to add file group 
03-04 23:44:04.975  3149  5527 E PhFileGroupPop: Failed to add file group 
03-04 23:44:04.975  3149  5528 E PhFileGroupPop: Failed to add file group 
03-04 23:44:04.975  3149  5528 E PhFileGroupPop: Failed to add file group 
03-04 23:44:04.975  3149  5528 E PhFileGroupPop: Failed to add file group 
03-04 23:44:04.975  3149  5528 E PhFileGroupPop: Failed to add file group 
03-04 23:44:04.975  3149  5527 E PhFileGroupPop: Failed to add file group 
03-04 23:44:04.975  3149  5527 E PhFileGroupPop: Failed to add file group 
03-04 23:44:04.975  3149  5527 E PhFileGroupPop: Failed to add file group 
03-04 23:44:04.976  3149  5527 E PhFileGroupPop: Failed to add file group 
03-04 23:44:04.976  3149  5527 E PhFileGroupPop: Failed to add file group 
03-04 23:44:04.977  3149  5527 E PhFileGroupPop: Failed to add file group 
03-04 23:44:04.977  3149  5527 E PhFileGroupPop: Failed to add file group 
03-04 23:44:04.977  3149  5527 E PhFileGroupPop: Failed to add file group 
03-04 23:44:04.977  3149  5527 E PhFileGroupPop: Failed to add file group 
03-04 23:44:04.979  3149  5528 E PhFileGroupPop: Failed to add file group 
03-04 23:44:04.981  3149  5527 E PhFileGroupPop: Failed to add file group 
03-04 23:44:05.430  3149  5559 E GoogleApiManager: Failed to get service from broker. 
03-04 23:44:05.430  3149  5559 E GoogleApiManager: java.lang.SecurityException: Unknown calling package name 'com.google.android.gms'.
03-04 23:44:05.430  3149  5559 E GoogleApiManager: 	at android.os.Parcel.createExceptionOrNull(Parcel.java:3242)
03-04 23:44:05.430  3149  5559 E GoogleApiManager: 	at android.os.Parcel.createException(Parcel.java:3226)
03-04 23:44:05.430  3149  5559 E GoogleApiManager: 	at android.os.Parcel.readException(Parcel.java:3209)
03-04 23:44:05.430  3149  5559 E GoogleApiManager: 	at android.os.Parcel.readException(Parcel.java:3151)
03-04 23:44:05.430  3149  5559 E GoogleApiManager: 	at asdf.a(:com.google.android.gms@250632038@25.06.32 (260800-724425688):36)
03-04 23:44:05.430  3149  5559 E GoogleApiManager: 	at asbm.z(:com.google.android.gms@250632038@25.06.32 (260800-724425688):143)
03-04 23:44:05.430  3149  5559 E GoogleApiManager: 	at arje.run(:com.google.android.gms@250632038@25.06.32 (260800-724425688):54)
03-04 23:44:05.430  3149  5559 E GoogleApiManager: 	at android.os.Handler.handleCallback(Handler.java:959)
03-04 23:44:05.430  3149  5559 E GoogleApiManager: 	at android.os.Handler.dispatchMessage(Handler.java:100)
03-04 23:44:05.430  3149  5559 E GoogleApiManager: 	at bzbx.mz(:com.google.android.gms@250632038@25.06.32 (260800-724425688):1)
03-04 23:44:05.430  3149  5559 E GoogleApiManager: 	at bzbx.dispatchMessage(:com.google.android.gms@250632038@25.06.32 (260800-724425688):5)
03-04 23:44:05.430  3149  5559 E GoogleApiManager: 	at android.os.Looper.loopOnce(Looper.java:232)
03-04 23:44:05.430  3149  5559 E GoogleApiManager: 	at android.os.Looper.loop(Looper.java:317)
03-04 23:44:05.430  3149  5559 E GoogleApiManager: 	at android.os.HandlerThread.run(HandlerThread.java:85)
03-04 23:44:06.088  3149  5534 E PhFileGroupPop: Failed to add file group 
03-04 23:44:06.090  3149  5534 E PhFileGroupPop: Failed to add file group 
03-04 23:44:06.091  3149  5534 E PhFileGroupPop: Failed to add file group 
03-04 23:44:06.093  3149  5534 E PhFileGroupPop: Failed to add file group 
03-04 23:44:06.093  3149  5534 E PhFileGroupPop: Failed to add file group 
03-04 23:44:06.093  3149  5534 E PhFileGroupPop: Failed to add file group 
03-04 23:44:06.094  3149  5534 E PhFileGroupPop: Failed to add file group 
03-04 23:44:06.094  3149  5534 E PhFileGroupPop: Failed to add file group 
03-04 23:44:06.094  3149  5534 E PhFileGroupPop: Failed to add file group 
03-04 23:44:06.094  3149  5534 E PhFileGroupPop: Failed to add file group 
03-04 23:44:06.094  3149  5534 E PhFileGroupPop: Failed to add file group 
03-04 23:44:06.094  3149  5534 E PhFileGroupPop: Failed to add file group 
03-04 23:44:06.094  3149  5534 E PhFileGroupPop: Failed to add file group 
03-04 23:44:06.095  3149  5534 E PhFileGroupPop: Failed to add file group 
03-04 23:44:06.099  3149  5534 E PhFileGroupPop: Failed to add file group 
03-04 23:44:06.102  3149  5534 E MDD     : FileGroupManager: Trying to add expired group webref-model-local-index.
03-04 23:44:06.102  3149  5534 E PhFileGroupPop: Failed to add file group
03-04 23:44:06.102  3149  5534 E PhFileGroupPop: cxev
03-04 23:44:06.102  3149  5534 E PhFileGroupPop: 	at cxns.a(PG:941)
03-04 23:44:06.102  3149  5534 E PhFileGroupPop: 	at dkqe.a(PG:13)
03-04 23:44:06.102  3149  5534 E PhFileGroupPop: 	at dqoh.d(PG:3)
03-04 23:44:06.102  3149  5534 E PhFileGroupPop: 	at dqoj.run(PG:42)
03-04 23:44:06.102  3149  5534 E PhFileGroupPop: 	at dqso.run(PG:76)
03-04 23:44:06.102  3149  5534 E PhFileGroupPop: 	at crzm.run(PG:3)
03-04 23:44:06.102  3149  5534 E PhFileGroupPop: 	at java.util.concurrent.ThreadPoolExecutor.runWorker(ThreadPoolExecutor.java:1145)
03-04 23:44:06.102  3149  5534 E PhFileGroupPop: 	at java.util.concurrent.ThreadPoolExecutor$Worker.run(ThreadPoolExecutor.java:644)
03-04 23:44:06.102  3149  5534 E PhFileGroupPop: 	at cryq.run(PG:6)
03-04 23:44:06.102  3149  5534 E PhFileGroupPop: 	at java.lang.Thread.run(Thread.java:1012)
03-04 23:44:06.102  3149  5534 E PhFileGroupPop: 	at csaw.run(PG:64)
03-04 23:44:07.165  3149  5534 E PhFileGroupPop: Failed to add file group 
03-04 23:44:07.167  3149  5534 E PhFileGroupPop: Failed to add file group 
03-04 23:44:07.167  3149  5534 E PhFileGroupPop: Failed to add file group 
03-04 23:44:07.167  3149  5534 E PhFileGroupPop: Failed to add file group 
03-04 23:44:07.167  3149  5534 E PhFileGroupPop: Failed to add file group 
03-04 23:44:07.168  3149  5534 E PhFileGroupPop: Failed to add file group 
03-04 23:44:07.168  3149  5534 E PhFileGroupPop: Failed to add file group 
03-04 23:44:07.168  3149  5534 E PhFileGroupPop: Failed to add file group 
03-04 23:44:07.168  3149  5534 E PhFileGroupPop: Failed to add file group 
03-04 23:44:07.168  3149  5534 E PhFileGroupPop: Failed to add file group 
03-04 23:44:07.168  3149  5534 E PhFileGroupPop: Failed to add file group 
03-04 23:44:07.168  3149  5534 E PhFileGroupPop: Failed to add file group 
03-04 23:44:07.168  3149  5534 E PhFileGroupPop: Failed to add file group 
03-04 23:44:07.168  3149  5534 E PhFileGroupPop: Failed to add file group 
03-04 23:44:07.171  3149  5534 E PhFileGroupPop: Failed to add file group 
03-04 23:44:07.172  3149  5534 E MDD     : FileGroupManager: Trying to add expired group webref-model-local-index.
03-04 23:44:07.173  3149  5534 E PhFileGroupPop: Failed to add file group
03-04 23:44:07.173  3149  5534 E PhFileGroupPop: cxev
03-04 23:44:07.173  3149  5534 E PhFileGroupPop: 	at cxns.a(PG:941)
03-04 23:44:07.173  3149  5534 E PhFileGroupPop: 	at dkqe.a(PG:13)
03-04 23:44:07.173  3149  5534 E PhFileGroupPop: 	at dqoh.d(PG:3)
03-04 23:44:07.173  3149  5534 E PhFileGroupPop: 	at dqoj.run(PG:42)
03-04 23:44:07.173  3149  5534 E PhFileGroupPop: 	at dqso.run(PG:76)
03-04 23:44:07.173  3149  5534 E PhFileGroupPop: 	at crzm.run(PG:3)
03-04 23:44:07.173  3149  5534 E PhFileGroupPop: 	at java.util.concurrent.ThreadPoolExecutor.runWorker(ThreadPoolExecutor.java:1145)
03-04 23:44:07.173  3149  5534 E PhFileGroupPop: 	at java.util.concurrent.ThreadPoolExecutor$Worker.run(ThreadPoolExecutor.java:644)
03-04 23:44:07.173  3149  5534 E PhFileGroupPop: 	at cryq.run(PG:6)
03-04 23:44:07.173  3149  5534 E PhFileGroupPop: 	at java.lang.Thread.run(Thread.java:1012)
03-04 23:44:07.173  3149  5534 E PhFileGroupPop: 	at csaw.run(PG:64)
03-04 23:44:15.458  3149  5559 E GoogleApiManager: Failed to get service from broker. 
03-04 23:44:15.458  3149  5559 E GoogleApiManager: java.lang.SecurityException: Unknown calling package name 'com.google.android.gms'.
03-04 23:44:15.458  3149  5559 E GoogleApiManager: 	at android.os.Parcel.createExceptionOrNull(Parcel.java:3242)
03-04 23:44:15.458  3149  5559 E GoogleApiManager: 	at android.os.Parcel.createException(Parcel.java:3226)
03-04 23:44:15.458  3149  5559 E GoogleApiManager: 	at android.os.Parcel.readException(Parcel.java:3209)
03-04 23:44:15.458  3149  5559 E GoogleApiManager: 	at android.os.Parcel.readException(Parcel.java:3151)
03-04 23:44:15.458  3149  5559 E GoogleApiManager: 	at asdf.a(:com.google.android.gms@250632038@25.06.32 (260800-724425688):36)
03-04 23:44:15.458  3149  5559 E GoogleApiManager: 	at asbm.z(:com.google.android.gms@250632038@25.06.32 (260800-724425688):143)
03-04 23:44:15.458  3149  5559 E GoogleApiManager: 	at arje.run(:com.google.android.gms@250632038@25.06.32 (260800-724425688):54)
03-04 23:44:15.458  3149  5559 E GoogleApiManager: 	at android.os.Handler.handleCallback(Handler.java:959)
03-04 23:44:15.458  3149  5559 E GoogleApiManager: 	at android.os.Handler.dispatchMessage(Handler.java:100)
03-04 23:44:15.458  3149  5559 E GoogleApiManager: 	at bzbx.mz(:com.google.android.gms@250632038@25.06.32 (260800-724425688):1)
03-04 23:44:15.458  3149  5559 E GoogleApiManager: 	at bzbx.dispatchMessage(:com.google.android.gms@250632038@25.06.32 (260800-724425688):5)
03-04 23:44:15.458  3149  5559 E GoogleApiManager: 	at android.os.Looper.loopOnce(Looper.java:232)
03-04 23:44:15.458  3149  5559 E GoogleApiManager: 	at android.os.Looper.loop(Looper.java:317)
