--------- beginning of system
03-04 17:43:48.781   175   175 E vold    : Error getting bootctrl v1.0 module.
03-04 17:43:55.383   184   197 E keystore2: system/security/keystore2/src/maintenance.rs:203 - Call to earlyBootEnded failed for security level STRONGBOX: system/security/keystore2/src/maintenance.rs:178: getting keymint device.
03-04 17:43:55.383   184   197 E keystore2: system/security/keystore2/src/error.rs:171 - system/security/keystore2/src/maintenance.rs:178: getting keymint device
03-04 17:43:55.383   184   197 E keystore2: 
03-04 17:43:55.383   184   197 E keystore2: Caused by:
03-04 17:43:55.383   184   197 E keystore2:     0: system/security/keystore2/src/globals.rs:342: Cannot connect to Keymint
03-04 17:43:55.383   184   197 E keystore2:     1: system/security/keystore2/src/globals.rs:249: Trying to get Legacy wrapper. Attempt to get keystore compat service for security level r#STRONGBOX
03-04 17:43:55.383   184   197 E keystore2:     2: Error::Km(r#HARDWARE_TYPE_UNAVAILABLE)
03-04 17:43:55.384   175   175 E vold    : keystore2 Keystore earlyBootEnded returned service specific error: -68
--------- beginning of main
03-04 17:44:02.278   381   381 E kcmdlinectrl: Failed to read from misc: failed to find /misc partition
03-04 17:44:03.066   374   374 E TcUtils : NLMSG_ERROR message return error: -2
03-04 17:44:03.066   374   374 E TcUtils : NLMSG_ERROR message return error: -2
03-04 17:44:03.067   374   374 E TcUtils : NLMSG_ERROR message return error: -2
03-04 17:44:03.067   374   374 E TcUtils : NLMSG_ERROR message return error: -2
03-04 17:44:03.067   374   374 E TcUtils : NLMSG_ERROR message return error: -2
03-04 17:44:03.067   374   374 E TcUtils : NLMSG_ERROR message return error: -2
03-04 17:44:03.067   374   374 E TcUtils : NLMSG_ERROR message return error: -2
03-04 17:44:03.067   374   374 E TcUtils : NLMSG_ERROR message return error: -2
03-04 17:44:03.067   374   374 E TcUtils : NLMSG_ERROR message return error: -2
03-04 17:44:03.067   374   374 E TcUtils : NLMSG_ERROR message return error: -2
03-04 17:44:03.067   374   374 E TcUtils : NLMSG_ERROR message return error: -2
03-04 17:44:03.067   374   374 E TcUtils : NLMSG_ERROR message return error: -2
03-04 17:44:03.067   374   374 E TcUtils : NLMSG_ERROR message return error: -2
03-04 17:44:03.067   374   374 E TcUtils : NLMSG_ERROR message return error: -2
03-04 17:44:03.068   374   374 E TcUtils : NLMSG_ERROR message return error: -2
03-04 17:44:03.068   374   374 E TcUtils : NLMSG_ERROR message return error: -2
03-04 17:44:04.142   391   391 E SensorsMultiHal: Failed to load subHal config file: /odm/etc/sensors/hals.conf
03-04 17:44:04.353   427   427 E misctrl : Could not read misctrl message: failed to find /misc partition
03-04 17:44:04.354   427   427 E misctrl : Could not read reserved space: failed to find /misc partition
03-04 17:44:04.916   384   384 E LegacySupport: Could not get passthrough implementation for android.hardware.soundtrigger@2.3::ISoundTriggerHw/default.
03-04 17:44:04.916   384   384 E LegacySupport: Could not get passthrough implementation for android.hardware.soundtrigger@2.2::ISoundTriggerHw/default.
03-04 17:44:04.916   384   384 E LegacySupport: Could not get passthrough implementation for android.hardware.soundtrigger@2.1::ISoundTriggerHw/default.
03-04 17:44:04.917   384   384 E LegacySupport: Could not get passthrough implementation for android.hardware.soundtrigger@2.0::ISoundTriggerHw/default.
03-04 17:44:04.917   384   384 E LegacySupport: Could not get passthrough implementation for android.hardware.bluetooth.audio@2.2::IBluetoothAudioProvidersFactory/default.
03-04 17:44:04.918   384   384 E LegacySupport: Could not get passthrough implementation for android.hardware.bluetooth.audio@2.1::IBluetoothAudioProvidersFactory/default.
03-04 17:44:04.918   384   384 E LegacySupport: Could not get passthrough implementation for android.hardware.bluetooth.audio@2.0::IBluetoothAudioProvidersFactory/default.
03-04 17:44:04.918   384   384 E LegacySupport: Could not get passthrough implementation for android.hardware.bluetooth.a2dp@1.0::IBluetoothAudioOffload/default.
03-04 17:44:05.180   384   384 E audiohalservice: Failed to dlopen android.hardware.audio.sounddose-vendor-impl.so: dlopen failed: library "android.hardware.audio.sounddose-vendor-impl.so" not found
03-04 17:44:05.515   390   390 E Codec2-FilterWrapper: plugin not OK: -19
03-04 17:44:05.764   456   456 E bootstat: Failed to read /metadata/bootstat/persist.sys.boot.reason: No such file or directory
03-04 17:44:05.767   456   456 E bootstat: Failed to unlink /metadata/bootstat/persist.sys.boot.reason: No such file or directory
03-04 17:44:05.823   386   386 E GCH_CameraProvider: Initialize: HWL doesn't support vendor buffer allocation Function not implemented(-38)
03-04 17:44:05.938   479   479 E bt_vhci_forwarder: setTerminalRaw failed /dev/bluetooth0: Inappropriate ioctl for device
03-04 17:44:06.010   399   399 E RanchuHwc: start: failed to set Vsync thread priority: Invalid argument
03-04 17:44:06.057   435   435 E HwcComposer: getOverlaySupport failed Status(-8, EX_SERVICE_SPECIFIC): '8: '
03-04 17:44:06.084   435   435 E HwcComposer: getPerFrameMetadataKeys failed Status(-8, EX_SERVICE_SPECIFIC): '8: '
03-04 17:44:06.179   435   435 E HidlServiceManagement: Service android.frameworks.displayservice@1.0::IDisplayService/default must be in VINTF manifest in order to register/get.
03-04 17:44:06.179   435   435 E SurfaceFlinger: Did not register (deprecated) IDisplayService service.
03-04 17:44:06.302   417   417 E AudioFlinger: Function: getAudioPolicyConfig Line: 2493 Failed 
03-04 17:44:06.493   484   484 E CameraProviderManager: addDynamicDepthTags: Advertised depth exclusive tag but value is not present!
03-04 17:44:06.493   484   484 E cameraserver: AidlDeviceInfo3: Failed appending dynamic depth tags: Invalid argument (-22)
03-04 17:44:06.541   384   384 E android.hardware.audio@7.1-impl.ranchu: getPresentationPosition:510 failure: Result::INVALID_STATE
03-04 17:44:06.543   417   417 E APM_AudioPolicyManager: invalid volume index range
03-04 17:44:06.544   417   417 E APM_AudioPolicyManager: invalid volume index range
03-04 17:44:06.544   417   417 E APM_AudioPolicyManager: invalid volume index range
03-04 17:44:06.544   417   417 E APM_AudioPolicyManager: invalid volume index range
03-04 17:44:06.544   417   417 E APM_AudioPolicyManager: invalid volume index range
03-04 17:44:06.544   417   417 E APM_AudioPolicyManager: invalid volume index range
03-04 17:44:06.544   417   417 E APM_AudioPolicyManager: invalid volume index range
03-04 17:44:06.549   417   417 E APM_AudioPolicyManager: invalid volume index range
03-04 17:44:06.549   417   417 E APM_AudioPolicyManager: invalid volume index range
03-04 17:44:06.549   417   417 E APM_AudioPolicyManager: invalid volume index range
03-04 17:44:06.549   417   417 E APM_AudioPolicyManager: invalid volume index range
03-04 17:44:06.608   417   417 E APM_AudioPolicyManager: invalid volume index range
03-04 17:44:06.608   417   417 E APM_AudioPolicyManager: invalid volume index range
03-04 17:44:06.608   417   417 E APM_AudioPolicyManager: invalid volume index range
03-04 17:44:06.608   417   417 E APM_AudioPolicyManager: invalid volume index range
03-04 17:44:06.608   417   417 E APM_AudioPolicyManager: invalid volume index range
03-04 17:44:06.608   417   417 E APM_AudioPolicyManager: invalid volume index range
03-04 17:44:06.608   417   417 E APM_AudioPolicyManager: invalid volume index range
03-04 17:44:06.609   417   417 E APM_AudioPolicyManager: invalid volume index range
03-04 17:44:06.613   417   417 E APM_AudioPolicyManager: invalid volume index range
03-04 17:44:06.613   417   417 E APM_AudioPolicyManager: invalid volume index range
03-04 17:44:06.613   417   417 E APM_AudioPolicyManager: invalid volume index range
03-04 17:44:06.619   417   417 E APM_AudioPolicyManager: invalid volume index range
03-04 17:44:06.619   417   417 E APM_AudioPolicyManager: invalid volume index range
03-04 17:44:06.619   417   417 E APM_AudioPolicyManager: invalid volume index range
03-04 17:44:06.620   417   417 E APM_AudioPolicyManager: invalid volume index range
03-04 17:44:06.620   417   417 E APM_AudioPolicyManager: invalid volume index range
03-04 17:44:06.620   417   417 E APM_AudioPolicyManager: invalid volume index range
03-04 17:44:06.620   417   417 E APM_AudioPolicyManager: invalid volume index range
03-04 17:44:06.621   417   417 E APM_AudioPolicyManager: invalid volume index range
03-04 17:44:06.621   417   417 E APM_AudioPolicyManager: invalid volume index range
03-04 17:44:06.621   417   417 E APM_AudioPolicyManager: invalid volume index range
03-04 17:44:06.621   417   417 E APM_AudioPolicyManager: invalid volume index range
03-04 17:44:06.624   384   384 E android.hardware.audio@7.1-impl.ranchu: getPresentationPosition:510 failure: Result::INVALID_STATE
03-04 17:44:06.628   417   417 E APM_AudioPolicyManager: invalid volume index range
03-04 17:44:06.628   417   417 E APM_AudioPolicyManager: invalid volume index range
03-04 17:44:06.628   417   417 E APM_AudioPolicyManager: invalid volume index range
03-04 17:44:06.628   417   417 E APM_AudioPolicyManager: invalid volume index range
03-04 17:44:06.628   417   417 E APM_AudioPolicyManager: invalid volume index range
03-04 17:44:06.628   417   417 E APM_AudioPolicyManager: invalid volume index range
03-04 17:44:06.628   417   417 E APM_AudioPolicyManager: invalid volume index range
03-04 17:44:06.628   417   417 E APM_AudioPolicyManager: invalid volume index range
03-04 17:44:06.628   417   417 E APM_AudioPolicyManager: invalid volume index range
03-04 17:44:06.628   417   417 E APM_AudioPolicyManager: invalid volume index range
03-04 17:44:06.628   417   417 E APM_AudioPolicyManager: invalid volume index range
03-04 17:44:06.628   417   417 E APM_AudioPolicyManager: invalid volume index range
03-04 17:44:06.644   530   550 E emuglGLESv2_enc: hardware/google/gfxstream/guest/GLESv2_enc/GL2Encoder.cpp:s_glEnable:5047 GL error 0x500 condition [!GLESv2Validation::allowedEnable(ctx->majorVersion(), ctx->minorVersion(), what)]
03-04 17:44:10.376   375   375 E ActivityRecognitionHardware: activity_recognition HAL is deprecated. class_init is effectively a no-op
03-04 17:44:11.307   490   519 E ServiceUtilities: getInfo: Cannot find package_native
03-04 17:44:11.322   497   497 E storaged: getService package_native failed
03-04 17:44:16.503   375   375 E zygote64: Unable to find pattern file or unable to map it for am
03-04 17:44:16.605   497   601 E storaged: getService package_native failed
03-04 17:44:20.035   629   629 E system_server: Not starting debugger since process cannot load the jdwp agent.
03-04 17:44:21.947   629   629 E FileIntegrityService: Invalid certificate, ignored: java.security.cert.CertificateException: com.android.org.conscrypt.OpenSSLX509CertificateFactory$ParsingException: com.android.org.conscrypt.OpenSSLX509CertificateFactory$ParsingException: java.lang.RuntimeException: error:0c00006d:ASN.1 encoding routines:OPENSSL_internal:DECODE_ERROR
03-04 17:44:21.949   629   629 E FileIntegrityService: Invalid certificate, ignored: java.security.cert.CertificateException: com.android.org.conscrypt.OpenSSLX509CertificateFactory$ParsingException: com.android.org.conscrypt.OpenSSLX509CertificateFactory$ParsingException: java.lang.RuntimeException: error:0c00006d:ASN.1 encoding routines:OPENSSL_internal:DECODE_ERROR
03-04 17:44:21.988   629   629 E HidlServiceManagement: Service android.frameworks.stats@1.0::IStats/default must be in VINTF manifest in order to register/get.
03-04 17:44:22.072   629   629 E libpsi  : /proc/pressure/memory write failed for psi stall type 'some'; errno=22
03-04 17:44:22.072   629   629 E LowMemDetector: Failed to register psi trigger
03-04 17:44:22.188   629   688 E BatteryStatsService: Unable to load Power.Stats.HAL. Setting rail availability to false
03-04 17:44:22.193   629   688 E BluetoothAdapter: Bluetooth service is null
03-04 17:44:25.242   373   378 E statsd  : Uid 1000 does not have the android.permission.REGISTER_STATS_PULL_ATOM permission when registering atom 10205 (-1)
03-04 17:44:33.269   485   485 E idmap2d : no resources were overlaid
03-04 17:44:33.507   485   485 E idmap2d : failed to retrieve loaded package at index 0 -> failed to generate resource map for '/product/overlay/TelephonyProvider__emulator__auto_generated_characteristics_rro.apk'
03-04 17:44:35.230   485   485 E idmap2d : no resources were overlaid
03-04 17:44:35.885   485   768 E idmap2d : failed to retrieve loaded package at index 0 -> failed to generate resource map for '/product/overlay/TeleService__emulator__auto_generated_characteristics_rro.apk'
03-04 17:44:37.021   485   494 E idmap2d : failed to retrieve loaded package at index 0 -> failed to generate resource map for '/product/overlay/CompanionDeviceManager__emulator__auto_generated_characteristics_rro.apk'
03-04 17:44:38.507   629   688 E BluetoothAdapter: Bluetooth service is null
03-04 17:44:40.901   629   629 E system_server: Class descriptors 'com.android.server.inputflinger.IInputFlingerRust' match during associateClass, but they are different class objects (0x773bc61bee90 vs 0x773bc61d5210). Class descriptor collision?
03-04 17:44:40.905   629   629 E system_server: Class descriptors 'com.android.server.inputflinger.IInputFilter' match during associateClass, but they are different class objects (0x773bc61be530 vs 0x773bc61d5270). Class descriptor collision?
03-04 17:44:41.597   629   629 E DeviceStateManagerService: Cannot notify device state info change before the initial state has been committed.
03-04 17:44:43.050   629   629 E IntegrityFileManager: Error creating staging and rules directory
03-04 17:44:46.215   373   378 E statsd  : Uid 1000 does not have the android.permission.REGISTER_STATS_PULL_ATOM permission when registering atom 10110 (-1)
03-04 17:44:56.638   629   629 E SoundTriggerMiddlewareImpl: Failed to add a SoundTriggerModule instance
03-04 17:44:56.638   629   629 E SoundTriggerMiddlewareImpl: java.util.NoSuchElementException
03-04 17:44:56.638   629   629 E SoundTriggerMiddlewareImpl: 	at android.os.HwBinder.getService(Native Method)
03-04 17:44:56.638   629   629 E SoundTriggerMiddlewareImpl: 	at android.hardware.soundtrigger.V2_0.ISoundTriggerHw.getService(ISoundTriggerHw.java:57)
03-04 17:44:56.638   629   629 E SoundTriggerMiddlewareImpl: 	at android.hardware.soundtrigger.V2_0.ISoundTriggerHw.getService(ISoundTriggerHw.java:64)
03-04 17:44:56.638   629   629 E SoundTriggerMiddlewareImpl: 	at com.android.server.soundtrigger_middleware.DefaultHalFactory.create(DefaultHalFactory.java:76)
03-04 17:44:56.638   629   629 E SoundTriggerMiddlewareImpl: 	at com.android.server.soundtrigger_middleware.SoundTriggerModule.attachToHal(SoundTriggerModule.java:176)
03-04 17:44:56.638   629   629 E SoundTriggerMiddlewareImpl: 	at com.android.server.soundtrigger_middleware.SoundTriggerModule.<init>(SoundTriggerModule.java:105)
03-04 17:44:56.638   629   629 E SoundTriggerMiddlewareImpl: 	at com.android.server.soundtrigger_middleware.SoundTriggerMiddlewareImpl.<init>(SoundTriggerMiddlewareImpl.java:86)
03-04 17:44:56.638   629   629 E SoundTriggerMiddlewareImpl: 	at com.android.server.soundtrigger_middleware.SoundTriggerMiddlewareService$Lifecycle.onStart(SoundTriggerMiddlewareService.java:248)
03-04 17:44:56.638   629   629 E SoundTriggerMiddlewareImpl: 	at com.android.server.SystemServiceManager.startService(SystemServiceManager.java:280)
03-04 17:44:56.638   629   629 E SoundTriggerMiddlewareImpl: 	at com.android.server.SystemServiceManager.startService(SystemServiceManager.java:257)
03-04 17:44:56.638   629   629 E SoundTriggerMiddlewareImpl: 	at com.android.server.SystemServer.startOtherServices(SystemServer.java:2277)
03-04 17:44:56.638   629   629 E SoundTriggerMiddlewareImpl: 	at com.android.server.SystemServer.run(SystemServer.java:936)
03-04 17:44:56.638   629   629 E SoundTriggerMiddlewareImpl: 	at com.android.server.SystemServer.main(SystemServer.java:657)
03-04 17:44:56.638   629   629 E SoundTriggerMiddlewareImpl: 	at java.lang.reflect.Method.invoke(Native Method)
03-04 17:44:56.638   629   629 E SoundTriggerMiddlewareImpl: 	at com.android.internal.os.RuntimeInit$MethodAndArgsCaller.run(RuntimeInit.java:580)
03-04 17:44:56.638   629   629 E SoundTriggerMiddlewareImpl: 	at com.android.internal.os.ZygoteInit.main(ZygoteInit.java:864)
03-04 17:44:57.334   629   749 E UsbDeviceManager: connectToProxy: usb gadget hidl hal service not found.
03-04 17:44:57.334   629   749 E UsbDeviceManager: java.util.NoSuchElementException
03-04 17:44:57.334   629   749 E UsbDeviceManager: 	at android.os.HwBinder.getService(Native Method)
03-04 17:44:57.334   629   749 E UsbDeviceManager: 	at android.hardware.usb.gadget.V1_0.IUsbGadget.getService(IUsbGadget.java:57)
03-04 17:44:57.334   629   749 E UsbDeviceManager: 	at android.hardware.usb.gadget.V1_0.IUsbGadget.getService(IUsbGadget.java:64)
03-04 17:44:57.334   629   749 E UsbDeviceManager: 	at com.android.server.usb.hal.gadget.UsbGadgetHidl.isServicePresent(UsbGadgetHidl.java:128)
03-04 17:44:57.334   629   749 E UsbDeviceManager: 	at com.android.server.usb.hal.gadget.UsbGadgetHalInstance.getInstance(UsbGadgetHalInstance.java:39)
03-04 17:44:57.334   629   749 E UsbDeviceManager: 	at com.android.server.usb.UsbDeviceManager.<init>(UsbDeviceManager.java:319)
03-04 17:44:57.334   629   749 E UsbDeviceManager: 	at com.android.server.usb.UsbService.<init>(UsbService.java:198)
03-04 17:44:57.334   629   749 E UsbDeviceManager: 	at com.android.server.usb.UsbService$Lifecycle.lambda$onStart$0(UsbService.java:106)
03-04 17:44:57.334   629   749 E UsbDeviceManager: 	at com.android.server.usb.UsbService$Lifecycle.$r8$lambda$HIZVSW8uTg1XjWF6etZh-bC1WP4(UsbService.java:0)
03-04 17:44:57.334   629   749 E UsbDeviceManager: 	at com.android.server.usb.UsbService$Lifecycle$$ExternalSyntheticLambda0.run(R8$$SyntheticClass:0)
03-04 17:44:57.334   629   749 E UsbDeviceManager: 	at com.android.server.SystemServerInitThreadPool.lambda$submitTask$0(SystemServerInitThreadPool.java:107)
03-04 17:44:57.334   629   749 E UsbDeviceManager: 	at com.android.server.SystemServerInitThreadPool.$r8$lambda$KBkrFsHiqcxWyjNRg1WxRI4WNHA(SystemServerInitThreadPool.java:0)
03-04 17:44:57.334   629   749 E UsbDeviceManager: 	at com.android.server.SystemServerInitThreadPool$$ExternalSyntheticLambda1.run(R8$$SyntheticClass:0)
03-04 17:44:57.334   629   749 E UsbDeviceManager: 	at java.util.concurrent.Executors$RunnableAdapter.call(Executors.java:487)
03-04 17:44:57.334   629   749 E UsbDeviceManager: 	at java.util.concurrent.FutureTask.run(FutureTask.java:264)
03-04 17:44:57.334   629   749 E UsbDeviceManager: 	at java.util.concurrent.ThreadPoolExecutor.runWorker(ThreadPoolExecutor.java:1145)
03-04 17:44:57.334   629   749 E UsbDeviceManager: 	at java.util.concurrent.ThreadPoolExecutor$Worker.run(ThreadPoolExecutor.java:644)
03-04 17:44:57.334   629   749 E UsbDeviceManager: 	at com.android.internal.util.ConcurrentUtils$1$1.run(ConcurrentUtils.java:65)
03-04 17:44:57.334   629   749 E UsbPortManager: USB Gadget HAL AIDL/HIDL not present
03-04 17:44:57.334   629   749 E UsbDeviceManagerJNI: could not open control for mtp No such file or directory
03-04 17:44:57.334   629   749 E UsbDeviceManager: Failed to open control for mtp
03-04 17:44:57.335   629   749 E UsbDeviceManagerJNI: could not open control for ptp No such file or directory
03-04 17:44:57.335   629   749 E UsbDeviceManager: Failed to open control for ptp
03-04 17:44:57.339   629   749 E UsbDeviceManagerJNI: could not open /dev/usb_accessory
03-04 17:45:05.169   954   957 E fingerprint-service.ranchu: openFile:48 failure: open('/data/vendor_de/0/fpdata/sensor0.bin', output=0) failed with errno=2
03-04 17:45:06.115   629   629 E AutofillManagerServiceImpl: Bad service name: com.google.android.gms/.autofill.service.AutofillService
03-04 17:45:06.116   629   629 E RemoteAugmentedAutofillService: Bad service name for flags 1048704: com.google.android.as/com.google.android.apps.miphone.aiai.app.AiAiAugmentedAutofillService
03-04 17:45:07.274   629   672 E system_server: Could not open /dev/binderfs/binder_logs/transactions. Likely a permissions issue. errno: 2
03-04 17:45:07.274   629   672 E android.os.Debug: Failed to get binder state info for pid: 629 status: -2: No such file or directory
03-04 17:45:07.348   629   629 E DisplayPowerController2[0]: failed to set up display white-balance: java.lang.IllegalStateException: cannot find sensor com.google.sensor.color
03-04 17:45:07.430   629   629 E DeviceConfig: Parsing int failed for location_mode
03-04 17:45:10.657   629   683 E OomConnection: failed waiting for OOM events: java.lang.RuntimeException: listener failed waiting for OOM event
03-04 17:45:10.957   629   679 E AppWidgetManager: Notify service of inheritance info
03-04 17:45:10.957   629   679 E AppWidgetManager: java.lang.IllegalStateException: User 0 must be unlocked for widgets to be available
03-04 17:45:10.957   629   679 E AppWidgetManager: 	at com.android.server.appwidget.AppWidgetServiceImpl.ensureGroupStateLoadedLocked(AppWidgetServiceImpl.java:854)
03-04 17:45:10.957   629   679 E AppWidgetManager: 	at com.android.server.appwidget.AppWidgetServiceImpl.ensureGroupStateLoadedLocked(AppWidgetServiceImpl.java:848)
03-04 17:45:10.957   629   679 E AppWidgetManager: 	at com.android.server.appwidget.AppWidgetServiceImpl.getInstalledProvidersForProfile(AppWidgetServiceImpl.java:1960)
03-04 17:45:10.957   629   679 E AppWidgetManager: 	at android.appwidget.AppWidgetManager.getInstalledProvidersForProfile(AppWidgetManager.java:1021)
03-04 17:45:10.957   629   679 E AppWidgetManager: 	at android.appwidget.AppWidgetManager.getInstalledProvidersForPackage(AppWidgetManager.java:955)
03-04 17:45:10.957   629   679 E AppWidgetManager: 	at android.appwidget.AppWidgetManager.lambda$new$3(AppWidgetManager.java:553)
03-04 17:45:10.957   629   679 E AppWidgetManager: 	at android.appwidget.AppWidgetManager.$r8$lambda$WKLPyaeqLNLNb3560d7QJuq2DwQ(Unknown Source:0)
03-04 17:45:10.957   629   679 E AppWidgetManager: 	at android.appwidget.AppWidgetManager$$ExternalSyntheticLambda7.run(D8$$SyntheticClass:0)
03-04 17:45:10.957   629   679 E AppWidgetManager: 	at android.os.Handler.handleCallback(Handler.java:959)
03-04 17:45:10.957   629   679 E AppWidgetManager: 	at android.os.Handler.dispatchMessage(Handler.java:100)
03-04 17:45:10.957   629   679 E AppWidgetManager: 	at android.os.Looper.loopOnce(Looper.java:232)
03-04 17:45:10.957   629   679 E AppWidgetManager: 	at android.os.Looper.loop(Looper.java:317)
03-04 17:45:10.957   629   679 E AppWidgetManager: 	at android.os.HandlerThread.run(HandlerThread.java:85)
03-04 17:45:11.304   629   629 E TestHarnessModeService: Failed to start Test Harness Mode; no implementation of PersistentDataBlockManagerInternal was bound!
03-04 17:45:11.309   629   672 E system_server: Could not open /dev/binderfs/binder_logs/transactions. Likely a permissions issue. errno: 2
03-04 17:45:11.309   629   672 E android.os.Debug: Failed to get binder state info for pid: 384 status: -2: No such file or directory
03-04 17:45:11.912   996   996 E crash_dump64: failed to get the guest state header for thread 384: Bad address
03-04 17:45:11.943   996   996 E crash_dump64: failed to get the guest state header for thread 393: Bad address
03-04 17:45:11.952   629   872 E WifiConfigManager: Cannot find network with networkId -1 or configKey "AndroidWifi"NONE or upgradable security type check
03-04 17:45:11.952   996   996 E crash_dump64: failed to get the guest state header for thread 394: Bad address
03-04 17:45:11.953   996   996 E crash_dump64: failed to get the guest state header for thread 437: Bad address
03-04 17:45:11.953   996   996 E crash_dump64: failed to get the guest state header for thread 438: Bad address
03-04 17:45:11.960   629   872 E SupplicantStaIfaceHalAidlImpl: Can't call setDebugParams, ISupplicant is null
03-04 17:45:12.602   629   672 E system_server: Could not open /dev/binderfs/binder_logs/transactions. Likely a permissions issue. errno: 2
03-04 17:45:12.602   629   672 E android.os.Debug: Failed to get binder state info for pid: 385 status: -2: No such file or directory
03-04 17:45:12.763   629   629 E UserManagerService: Auto-lock preference updated but private space user not found
03-04 17:45:12.774  1009  1009 E crash_dump64: failed to get the guest state header for thread 385: Bad address
03-04 17:45:12.774  1009  1009 E crash_dump64: failed to get the guest state header for thread 442: Bad address
03-04 17:45:12.775  1009  1009 E crash_dump64: failed to get the guest state header for thread 443: Bad address
03-04 17:45:12.886   396   436 E IPCThreadState: binder thread pool (1 threads) starved for 101 ms
03-04 17:45:12.915   629   872 E WifiChipAidlImpl: getMode failed with service-specific exception: android.os.ServiceSpecificException:  (code 5)
03-04 17:45:12.917   396   436 E android.hardware.wifi-service: Unknown iface name: wlan0
03-04 17:45:12.917   396   436 E android.hardware.wifi-service: Unknown iface name: wlan0
03-04 17:45:13.047   629   872 E WifiChipAidlImpl: getMode failed with service-specific exception: android.os.ServiceSpecificException:  (code 5)
03-04 17:45:13.048   396  1012 E android.hardware.wifi-service: Unknown iface name: wlan0
03-04 17:45:13.048   396  1012 E android.hardware.wifi-service: Unknown iface name: wlan0
03-04 17:45:13.171   396   436 E android.hardware.wifi-service: Failed to register radio mode change callback
03-04 17:45:13.180   629   672 E system_server: Could not open /dev/binderfs/binder_logs/transactions. Likely a permissions issue. errno: 2
03-04 17:45:13.181   629   672 E android.os.Debug: Failed to get binder state info for pid: 386 status: -2: No such file or directory
03-04 17:45:13.182   396   436 E android.hardware.wifi-service: Failed to get SupportedIfaceCombinations matrix from legacy HAL: NOT_SUPPORTED
03-04 17:45:13.184   396   436 E IPCThreadState: binder thread pool (1 threads) starved for 131 ms
03-04 17:45:13.200   629   710 E DefaultPermGrantPolicy: Package not found: com.google.android.apps.pixelmigrate
03-04 17:45:13.201   629   710 E DefaultPermGrantPolicy: Package not found: com.google.android.adservices
03-04 17:45:13.201   629   710 E DefaultPermGrantPolicy: Package not found: com.google.android.apps.mediashell
03-04 17:45:13.202   629   710 E DefaultPermGrantPolicy: Package not found: com.google.android.apps.tips
03-04 17:45:13.203   629   710 E DefaultPermGrantPolicy: Package not found: com.google.android.apps.turbo
03-04 17:45:13.203   629   710 E DefaultPermGrantPolicy: Package not found: com.google.android.euicc
03-04 17:45:13.203   629   710 E DefaultPermGrantPolicy: Package not found: com.google.android.volta
03-04 17:45:13.346   396  1012 E android.hardware.wifi-service: Failed to set DFS flag; DFS channels may be unavailable.
03-04 17:45:13.366  1016  1016 E crash_dump64: failed to get the guest state header for thread 386: Bad address
03-04 17:45:13.366  1016  1016 E crash_dump64: failed to get the guest state header for thread 454: Bad address
03-04 17:45:13.368  1016  1016 E crash_dump64: failed to get the guest state header for thread 455: Bad address
03-04 17:45:13.567   396  1012 E android.hardware.wifi-service: Failed to get chip capabilities from legacy HAL: NOT_SUPPORTED
03-04 17:45:13.572   629   872 E WifiChipAidlImpl: getWifiChipCapabilities failed with service-specific exception: android.os.ServiceSpecificException:  (code 4)
03-04 17:45:14.053   629   872 E SupplicantStaIfaceHalAidlImpl: Can't call getKeyMgmtCapabilities, ISupplicantStaIface is null for iface=wlan0
03-04 17:45:14.055   629   672 E system_server: Could not open /dev/binderfs/binder_logs/transactions. Likely a permissions issue. errno: 2
03-04 17:45:14.055   629   672 E android.os.Debug: Failed to get binder state info for pid: 389 status: -2: No such file or directory
03-04 17:45:14.084   396  1012 E android.hardware.wifi-service: Failed to get SupportedRadioCombinations matrix from legacy HAL: NOT_SUPPORTED
03-04 17:45:14.085   629   872 E WifiChipAidlImpl: getSupportedRadioCombinations failed with service-specific exception: android.os.ServiceSpecificException:  (code 4)
03-04 17:45:14.086   629   872 E SupplicantStaIfaceHalAidlImpl: Can't call getWpaDriverCapabilities, ISupplicantStaIface is null for iface=wlan0
03-04 17:45:14.090   629   872 E WifiStaIfaceAidlImpl: getTwtCapabilities failed with service-specific exception: android.os.ServiceSpecificException:  (code 4)
03-04 17:45:14.091   629   872 E WifiChipAidlImpl: getUsableChannels failed with service-specific exception: android.os.ServiceSpecificException:  (code 4)
03-04 17:45:14.230   629   872 E WifiChipAidlImpl: enableStaChannelForPeerNetwork failed with service-specific exception: android.os.ServiceSpecificException:  (code 4)
03-04 17:45:14.241  1025  1025 E crash_dump64: failed to get the guest state header for thread 389: Bad address
03-04 17:45:15.199   629   672 E system_server: Could not open /dev/binderfs/binder_logs/transactions. Likely a permissions issue. errno: 2
03-04 17:45:15.199   629   672 E android.os.Debug: Failed to get binder state info for pid: 390 status: -2: No such file or directory
03-04 17:45:15.933   629   672 E system_server: Could not open /dev/binderfs/binder_logs/transactions. Likely a permissions issue. errno: 2
03-04 17:45:15.934   629   672 E android.os.Debug: Failed to get binder state info for pid: 391 status: -2: No such file or directory
03-04 17:45:16.035  1035  1035 E crash_dump64: failed to get the guest state header for thread 391: Bad address
03-04 17:45:16.090  1035  1035 E crash_dump64: failed to get the guest state header for thread 425: Bad address
03-04 17:45:16.092  1035  1035 E crash_dump64: failed to get the guest state header for thread 426: Bad address
03-04 17:45:16.093  1035  1035 E crash_dump64: failed to get the guest state header for thread 782: Bad address
03-04 17:45:16.098  1035  1035 E crash_dump64: failed to get the guest state header for thread 783: Bad address
03-04 17:45:16.271  1031  1031 E wpa_supplicant: nl80211: kernel reports: Registration to specific type not supported
03-04 17:45:16.275   629   672 E system_server: Could not open /dev/binderfs/binder_logs/transactions. Likely a permissions issue. errno: 2
03-04 17:45:16.275   629   672 E android.os.Debug: Failed to get binder state info for pid: 457 status: -2: No such file or directory
03-04 17:45:16.457  1045  1045 E crash_dump64: failed to get the guest state header for thread 457: Bad address
03-04 17:45:16.458  1045  1045 E crash_dump64: failed to get the guest state header for thread 469: Bad address
03-04 17:45:16.459  1045  1045 E crash_dump64: failed to get the guest state header for thread 470: Bad address
03-04 17:45:16.461   629   872 E WifiStaIfaceAidlImpl: getTwtCapabilities failed with service-specific exception: android.os.ServiceSpecificException:  (code 4)
03-04 17:45:16.462   629   872 E WifiChipAidlImpl: getUsableChannels failed with service-specific exception: android.os.ServiceSpecificException:  (code 4)
03-04 17:45:16.462  1045  1045 E crash_dump64: failed to get the guest state header for thread 1042: Bad address
03-04 17:45:16.570   629   629 E HealthConnectResContext: Attempted to fetch resources before Health Connect resources APK is loaded!
03-04 17:45:16.570   629   629 E HealthConnectResContext: java.lang.IllegalStateException
03-04 17:45:16.570   629   629 E HealthConnectResContext: 	at com.android.server.healthconnect.migration.notification.HealthConnectResourcesContext.resolvePackageInfo(HealthConnectResourcesContext.java:130)
03-04 17:45:16.570   629   629 E HealthConnectResContext: 	at com.android.server.healthconnect.migration.notification.HealthConnectResourcesContext.initialisePackageNames(HealthConnectResourcesContext.java:88)
03-04 17:45:16.570   629   629 E HealthConnectResContext: 	at com.android.server.healthconnect.migration.notification.HealthConnectResourcesContext.<init>(HealthConnectResourcesContext.java:83)
03-04 17:45:16.570   629   629 E HealthConnectResContext: 	at com.android.server.healthconnect.migration.notification.HealthConnectResourcesContext.<init>(HealthConnectResourcesContext.java:70)
03-04 17:45:16.570   629   629 E HealthConnectResContext: 	at com.android.server.healthconnect.migration.notification.MigrationNotificationFactory.<init>(MigrationNotificationFactory.java:108)
03-04 17:45:16.570   629   629 E HealthConnectResContext: 	at com.android.server.healthconnect.migration.notification.MigrationNotificationSender.<init>(MigrationNotificationSender.java:60)
03-04 17:45:16.570   629   629 E HealthConnectResContext: 	at com.android.server.healthconnect.HealthConnectManagerService.<init>(HealthConnectManagerService.java:100)
03-04 17:45:16.570   629   629 E HealthConnectResContext: 	at java.lang.reflect.Constructor.newInstance0(Native Method)
03-04 17:45:16.570   629   629 E HealthConnectResContext: 	at java.lang.reflect.Constructor.newInstance(Constructor.java:343)
03-04 17:45:16.570   629   629 E HealthConnectResContext: 	at com.android.server.SystemServiceManager.startService(SystemServiceManager.java:242)
03-04 17:45:16.570   629   629 E HealthConnectResContext: 	at com.android.server.SystemServiceManager.startService(SystemServiceManager.java:155)
03-04 17:45:16.570   629   629 E HealthConnectResContext: 	at com.android.server.SystemServer.startOtherServices(SystemServer.java:2991)
03-04 17:45:16.570   629   629 E HealthConnectResContext: 	at com.android.server.SystemServer.run(SystemServer.java:936)
03-04 17:45:16.570   629   629 E HealthConnectResContext: 	at com.android.server.SystemServer.main(SystemServer.java:657)
03-04 17:45:16.570   629   629 E HealthConnectResContext: 	at java.lang.reflect.Method.invoke(Native Method)
03-04 17:45:16.570   629   629 E HealthConnectResContext: 	at com.android.internal.os.RuntimeInit$MethodAndArgsCaller.run(RuntimeInit.java:580)
03-04 17:45:16.570   629   629 E HealthConnectResContext: 	at com.android.internal.os.ZygoteInit.main(ZygoteInit.java:864)
03-04 17:45:16.734   629   672 E system_server: Could not open /dev/binderfs/binder_logs/transactions. Likely a permissions issue. errno: 2
03-04 17:45:16.735   629   672 E android.os.Debug: Failed to get binder state info for pid: 397 status: -2: No such file or directory
03-04 17:45:16.940   629   878 E WifiStaIfaceAidlImpl: getBackgroundScanCapabilities failed with service-specific exception: android.os.ServiceSpecificException:  (code 4)
03-04 17:45:16.951  1053  1053 E crash_dump64: failed to get the guest state header for thread 397: Bad address
03-04 17:45:17.242   629   672 E system_server: Could not open /dev/binderfs/binder_logs/transactions. Likely a permissions issue. errno: 2
03-04 17:45:17.243   629   672 E android.os.Debug: Failed to get binder state info for pid: 399 status: -2: No such file or directory
03-04 17:45:17.397  1058  1058 E crash_dump64: failed to get the guest state header for thread 399: Bad address
03-04 17:45:17.401  1058  1058 E crash_dump64: failed to get the guest state header for thread 451: Bad address
03-04 17:45:17.401  1058  1058 E crash_dump64: failed to get the guest state header for thread 489: Bad address
03-04 17:45:17.402  1058  1058 E crash_dump64: failed to get the guest state header for thread 495: Bad address
03-04 17:45:17.413   629   872 E WifiChipAidlImpl: setMultiStaUseCase failed with service-specific exception: android.os.ServiceSpecificException:  (code 4)
03-04 17:45:17.414   629   872 E WifiChipAidlImpl: setMultiStaPrimaryConnection failed with service-specific exception: android.os.ServiceSpecificException:  (code 4)
03-04 17:45:17.761   629   672 E system_server: Could not open /dev/binderfs/binder_logs/transactions. Likely a permissions issue. errno: 2
03-04 17:45:17.761   629   672 E android.os.Debug: Failed to get binder state info for pid: 401 status: -2: No such file or directory
03-04 17:45:17.954  1068  1068 E crash_dump64: failed to get the guest state header for thread 401: Bad address
03-04 17:45:18.226   629   796 E NativeTombstoneManager: Tombstone's UID (1002) not an app, ignoring
03-04 17:45:18.271   629   672 E system_server: Could not open /dev/binderfs/binder_logs/transactions. Likely a permissions issue. errno: 2
03-04 17:45:18.271   629   672 E android.os.Debug: Failed to get binder state info for pid: 402 status: -2: No such file or directory
03-04 17:45:18.291   629   796 E NativeTombstoneManager: Tombstone's UID (1002) not an app, ignoring
03-04 17:45:18.302  1073  1073 E crash_dump64: failed to get the guest state header for thread 402: Bad address
03-04 17:45:18.519   629   672 E system_server: Could not open /dev/binderfs/binder_logs/transactions. Likely a permissions issue. errno: 2
03-04 17:45:18.519   629   672 E android.os.Debug: Failed to get binder state info for pid: 404 status: -2: No such file or directory
03-04 17:45:18.570   629   796 E NativeTombstoneManager: Tombstone's UID (1002) not an app, ignoring
03-04 17:45:18.583  1078  1078 E crash_dump64: failed to get the guest state header for thread 404: Bad address
03-04 17:45:18.586   629   796 E NativeTombstoneManager: Tombstone's UID (1002) not an app, ignoring
03-04 17:45:19.240   629   672 E system_server: Could not open /dev/binderfs/binder_logs/transactions. Likely a permissions issue. errno: 2
03-04 17:45:19.240   629   672 E android.os.Debug: Failed to get binder state info for pid: 405 status: -2: No such file or directory
03-04 17:45:19.419   629   796 E NativeTombstoneManager: Tombstone's UID (1002) not an app, ignoring
03-04 17:45:19.422  1085  1085 E crash_dump64: failed to get the guest state header for thread 405: Bad address
03-04 17:45:19.790   629   796 E NativeTombstoneManager: Tombstone's UID (1002) not an app, ignoring
03-04 17:45:19.949   629   796 E NativeTombstoneManager: Tombstone's UID (0) not an app, ignoring
03-04 17:45:19.950   629   672 E system_server: Could not open /dev/binderfs/binder_logs/transactions. Likely a permissions issue. errno: 2
03-04 17:45:19.950   629   672 E android.os.Debug: Failed to get binder state info for pid: 410 status: -2: No such file or directory
03-04 17:45:20.059   629   796 E NativeTombstoneManager: Tombstone's UID (0) not an app, ignoring
03-04 17:45:20.228  1090  1090 E crash_dump64: failed to get the guest state header for thread 410: Bad address
03-04 17:45:20.360   629   672 E system_server: Could not open /dev/binderfs/binder_logs/transactions. Likely a permissions issue. errno: 2
03-04 17:45:20.360   629   672 E android.os.Debug: Failed to get binder state info for pid: 411 status: -2: No such file or directory
03-04 17:45:20.522  1097  1097 E crash_dump64: failed to get the guest state header for thread 411: Bad address
03-04 17:45:20.773   629   672 E system_server: Could not open /dev/binderfs/binder_logs/transactions. Likely a permissions issue. errno: 2
03-04 17:45:20.773   629   672 E android.os.Debug: Failed to get binder state info for pid: 156 status: -2: No such file or directory
03-04 17:45:20.986  1104  1104 E crash_dump64: failed to get the guest state header for thread 156: Bad address
03-04 17:45:21.166   629   672 E system_server: Could not open /dev/binderfs/binder_logs/transactions. Likely a permissions issue. errno: 2
03-04 17:45:21.166   629   672 E android.os.Debug: Failed to get binder state info for pid: 414 status: -2: No such file or directory
03-04 17:45:21.209  1109  1109 E crash_dump64: failed to get the guest state header for thread 414: Bad address
03-04 17:45:21.836   629   672 E system_server: Could not open /dev/binderfs/binder_logs/transactions. Likely a permissions issue. errno: 2
03-04 17:45:21.837   629   672 E android.os.Debug: Failed to get binder state info for pid: 416 status: -2: No such file or directory
03-04 17:45:21.869  1114  1114 E crash_dump64: failed to get the guest state header for thread 416: Bad address
03-04 17:45:22.481   629   672 E system_server: Could not open /dev/binderfs/binder_logs/transactions. Likely a permissions issue. errno: 2
03-04 17:45:22.481   629   672 E android.os.Debug: Failed to get binder state info for pid: 417 status: -2: No such file or directory
03-04 17:45:22.825  1121  1121 E crash_dump64: failed to get the guest state header for thread 417: Bad address
03-04 17:45:22.935  1121  1121 E crash_dump64: failed to get the guest state header for thread 472: Bad address
03-04 17:45:23.545  1121  1121 E crash_dump64: failed to get the guest state header for thread 473: Bad address
03-04 17:45:23.550  1121  1121 E crash_dump64: failed to get the guest state header for thread 480: Bad address
03-04 17:45:23.688  1121  1121 E crash_dump64: failed to get the guest state header for thread 481: Bad address
03-04 17:45:23.689  1121  1121 E crash_dump64: failed to get the guest state header for thread 482: Bad address
03-04 17:45:23.689  1121  1121 E crash_dump64: failed to get the guest state header for thread 531: Bad address
03-04 17:45:23.690  1121  1121 E crash_dump64: failed to get the guest state header for thread 532: Bad address
03-04 17:45:23.690  1121  1121 E crash_dump64: failed to get the guest state header for thread 543: Bad address
03-04 17:45:23.694  1121  1121 E crash_dump64: failed to get the guest state header for thread 549: Bad address
03-04 17:45:23.702  1121  1121 E crash_dump64: failed to get the guest state header for thread 555: Bad address
03-04 17:45:23.703  1121  1121 E crash_dump64: failed to get the guest state header for thread 756: Bad address
03-04 17:45:24.435   629   672 E system_server: Could not open /dev/binderfs/binder_logs/transactions. Likely a permissions issue. errno: 2
03-04 17:45:24.435   629   672 E android.os.Debug: Failed to get binder state info for pid: 484 status: -2: No such file or directory
03-04 17:45:24.707  1135  1135 E crash_dump64: failed to get the guest state header for thread 484: Bad address
03-04 17:45:24.709  1135  1135 E crash_dump64: failed to get the guest state header for thread 535: Bad address
03-04 17:45:24.713  1135  1135 E crash_dump64: failed to get the guest state header for thread 536: Bad address
03-04 17:45:24.714  1135  1135 E crash_dump64: failed to get the guest state header for thread 546: Bad address
03-04 17:45:24.715  1135  1135 E crash_dump64: failed to get the guest state header for thread 547: Bad address
03-04 17:45:24.722  1135  1135 E crash_dump64: failed to get the guest state header for thread 548: Bad address
03-04 17:45:24.725  1135  1135 E crash_dump64: failed to get the guest state header for thread 1133: Bad address
03-04 17:45:24.928   629   672 E system_server: Could not open /dev/binderfs/binder_logs/transactions. Likely a permissions issue. errno: 2
03-04 17:45:24.928   629   672 E android.os.Debug: Failed to get binder state info for pid: 488 status: -2: No such file or directory
03-04 17:45:25.072   629   672 E system_server: Could not open /dev/binderfs/binder_logs/transactions. Likely a permissions issue. errno: 2
03-04 17:45:25.072   629   672 E android.os.Debug: Failed to get binder state info for pid: 490 status: -2: No such file or directory
03-04 17:45:25.221  1142  1142 E crash_dump64: failed to get the guest state header for thread 490: Bad address
03-04 17:45:25.225  1142  1142 E crash_dump64: failed to get the guest state header for thread 517: Bad address
03-04 17:45:25.225  1142  1142 E crash_dump64: failed to get the guest state header for thread 519: Bad address
03-04 17:45:25.226  1142  1142 E crash_dump64: failed to get the guest state header for thread 598: Bad address
03-04 17:45:25.229  1142  1142 E crash_dump64: failed to get the guest state header for thread 599: Bad address
03-04 17:45:25.230  1142  1142 E crash_dump64: failed to get the guest state header for thread 600: Bad address
03-04 17:45:25.231  1142  1142 E crash_dump64: failed to get the guest state header for thread 604: Bad address
03-04 17:45:25.232  1142  1142 E crash_dump64: failed to get the guest state header for thread 912: Bad address
03-04 17:45:25.338  1142  1142 E crash_dump64: failed to get the guest state header for thread 913: Bad address
03-04 17:45:25.338  1142  1142 E crash_dump64: failed to get the guest state header for thread 914: Bad address
03-04 17:45:25.352  1142  1142 E crash_dump64: failed to get the guest state header for thread 923: Bad address
03-04 17:45:25.617   629   672 E system_server: Could not open /dev/binderfs/binder_logs/transactions. Likely a permissions issue. errno: 2
03-04 17:45:25.617   629   672 E android.os.Debug: Failed to get binder state info for pid: 491 status: -2: No such file or directory
03-04 17:45:25.670  1151  1151 E crash_dump64: failed to get the guest state header for thread 491: Bad address
03-04 17:45:25.671  1151  1151 E crash_dump64: failed to get the guest state header for thread 523: Bad address
03-04 17:45:25.677  1151  1151 E crash_dump64: failed to get the guest state header for thread 1149: Bad address
03-04 17:45:25.848   629   672 E system_server: Could not open /dev/binderfs/binder_logs/transactions. Likely a permissions issue. errno: 2
03-04 17:45:25.848   629   672 E android.os.Debug: Failed to get binder state info for pid: 175 status: -2: No such file or directory
03-04 17:45:25.968   491   491 E OmxInfoBuilder: Cannot find an IOmxStore service.
03-04 17:45:26.115  1159  1159 F crash_dump64: crash_dump.cpp:627] failed to attach to thread 175: Permission denied
--------- beginning of crash
03-04 17:45:26.157   175   175 F libc    : crash_dump helper failed to exec, or was killed
03-04 17:45:26.181   629   672 E system_server: Could not open /dev/binderfs/binder_logs/transactions. Likely a permissions issue. errno: 2
03-04 17:45:26.182   629   672 E android.os.Debug: Failed to get binder state info for pid: 435 status: -2: No such file or directory
03-04 17:45:26.399  1164  1164 E crash_dump64: failed to get the guest state header for thread 435: Bad address
03-04 17:45:26.449  1164  1164 E crash_dump64: failed to get the guest state header for thread 466: Bad address
03-04 17:45:26.450  1164  1164 E crash_dump64: failed to get the guest state header for thread 467: Bad address
03-04 17:45:26.451  1164  1164 E crash_dump64: failed to get the guest state header for thread 468: Bad address
03-04 17:45:26.456  1164  1164 E crash_dump64: failed to get the guest state header for thread 474: Bad address
03-04 17:45:26.457  1164  1164 E crash_dump64: failed to get the guest state header for thread 505: Bad address
03-04 17:45:26.457  1164  1164 E crash_dump64: failed to get the guest state header for thread 512: Bad address
03-04 17:45:26.458  1164  1164 E crash_dump64: failed to get the guest state header for thread 513: Bad address
03-04 17:45:26.458  1164  1164 E crash_dump64: failed to get the guest state header for thread 514: Bad address
03-04 17:45:26.460  1164  1164 E crash_dump64: failed to get the guest state header for thread 515: Bad address
03-04 17:45:26.460  1164  1164 E crash_dump64: failed to get the guest state header for thread 516: Bad address
03-04 17:45:26.461  1164  1164 E crash_dump64: failed to get the guest state header for thread 518: Bad address
03-04 17:45:26.529  1164  1164 E crash_dump64: failed to get the guest state header for thread 520: Bad address
03-04 17:45:26.534  1164  1164 E crash_dump64: failed to get the guest state header for thread 522: Bad address
03-04 17:45:26.553  1164  1164 E crash_dump64: failed to get the guest state header for thread 565: Bad address
03-04 17:45:26.553  1164  1164 E crash_dump64: failed to get the guest state header for thread 585: Bad address
03-04 17:45:26.557  1164  1164 E crash_dump64: failed to get the guest state header for thread 586: Bad address
03-04 17:45:26.939   629   629 E BitmapFactory: Unable to decode file: java.io.FileNotFoundException: /data/system/users/0/wallpaper_orig: open failed: ENOENT (No such file or directory)
03-04 17:45:26.940   629   629 E WallpaperCropper: Unable to apply new wallpaper
03-04 17:45:27.224   629   672 E system_server: Could not open /dev/binderfs/binder_logs/transactions. Likely a permissions issue. errno: 2
03-04 17:45:27.224   629   672 E android.os.Debug: Failed to get binder state info for pid: 373 status: -2: No such file or directory
03-04 17:45:27.408  1181  1181 E crash_dump64: failed to get the guest state header for thread 373: Bad address
03-04 17:45:27.418  1181  1181 E crash_dump64: failed to get the guest state header for thread 376: Bad address
03-04 17:45:27.419  1181  1181 E crash_dump64: failed to get the guest state header for thread 377: Bad address
03-04 17:45:27.419  1181  1181 E crash_dump64: failed to get the guest state header for thread 378: Bad address
03-04 17:45:27.422  1181  1181 E crash_dump64: failed to get the guest state header for thread 379: Bad address
03-04 17:45:27.422  1181  1181 E crash_dump64: failed to get the guest state header for thread 380: Bad address
03-04 17:45:27.423  1181  1181 E crash_dump64: failed to get the guest state header for thread 1004: Bad address
03-04 17:45:27.627   629   672 E ActivityManager: Aborting stack trace dump (current native pid=373); deadline exceeded.
03-04 17:45:27.834   629   781 E AppOps  : Bad call made by uid 1000. Package "android" does not belong to uid 1037.
03-04 17:45:27.848   629   781 E AppOps  : Cannot checkOperation: non-application UID 1037
03-04 17:45:27.983  1201  1201 E WebViewLoader-x: Not starting debugger since process cannot load the jdwp agent.
03-04 17:45:28.946   629  1202 E WebViewUpdateServiceImpl2: Timed out waiting for relro creation, relros started 1 relros finished 0 package dirty? false
