03-04 17:48:37.163   629  3566 E ActivityManager: full avg10=0.16 avg60=0.19 avg300=0.07 total=713688
03-04 17:48:37.163   629  3566 E ActivityManager: ----- End output from /proc/pressure/memory -----
03-04 17:48:37.163   629  3566 E ActivityManager: ----- Output from /proc/pressure/cpu -----
03-04 17:48:37.163   629  3566 E ActivityManager: some avg10=82.57 avg60=80.13 avg300=44.69 total=192675025
03-04 17:48:37.163   629  3566 E ActivityManager: full avg10=0.00 avg60=0.00 avg300=0.00 total=0
03-04 17:48:37.163   629  3566 E ActivityManager: ----- End output from /proc/pressure/cpu -----
03-04 17:48:37.163   629  3566 E ActivityManager: ----- Output from /proc/pressure/io -----
03-04 17:48:37.163   629  3566 E ActivityManager: some avg10=20.21 avg60=23.16 avg300=14.09 total=64311539
03-04 17:48:37.163   629  3566 E ActivityManager: full avg10=1.37 avg60=1.69 avg300=2.00 total=13023109
03-04 17:48:37.163   629  3566 E ActivityManager: ----- End output from /proc/pressure/io -----
03-04 17:48:37.163   629  3566 E ActivityManager: 
03-04 17:48:37.163   629  3566 E ActivityManager: CPU usage from 23535ms to -78ms ago (2025-03-04 17:48:09.492 to 2025-03-04 17:48:33.105):
03-04 17:48:37.163   629  3566 E ActivityManager:   70% 629/system_server: 16% user + 54% kernel / faults: 6100 minor
03-04 17:48:37.163   629  3566 E ActivityManager:   48% 3223/com.google.android.googlequicksearchbox:search: 19% user + 29% kernel / faults: 8705 minor 14 major
03-04 17:48:37.163   629  3566 E ActivityManager:   42% 3149/com.google.android.apps.messaging: 15% user + 26% kernel / faults: 11440 minor 20 major
03-04 17:48:37.163   629  3566 E ActivityManager:   34% 3256/com.android.vending: 10% user + 23% kernel / faults: 8246 minor 317 major
03-04 17:48:37.163   629  3566 E ActivityManager:   30% 2944/com.google.android.googlequicksearchbox:interactor: 13% user + 16% kernel / faults: 3582 minor 14 major
03-04 17:48:37.163   629  3566 E ActivityManager:   13% 2175/zygote64: 6.4% user + 7.4% kernel / faults: 3942 minor 50 major
03-04 17:48:37.163   629  3566 E ActivityManager:   10% 1620/com.google.android.apps.wellbeing: 2.8% user + 7.1% kernel / faults: 2912 minor 55 major
03-04 17:48:37.163   629  3566 E ActivityManager:   9.6% 1173/com.android.systemui: 4.9% user + 4.6% kernel / faults: 5150 minor
03-04 17:48:37.163   629  3566 E ActivityManager:   7.4% 2949/com.google.android.tts: 3% user + 4.4% kernel / faults: 3976 minor 1 major
03-04 17:48:37.163   629  3566 E ActivityManager:   7.2% 2457/com.google.android.as: 3% user + 4.2% kernel / faults: 3495 minor 1 major
03-04 17:48:37.163   629  3566 E ActivityManager: 92% TOTAL: 26% user + 59% kernel + 4.2% iowait + 1.7% softirq
03-04 17:48:37.163   629  3566 E ActivityManager: CPU usage from 297027ms to 297027ms ago (1970-01-01 03:00:00.000 to 1970-01-01 03:00:00.000) with 0% awake:
03-04 17:48:37.163   629  3566 E ActivityManager: 0% TOTAL: 0% user + 0% kernel
03-04 17:48:37.470   629   666 E Parcel  : Reading a NULL string not supported here.
03-04 17:48:37.470   629   666 E ARProxy : Unknown descriptor: 
03-04 17:48:38.507  1620  1772 E FenceManagerImpl: <DWB> Failed to query lost fences
03-04 17:48:38.507  1620  1772 E FenceManagerImpl: FenceOperationException(errorCode=TIMEOUT_ERROR, gmsCoreApiException=null, gmsCoreApiAvailabilityException=null, cause=lhl: Timed out (timeout delayed by 148 ms after scheduled time): hzd@8a1014e[status=PENDING, info=[hlm@b47826f]])
03-04 17:48:38.507  1620  1772 E FenceManagerImpl: 	at axi.bT(PG:451)
03-04 17:48:38.507  1620  1772 E FenceManagerImpl: 	at nkf.f(PG:12)
03-04 17:48:38.507  1620  1772 E FenceManagerImpl: 	at npo.run(PG:101)
03-04 17:48:38.507  1620  1772 E FenceManagerImpl: 	at ihn.run(PG:9)
03-04 17:48:38.507  1620  1772 E FenceManagerImpl: 	at hur.run(PG:7)
03-04 17:48:38.507  1620  1772 E FenceManagerImpl: 	at lcx.run(PG:50)
03-04 17:48:38.507  1620  1772 E FenceManagerImpl: 	at hld.run(PG:450)
03-04 17:48:38.507  1620  1772 E FenceManagerImpl: 	at java.lang.Thread.run(Thread.java:1012)
03-04 17:48:38.507  1620  1772 E FenceManagerImpl: 	at hwd.run(PG:64)
03-04 17:48:38.507  1620  1772 E FenceManagerImpl: Caused by: lhl: Timed out (timeout delayed by 148 ms after scheduled time): hzd@8a1014e[status=PENDING, info=[hlm@b47826f]]
03-04 17:48:38.981  3223  3277 E Ma-Robin-Connection: (REDACTED) RPC[%s]: Failed
03-04 17:48:38.981  3223  3277 E Ma-Robin-Connection: kotlinx.coroutines.dt: Timed out waiting for 10000 ms
03-04 17:48:38.981  3223  3277 E Ma-Robin-Connection: 	at kotlinx.coroutines.du.run(PG:42)
03-04 17:48:38.981  3223  3277 E Ma-Robin-Connection: 	at com.google.apps.tiktok.f.y.run(PG:3)
03-04 17:48:38.981  3223  3277 E Ma-Robin-Connection: 	at com.google.apps.tiktok.tracing.fl.run(PG:24)
03-04 17:48:38.981  3223  3277 E Ma-Robin-Connection: 	at java.util.concurrent.Executors$RunnableAdapter.call(Executors.java:487)
03-04 17:48:38.981  3223  3277 E Ma-Robin-Connection: 	at java.util.concurrent.FutureTask.run(FutureTask.java:264)
03-04 17:48:38.981  3223  3277 E Ma-Robin-Connection: 	at com.google.common.n.c.c.run(PG:50)
03-04 17:48:38.981  3223  3277 E Ma-Robin-Connection: 	at com.google.android.libraries.k.e.run(PG:8)
03-04 17:48:38.981  3223  3277 E Ma-Robin-Connection: 	at java.lang.Thread.run(Thread.java:1012)
03-04 17:48:38.981  3223  3277 E Ma-Robin-Connection: 	at com.google.android.libraries.k.d.b.run(PG:74)
03-04 17:48:38.994  3223  3269 E A       : (REDACTED) Failed to recover geofences for LBT Routines using Geller data
03-04 17:48:38.994  3223  3269 E A       : com.google.android.libraries.geller.portable.GellerException: Code: INVALID_ARGUMENT, Message: Account name is null.
03-04 17:48:38.994  3223  3269 E A       : 	at com.google.android.libraries.search.l.t.a(PG:25)
03-04 17:48:38.994  3223  3269 E A       : 	at com.google.apps.tiktok.tracing.fe.a(PG:13)
03-04 17:48:38.994  3223  3269 E A       : 	at com.google.common.util.concurrent.ba.a(PG:3)
03-04 17:48:38.994  3223  3269 E A       : 	at com.google.common.util.concurrent.cu.run(PG:21)
03-04 17:48:38.994  3223  3269 E A       : 	at com.google.android.libraries.k.x.run(PG:3)
03-04 17:48:38.994  3223  3269 E A       : 	at com.google.common.n.c.c.run(PG:50)
03-04 17:48:38.994  3223  3269 E A       : 	at com.google.android.libraries.k.e.run(PG:8)
03-04 17:48:38.994  3223  3269 E A       : 	at java.lang.Thread.run(Thread.java:1012)
03-04 17:48:38.994  3223  3269 E A       : 	at com.google.android.libraries.k.d.b.run(PG:74)
03-04 17:48:39.524   629   682 E libprocessgroup: Failed to write 1 to /sys/fs/cgroup/uid_1001/pid_3370/cgroup.kill: No such file or directory
03-04 17:48:39.525   629   682 E libprocessgroup: Failed to open /sys/fs/cgroup/uid_1001/pid_3370/cgroup.procs: No such file or directory
03-04 17:48:39.706  3599  3599 E .apps.safetyhub: Not starting debugger since process cannot load the jdwp agent.
03-04 17:48:41.438  3621  3621 E m.android.phone: Not starting debugger since process cannot load the jdwp agent.
03-04 17:48:43.281  3256  3488 E Finsky  : [59] aciq.i(3): Failed to registerSync with Phenotype for experiment package com.google.android.finsky.stable.
03-04 17:48:44.678  3256  3488 E Finsky  : [59] aciq.i(3): Failed to registerSync with Phenotype for experiment package com.google.android.finsky.regular.
03-04 17:48:44.687  3621  3621 E CarrierIdProvider: read carrier list from ota pb failure: java.io.FileNotFoundException: /data/misc/carrierid/carrier_list.pb: open failed: ENOENT (No such file or directory)
03-04 17:48:45.049  3621  3663 E SubscriptionManager: [getSubscriptionInfoListAssociatedWithUser]: subscription service unavailable
03-04 17:48:45.052  3621  3663 E SmsProvider: Cannot get emergency number list
03-04 17:48:45.052  3621  3663 E SmsProvider: java.lang.IllegalStateException: telephony service is null.
03-04 17:48:45.052  3621  3663 E SmsProvider: 	at android.telephony.TelephonyManager.getEmergencyNumberList(TelephonyManager.java:15104)
03-04 17:48:45.052  3621  3663 E SmsProvider: 	at com.android.providers.telephony.ProviderUtil.getSelectionByEmergencyNumbers(ProviderUtil.java:234)
03-04 17:48:45.052  3621  3663 E SmsProvider: 	at com.android.providers.telephony.SmsProvider.query(SmsProvider.java:360)
03-04 17:48:45.052  3621  3663 E SmsProvider: 	at android.content.ContentProvider.query(ContentProvider.java:1620)
03-04 17:48:45.052  3621  3663 E SmsProvider: 	at android.content.ContentProvider.query(ContentProvider.java:1716)
03-04 17:48:45.052  3621  3663 E SmsProvider: 	at android.content.ContentProvider$Transport.query(ContentProvider.java:295)
03-04 17:48:45.052  3621  3663 E SmsProvider: 	at android.content.ContentProviderNative.onTransact(ContentProviderNative.java:107)
03-04 17:48:45.052  3621  3663 E SmsProvider: 	at android.os.Binder.execTransactInternal(Binder.java:1500)
03-04 17:48:45.052  3621  3663 E SmsProvider: 	at android.os.Binder.execTransact(Binder.java:1444)
03-04 17:48:45.835  3149  3149 E BugleRcsEngine: Failed to fetch rcsVolteSingleRegistrationCapability for subId: 1
03-04 17:48:45.835  3149  3149 E BugleRcsEngine: java.lang.RuntimeException: Could not find Telephony Service.
03-04 17:48:45.835  3149  3149 E BugleRcsEngine: 	at android.telephony.ims.ProvisioningManager.getITelephony(ProvisioningManager.java:2011)
03-04 17:48:45.835  3149  3149 E BugleRcsEngine: 	at android.telephony.ims.ProvisioningManager.isRcsVolteSingleRegistrationCapable(ProvisioningManager.java:1875)
03-04 17:48:45.835  3149  3149 E BugleRcsEngine: 	at bunj.b(PG:112)
03-04 17:48:45.835  3149  3149 E BugleRcsEngine: 	at bung.a(PG:9)
03-04 17:48:45.835  3149  3149 E BugleRcsEngine: 	at bumx.a(PG:9)
03-04 17:48:45.835  3149  3149 E BugleRcsEngine: 	at chhd.run(PG:12)
03-04 17:48:45.835  3149  3149 E BugleRcsEngine: 	at android.os.Handler.handleCallback(Handler.java:959)
03-04 17:48:45.835  3149  3149 E BugleRcsEngine: 	at android.os.Handler.dispatchMessage(Handler.java:100)
03-04 17:48:45.835  3149  3149 E BugleRcsEngine: 	at cgod.b(PG:1)
03-04 17:48:45.835  3149  3149 E BugleRcsEngine: 	at cgod.dispatchMessage(PG:1)
03-04 17:48:45.835  3149  3149 E BugleRcsEngine: 	at android.os.Looper.loopOnce(Looper.java:232)
03-04 17:48:45.835  3149  3149 E BugleRcsEngine: 	at android.os.Looper.loop(Looper.java:317)
03-04 17:48:45.835  3149  3149 E BugleRcsEngine: 	at android.app.ActivityThread.main(ActivityThread.java:8705)
03-04 17:48:45.835  3149  3149 E BugleRcsEngine: 	at java.lang.reflect.Method.invoke(Native Method)
03-04 17:48:45.835  3149  3149 E BugleRcsEngine: 	at com.android.internal.os.RuntimeInit$MethodAndArgsCaller.run(RuntimeInit.java:580)
03-04 17:48:45.835  3149  3149 E BugleRcsEngine: 	at com.android.internal.os.ZygoteInit.main(ZygoteInit.java:886)
03-04 17:48:45.987  3728  3728 E d.configupdater: Not starting debugger since process cannot load the jdwp agent.
03-04 17:48:46.086  3399  3399 E NetworkScheduler: Compat called without init
03-04 17:48:47.851  3621  3737 E SubscriptionManager: [getSubscriptionInfoListAssociatedWithUser]: subscription service unavailable
03-04 17:48:49.734  3768  3768 E ederatedcompute: Not starting debugger since process cannot load the jdwp agent.
03-04 17:48:50.074  3223  3269 E TelephonyManager: Error calling #isDataEnabled, returning default (false).
03-04 17:48:50.074  3223  3269 E TelephonyManager: java.lang.IllegalStateException: telephony service is null.
03-04 17:48:50.074  3223  3269 E TelephonyManager: 	at android.telephony.TelephonyManager.isDataEnabledForReason(TelephonyManager.java:14365)
03-04 17:48:50.074  3223  3269 E TelephonyManager: 	at android.telephony.TelephonyManager.isDataEnabledForReason(TelephonyManager.java:14356)
03-04 17:48:50.074  3223  3269 E TelephonyManager: 	at android.telephony.TelephonyManager.isDataEnabled(TelephonyManager.java:11659)
03-04 17:48:50.074  3223  3269 E TelephonyManager: 	at com.google.android.gms.common.d.b$$ExternalSyntheticApiModelOutline0.m(D8$$SyntheticClass:81)
03-04 17:48:50.074  3223  3269 E TelephonyManager: 	at com.google.android.libraries.gsa.c.a.a.aa.a(PG:151)
03-04 17:48:50.074  3223  3269 E TelephonyManager: 	at com.google.android.libraries.gsa.h.a.k.call(PG:9)
03-04 17:48:50.074  3223  3269 E TelephonyManager: 	at java.util.concurrent.FutureTask.run(FutureTask.java:264)
03-04 17:48:50.074  3223  3269 E TelephonyManager: 	at com.google.android.libraries.k.x.run(PG:3)
03-04 17:48:50.074  3223  3269 E TelephonyManager: 	at com.google.common.n.c.c.run(PG:50)
03-04 17:48:50.074  3223  3269 E TelephonyManager: 	at com.google.android.libraries.k.e.run(PG:8)
03-04 17:48:50.074  3223  3269 E TelephonyManager: 	at java.lang.Thread.run(Thread.java:1012)
03-04 17:48:50.074  3223  3269 E TelephonyManager: 	at com.google.android.libraries.k.d.b.run(PG:74)
03-04 17:48:50.095  3728  3728 E ConfigUpdater: ignoring update request
03-04 17:48:51.436  3728  3728 E ConfigUpdater: ignoring update request
03-04 17:48:51.577  3728  3728 E ConfigUpdater: ignoring update request
03-04 17:48:51.587  3728  3728 E ConfigUpdater: ignoring update request
03-04 17:48:51.602  3728  3728 E ConfigUpdater: ignoring update request
03-04 17:48:51.746  3782  3782 E nect.controller: Not starting debugger since process cannot load the jdwp agent.
03-04 17:48:51.760  3728  3728 E ConfigUpdater: ignoring update request
03-04 17:48:51.766  3728  3728 E ConfigUpdater: ignoring update request
03-04 17:48:51.773  3728  3728 E ConfigUpdater: ignoring update request
03-04 17:48:51.920  3223  3331 E BistoWorker: Couldn't get logged in Google account.
03-04 17:48:52.031  3728  3728 E ConfigUpdater: ignoring update request
03-04 17:48:52.058  3728  3728 E ConfigUpdater: ignoring update request
03-04 17:48:52.071  3728  3728 E ConfigUpdater: ignoring update request
03-04 17:48:52.210  3728  3728 E ConfigUpdater: ignoring update request
03-04 17:48:52.213  3728  3728 E ConfigUpdater: ignoring update request
03-04 17:48:52.958  3399  3805 E ctxmgr  : [FencePendingIntentCache]Expected to find a PendingIntent for pendingIntentKey=7902a0df-6245-43ef-a6e4-5727a4664bee [CONTEXT service_id=47 ]
03-04 17:48:52.958  3399  3805 E ctxmgr  : [FencePendingIntentCache]Expected to find a PendingIntent for pendingIntentKey=7902a0df-6245-43ef-a6e4-5727a4664bee [CONTEXT service_id=47 ]
03-04 17:48:52.959  3399  3805 E ctxmgr  : [FencePendingIntentCache]Expected to find a PendingIntent for pendingIntentKey=68624a4f-53c6-4f8b-860c-f4d542997cd9 [CONTEXT service_id=47 ]
03-04 17:48:52.993  3399  3805 E ctxmgr  : [FencePendingIntentCache]Expected to find a PendingIntent for pendingIntentKey=2e59ecb6-5da3-42d8-8b97-4c89f72c4fce [CONTEXT service_id=47 ]
03-04 17:48:53.019  3223  3269 E MendelPackageState: Failed to fetch after encountering old config
03-04 17:48:53.019  3223  3269 E MendelPackageState: com.google.common.util.concurrent.dq: Timed out (timeout delayed by 1778 ms after scheduled time): cf@ae8f729[status=PENDING, info=[delegate=[a@335eaae[status=PENDING, info=[inputFuture=[com.google.android.libraries.x.e@c0a204f[status=PENDING, info=[com.google.android.gms.r.ai@24203dc]]], exceptionType=[class com.google.android.gms.common.api.l], fallback=[com.google.android.libraries.phenotype.client.a.j@b70dce5]]]]]]
03-04 17:48:53.019  3223  3269 E MendelPackageState: 	at tk_trace.PhenotypeApi.getConfigurationSnapshot(Unknown Source:0)
03-04 17:48:53.019  3223  3269 E MendelPackageState: 	at tk_trace.Fetching experiments for device(Unknown Source:0)
03-04 17:48:53.019  3223  3269 E MendelPackageState: 	at tk_trace.AgsaLegacySpecialAssistantExperienceProvider(Unknown Source:0)
03-04 17:48:53.019  3223  3269 E MendelPackageState: 	at tk_trace.Startup Listeners(Unknown Source:0)
03-04 17:48:53.019  3223  3269 E MendelPackageState: 	at tk_trace.Application.onCreate(Unknown Source:0)
03-04 17:48:53.019  3223  3269 E MendelPackageState: 	at tk_trace.Application creation(Unknown Source:0)
03-04 17:48:53.019  3223  3269 E MendelPackageState: 	Suppressed: com.google.apps.tiktok.tracing.gb: 
03-04 17:48:53.019  3223  3269 E MendelPackageState: 		at tk_trace.PhenotypeApi.getConfigurationSnapshot(unfinished)(Unknown Source:0)
03-04 17:48:53.028  3223  3269 E MendelPackageState: Failed to fetch after encountering old config
03-04 17:48:53.028  3223  3269 E MendelPackageState: com.google.common.util.concurrent.dq: Timed out (timeout delayed by 16 ms after scheduled time): cf@b4a3688[status=PENDING, info=[delegate=[a@66d821[status=PENDING, info=[inputFuture=[com.google.android.libraries.x.e@c2a4446[status=PENDING, info=[com.google.android.gms.r.ai@2f09607]]], exceptionType=[class com.google.android.gms.common.api.l], fallback=[com.google.android.libraries.phenotype.client.a.j@e903334]]]]]]
03-04 17:48:53.028  3223  3269 E MendelPackageState: 	at tk_trace.PhenotypeApi.getConfigurationSnapshot(Unknown Source:0)
03-04 17:48:53.028  3223  3269 E MendelPackageState: 	at tk_trace.Fetching experiments for device(Unknown Source:0)
03-04 17:48:53.028  3223  3269 E MendelPackageState: 	at tk_trace.handleBroadcast(Unknown Source:0)
03-04 17:48:53.028  3223  3269 E MendelPackageState: 	at tk_trace.Broadcast to com.google.android.apps.search.assistant.platform.pcp.validity.ValidityController_Receiver android.intent.action.BOOT_COMPLETED(Unknown Source:0)
03-04 17:48:53.028  3223  3269 E MendelPackageState: 	at tk_trace.Application creation(Unknown Source:0)
03-04 17:48:53.028  3223  3269 E MendelPackageState: 	Suppressed: com.google.apps.tiktok.tracing.gb: 
03-04 17:48:53.028  3223  3269 E MendelPackageState: 		at tk_trace.PhenotypeApi.getConfigurationSnapshot(unfinished)(Unknown Source:0)
03-04 17:48:53.029  3223  3269 E MendelPackageState: Failed to fetch after encountering old config
03-04 17:48:53.029  3223  3269 E MendelPackageState: com.google.common.util.concurrent.dq: Timed out (timeout delayed by 401 ms after scheduled time): cf@ab65ed2[status=PENDING, info=[delegate=[a@8f68ba3[status=PENDING, info=[inputFuture=[com.google.android.libraries.x.e@2974ea0[status=PENDING, info=[com.google.android.gms.r.ai@4216a59]]], exceptionType=[class com.google.android.gms.common.api.l], fallback=[com.google.android.libraries.phenotype.client.a.j@a77961e]]]]]]
03-04 17:48:53.029  3223  3269 E MendelPackageState: 	at tk_trace.PhenotypeApi.getConfigurationSnapshot(Unknown Source:0)
03-04 17:48:53.029  3223  3269 E MendelPackageState: 	at tk_trace.Fetching experiments for device(Unknown Source:0)
03-04 17:48:53.029  3223  3269 E MendelPackageState: 	at tk_trace.handleBroadcast(Unknown Source:0)
03-04 17:48:53.029  3223  3269 E MendelPackageState: 	at tk_trace.Broadcast to com.google.android.apps.search.assistant.platform.pcp.validity.ValidityController_Receiver android.intent.action.BOOT_COMPLETED(Unknown Source:0)
03-04 17:48:53.029  3223  3269 E MendelPackageState: 	at tk_trace.Application creation(Unknown Source:0)
03-04 17:48:53.029  3223  3269 E MendelPackageState: 	Suppressed: com.google.apps.tiktok.tracing.gb: 
03-04 17:48:53.029  3223  3269 E MendelPackageState: 		at tk_trace.PhenotypeApi.getConfigurationSnapshot(unfinished)(Unknown Source:0)
03-04 17:48:53.029  3223  3269 E MendelPackageState: Failed to fetch after encountering old config
03-04 17:48:53.029  3223  3269 E MendelPackageState: com.google.common.util.concurrent.dq: Timed out (timeout delayed by 645 ms after scheduled time): cf@ef7f1bc[status=PENDING, info=[delegate=[a@ea16545[status=PENDING, info=[inputFuture=[com.google.android.libraries.x.e@ff1549a[status=PENDING, info=[com.google.android.gms.r.ai@aa421cb]]], exceptionType=[class com.google.android.gms.common.api.l], fallback=[com.google.android.libraries.phenotype.client.a.j@8306da8]]]]]]
03-04 17:48:53.029  3223  3269 E MendelPackageState: 	at tk_trace.<missing root>:PhenotypeApi.getConfigurationSnapshot(Unknown Source:0)
03-04 17:48:53.029  3223  3269 E MendelPackageState: 	at tk_trace.<missing root>:Fetching experiments for device(Unknown Source:0)
03-04 17:48:53.029  3223  3269 E MendelPackageState: 	at tk_trace.<missing root>(Unknown Source:0)
03-04 17:48:53.029  3223  3269 E MendelPackageState: 	at tk_trace.Missing root trace(Unknown Source:0)
03-04 17:48:53.030  3223  3269 E MendelPackageState: Failed to fetch after encountering old config
03-04 17:48:53.030  3223  3269 E MendelPackageState: com.google.common.util.concurrent.dq: Timed out (timeout delayed by 101 ms after scheduled time): cf@84212ea[status=PENDING, info=[delegate=[a@e189db[status=PENDING, info=[inputFuture=[com.google.android.libraries.x.e@26a9c78[status=PENDING, info=[com.google.android.gms.r.ai@fe15f51]]], exceptionType=[class com.google.android.gms.common.api.l], fallback=[com.google.android.libraries.phenotype.client.a.j@7a673b6]]]]]]
03-04 17:48:53.030  3223  3269 E MendelPackageState: 	at tk_trace.<missing root>:PhenotypeApi.getConfigurationSnapshot(Unknown Source:0)
03-04 17:48:53.030  3223  3269 E MendelPackageState: 	at tk_trace.<missing root>:Fetching experiments for account(Unknown Source:0)
03-04 17:48:53.030  3223  3269 E MendelPackageState: 	at tk_trace.<missing root>(Unknown Source:0)
03-04 17:48:53.030  3223  3269 E MendelPackageState: 	at tk_trace.Missing root trace(Unknown Source:0)
03-04 17:48:53.030  3223  3269 E MendelPackageState: Failed to fetch after encountering old config
03-04 17:48:53.030  3223  3269 E MendelPackageState: com.google.common.util.concurrent.dq: Timed out (timeout delayed by 81 ms after scheduled time): cf@2c00e20[status=PENDING, info=[delegate=[a@cd3f3d9[status=PENDING, info=[inputFuture=[com.google.android.libraries.x.e@d61219e[status=PENDING, info=[com.google.android.gms.r.ai@8cda47f]]], exceptionType=[class com.google.android.gms.common.api.l], fallback=[com.google.android.libraries.phenotype.client.a.j@e7ec4c]]]]]]
03-04 17:48:53.030  3223  3269 E MendelPackageState: 	at tk_trace.PhenotypeApi.getConfigurationSnapshot(Unknown Source:0)
03-04 17:48:53.030  3223  3269 E MendelPackageState: 	at tk_trace.Fetching experiments for account(Unknown Source:0)
03-04 17:48:53.030  3223  3269 E MendelPackageState: 	at tk_trace.PropagatingContext(Unknown Source:0)
03-04 17:48:53.030  3223  3269 E MendelPackageState: 	at tk_trace.java.com.google.android.apps.search.assistant.surfaces.voice.robin.growthcohorts.CohortServiceMaybeRefreshCohortDetails(Unknown Source:0)
03-04 17:48:53.030  3223  3269 E MendelPackageState: 	Suppressed: com.google.apps.tiktok.tracing.gb: 
03-04 17:48:53.030  3223  3269 E MendelPackageState: 		at tk_trace.PhenotypeApi.getConfigurationSnapshot(unfinished)(Unknown Source:0)
03-04 17:48:53.030  3223  3269 E MendelPackageState: Failed to fetch after encountering old config
03-04 17:48:53.030  3223  3269 E MendelPackageState: com.google.common.util.concurrent.dq: Timed out (timeout delayed by 146 ms after scheduled time): cf@5ef14ba[status=PENDING, info=[delegate=[a@f8af6b[status=PENDING, info=[inputFuture=[com.google.android.libraries.x.e@7177ac8[status=PENDING, info=[com.google.android.gms.r.ai@b186761]]], exceptionType=[class com.google.android.gms.common.api.l], fallback=[com.google.android.libraries.phenotype.client.a.j@ee9c286]]]]]]
03-04 17:48:53.030  3223  3269 E MendelPackageState: 	at tk_trace.PhenotypeApi.getConfigurationSnapshot(Unknown Source:0)
03-04 17:48:53.030  3223  3269 E MendelPackageState: 	at tk_trace.Fetching experiments for account(Unknown Source:0)
03-04 17:48:53.030  3223  3269 E MendelPackageState: 	at tk_trace.PropagatingContext(Unknown Source:0)
03-04 17:48:53.030  3223  3269 E MendelPackageState: 	at tk_trace.java.com.google.android.apps.search.assistant.surfaces.voice.robin.growthcohorts.CohortServiceMaybeRefreshCohortDetails(Unknown Source:0)
03-04 17:48:53.030  3223  3269 E MendelPackageState: 	Suppressed: com.google.apps.tiktok.tracing.gb: 
03-04 17:48:53.030  3223  3269 E MendelPackageState: 		at tk_trace.PhenotypeApi.getConfigurationSnapshot(unfinished)(Unknown Source:0)
03-04 17:48:53.291  3223  3269 E MendelPackageState: Failed to fetch after encountering old config
03-04 17:48:53.291  3223  3269 E MendelPackageState: com.google.common.util.concurrent.dq: Timed out: cf@e8f8112[status=PENDING, info=[delegate=[a@259a0e3[status=PENDING, info=[inputFuture=[com.google.android.libraries.x.e@1c0dae0[status=PENDING, info=[com.google.android.gms.r.ai@b0da199]]], exceptionType=[class com.google.android.gms.common.api.l], fallback=[com.google.android.libraries.phenotype.client.a.j@1609c5e]]]]]]
03-04 17:48:53.291  3223  3269 E MendelPackageState: 	at tk_trace.<missing root>:PhenotypeApi.getConfigurationSnapshot(Unknown Source:0)
03-04 17:48:53.291  3223  3269 E MendelPackageState: 	at tk_trace.<missing root>:Fetching experiments for device(Unknown Source:0)
03-04 17:48:53.291  3223  3269 E MendelPackageState: 	at tk_trace.<missing root>(Unknown Source:0)
03-04 17:48:53.291  3223  3269 E MendelPackageState: 	at tk_trace.Missing root trace(Unknown Source:0)
03-04 17:48:53.291  3223  3269 E MendelPackageState: Failed to fetch after encountering old config
03-04 17:48:53.291  3223  3269 E MendelPackageState: com.google.common.util.concurrent.dq: Timed out (timeout delayed by 423 ms after scheduled time): cf@76d00b4[status=PENDING, info=[delegate=[a@ed854dd[status=PENDING, info=[inputFuture=[com.google.android.libraries.x.e@be5a852[status=PENDING, info=[com.google.android.gms.r.ai@b7dd723]]], exceptionType=[class com.google.android.gms.common.api.l], fallback=[com.google.android.libraries.phenotype.client.a.j@4337420]]]]]]
03-04 17:48:53.291  3223  3269 E MendelPackageState: 	at tk_trace.PhenotypeApi.getConfigurationSnapshot(Unknown Source:0)
03-04 17:48:53.291  3223  3269 E MendelPackageState: 	at tk_trace.Fetching experiments for account(Unknown Source:0)
03-04 17:48:53.291  3223  3269 E MendelPackageState: 	at tk_trace.PropagatingContext(Unknown Source:0)
03-04 17:48:53.291  3223  3269 E MendelPackageState: 	at tk_trace.java.com.google.android.apps.search.assistant.surfaces.voice.robin.eligibility.EligibilityServiceMaybeUpdateEligibility(Unknown Source:0)
03-04 17:48:53.291  3223  3269 E MendelPackageState: 	Suppressed: com.google.apps.tiktok.tracing.gb: 
03-04 17:48:53.291  3223  3269 E MendelPackageState: 		at tk_trace.PhenotypeApi.getConfigurationSnapshot(unfinished)(Unknown Source:0)
03-04 17:48:53.292  3223  3269 E MendelPackageState: Failed to fetch after encountering old config
03-04 17:48:53.292  3223  3269 E MendelPackageState: com.google.common.util.concurrent.dq: Timed out (timeout delayed by 394 ms after scheduled time): cf@27e5365[status=PENDING, info=[delegate=[a@250783a[status=PENDING, info=[inputFuture=[com.google.android.libraries.x.e@7c10ceb[status=PENDING, info=[com.google.android.gms.r.ai@7e44a48]]], exceptionType=[class com.google.android.gms.common.api.l], fallback=[com.google.android.libraries.phenotype.client.a.j@685c0e1]]]]]]
03-04 17:48:53.292  3223  3269 E MendelPackageState: 	at tk_trace.<missing root>:PhenotypeApi.getConfigurationSnapshot(Unknown Source:0)
03-04 17:48:53.292  3223  3269 E MendelPackageState: 	at tk_trace.<missing root>:Fetching experiments for device(Unknown Source:0)
03-04 17:48:53.292  3223  3269 E MendelPackageState: 	at tk_trace.<missing root>(Unknown Source:0)
03-04 17:48:53.292  3223  3269 E MendelPackageState: 	at tk_trace.Missing root trace(Unknown Source:0)
03-04 17:48:53.343  3223  3269 E MendelPackageState: Failed to fetch after encountering old config
03-04 17:48:53.343  3223  3269 E MendelPackageState: com.google.common.util.concurrent.dq: Timed out (timeout delayed by 184 ms after scheduled time): cf@c4382df[status=PENDING, info=[delegate=[a@218db2c[status=PENDING, info=[inputFuture=[com.google.android.libraries.x.e@764e9f5[status=PENDING, info=[com.google.android.gms.r.ai@dbe738a]]], exceptionType=[class com.google.android.gms.common.api.l], fallback=[com.google.android.libraries.phenotype.client.a.j@8076dfb]]]]]]
03-04 17:48:53.343  3223  3269 E MendelPackageState: 	at tk_trace.<missing root>:PhenotypeApi.getConfigurationSnapshot(Unknown Source:0)
03-04 17:48:53.343  3223  3269 E MendelPackageState: 	at tk_trace.<missing root>:Fetching experiments for device(Unknown Source:0)
03-04 17:48:53.343  3223  3269 E MendelPackageState: 	at tk_trace.<missing root>(Unknown Source:0)
03-04 17:48:53.343  3223  3269 E MendelPackageState: 	at tk_trace.Missing root trace(Unknown Source:0)
03-04 17:48:53.495  2100  3813 E CellBroadcastConfigService: fails to setCellBroadcastRanges
03-04 17:48:55.660  3149  3205 E SmsApplication: com.google.android.apps.messaging lost android:read_cell_broadcasts:  (no permission to fix)
03-04 17:48:58.962  3621  3734 E SmsProvider: Cannot get emergency number list
03-04 17:48:58.962  3621  3734 E SmsProvider: java.lang.IllegalStateException: telephony service is null.
03-04 17:48:58.962  3621  3734 E SmsProvider: 	at android.telephony.TelephonyManager.getEmergencyNumberList(TelephonyManager.java:15104)
03-04 17:48:58.962  3621  3734 E SmsProvider: 	at com.android.providers.telephony.ProviderUtil.getSelectionByEmergencyNumbers(ProviderUtil.java:234)
03-04 17:48:58.962  3621  3734 E SmsProvider: 	at com.android.providers.telephony.SmsProvider.query(SmsProvider.java:360)
03-04 17:48:58.962  3621  3734 E SmsProvider: 	at android.content.ContentProvider.query(ContentProvider.java:1620)
03-04 17:48:58.962  3621  3734 E SmsProvider: 	at android.content.ContentProvider.query(ContentProvider.java:1716)
03-04 17:48:58.962  3621  3734 E SmsProvider: 	at android.content.ContentProvider$Transport.query(ContentProvider.java:295)
03-04 17:48:58.962  3621  3734 E SmsProvider: 	at android.content.ContentProviderNative.onTransact(ContentProviderNative.java:107)
03-04 17:48:58.962  3621  3734 E SmsProvider: 	at android.os.Binder.execTransactInternal(Binder.java:1500)
03-04 17:48:58.962  3621  3734 E SmsProvider: 	at android.os.Binder.execTransact(Binder.java:1444)
03-04 17:49:02.602  3621  3621 E SmsApplication: com.google.android.apps.messaging lost android:read_cell_broadcasts:  (fixing)
03-04 17:49:02.750  3621  3621 E CellBroadcastUtils: getDefaultCellBroadcastReceiverPackageName: no package found
03-04 17:49:03.546  3621  3734 E SmsProvider: Cannot get emergency number list
03-04 17:49:03.546  3621  3734 E SmsProvider: java.lang.IllegalStateException: telephony service is null.
03-04 17:49:03.546  3621  3734 E SmsProvider: 	at android.telephony.TelephonyManager.getEmergencyNumberList(TelephonyManager.java:15104)
03-04 17:49:03.546  3621  3734 E SmsProvider: 	at com.android.providers.telephony.ProviderUtil.getSelectionByEmergencyNumbers(ProviderUtil.java:234)
03-04 17:49:03.546  3621  3734 E SmsProvider: 	at com.android.providers.telephony.SmsProvider.query(SmsProvider.java:360)
03-04 17:49:03.546  3621  3734 E SmsProvider: 	at android.content.ContentProvider.query(ContentProvider.java:1620)
03-04 17:49:03.546  3621  3734 E SmsProvider: 	at android.content.ContentProvider.query(ContentProvider.java:1716)
03-04 17:49:03.546  3621  3734 E SmsProvider: 	at android.content.ContentProvider$Transport.query(ContentProvider.java:295)
03-04 17:49:03.546  3621  3734 E SmsProvider: 	at android.content.ContentProviderNative.onTransact(ContentProviderNative.java:107)
03-04 17:49:03.546  3621  3734 E SmsProvider: 	at android.os.Binder.execTransactInternal(Binder.java:1500)
03-04 17:49:03.546  3621  3734 E SmsProvider: 	at android.os.Binder.execTransact(Binder.java:1444)
03-04 17:49:03.927  3621  3621 E SessionMetricsStats: create new SessionMetricsStats.
03-04 17:49:04.075   629  3880 E system_server: Could not open /dev/binderfs/binder_logs/transactions. Likely a permissions issue. errno: 2
03-04 17:49:04.075   629  3880 E android.os.Debug: Failed to get binder state info for pid: 3621 status: -2: No such file or directory
03-04 17:49:05.205  3621  3621 E AccessControllerMetricsStats: create new AccessControllerMetricsStats.
03-04 17:49:06.083   629  3881 E ActivityManager: ANR in com.android.phone
03-04 17:49:06.083   629  3881 E ActivityManager: PID: 3621
03-04 17:49:06.083   629  3881 E ActivityManager: Reason: Process ProcessRecord{843907c 3621:com.android.phone/1001} failed to complete startup
03-04 17:49:06.083   629  3881 E ActivityManager: ErrorId: 4bd2bddf-948d-4f5f-84f7-ad4b617209f6
03-04 17:49:06.083   629  3881 E ActivityManager: Frozen: false
03-04 17:49:06.083   629  3881 E ActivityManager: Load: 0.0 / 0.0 / 0.0
03-04 17:49:06.083   629  3881 E ActivityManager: ----- Output from /proc/pressure/memory -----
03-04 17:49:06.083   629  3881 E ActivityManager: some avg10=0.86 avg60=3.49 avg300=1.82 total=7802669
03-04 17:49:06.083   629  3881 E ActivityManager: full avg10=0.08 avg60=0.15 avg300=0.07 total=791992
03-04 17:49:06.083   629  3881 E ActivityManager: ----- End output from /proc/pressure/memory -----
03-04 17:49:06.083   629  3881 E ActivityManager: ----- Output from /proc/pressure/cpu -----
03-04 17:49:06.083   629  3881 E ActivityManager: some avg10=75.77 avg60=78.93 avg300=48.10 total=217281500
03-04 17:49:06.083   629  3881 E ActivityManager: full avg10=0.00 avg60=0.00 avg300=0.00 total=0
03-04 17:49:06.083   629  3881 E ActivityManager: ----- End output from /proc/pressure/cpu -----
03-04 17:49:06.083   629  3881 E ActivityManager: ----- Output from /proc/pressure/io -----
03-04 17:49:06.083   629  3881 E ActivityManager: some avg10=19.65 avg60=21.67 avg300=14.65 total=70672632
03-04 17:49:06.083   629  3881 E ActivityManager: full avg10=1.44 avg60=1.66 avg300=1.97 total=13700947
03-04 17:49:06.083   629  3881 E ActivityManager: ----- End output from /proc/pressure/io -----
03-04 17:49:06.083   629  3881 E ActivityManager: 
03-04 17:49:06.083   629  3881 E ActivityManager: CPU usage from 30968ms to -181ms ago (2025-03-04 17:48:33.105 to 2025-03-04 17:49:04.254):
03-04 17:49:06.083   629  3881 E ActivityManager:   75% 629/system_server: 13% user + 61% kernel / faults: 3678 minor
03-04 17:49:06.083   629  3881 E ActivityManager:   70% 3399/com.google.android.gms.persistent: 22% user + 48% kernel / faults: 10026 minor 37 major
03-04 17:49:06.083   629  3881 E ActivityManager:   32% 3223/com.google.android.googlequicksearchbox:search: 14% user + 17% kernel / faults: 5108 minor 65 major
03-04 17:49:06.083   629  3881 E ActivityManager:   18% 3563/com.android.vending:background: 6.4% user + 11% kernel / faults: 7750 minor 1 major
03-04 17:49:06.083   629  3881 E ActivityManager:   17% 3149/com.google.android.apps.messaging: 6.2% user + 10% kernel / faults: 5573 minor 4 major
03-04 17:49:06.083   629  3881 E ActivityManager:   14% 3256/com.android.vending: 4.1% user + 9.9% kernel / faults: 4962 minor 33 major
03-04 17:49:06.083   629  3881 E ActivityManager:   13% 1620/com.google.android.apps.wellbeing: 4.3% user + 9.1% kernel / faults: 4140 minor 40 major
03-04 17:49:06.083   629  3881 E ActivityManager:   11% 2175/zygote64: 4.3% user + 7.4% kernel / faults: 3660 minor 19 major
03-04 17:49:06.083   629  3881 E ActivityManager:   9.4% 1173/com.android.systemui: 3.8% user + 5.6% kernel / faults: 1015 minor
03-04 17:49:06.083   629  3881 E ActivityManager:   6.9% 391/android.hardware.sensors-service.multihal: 0.6% user + 6.3% kernel
03-04 17:49:06.083   629  3881 E ActivityManager: 91% TOTAL: 22% user + 61% kernel + 5.2% iowait + 2.3% softirq
03-04 17:49:06.083   629  3881 E ActivityManager: CPU usage from 328073ms to 328073ms ago (1970-01-01 03:00:00.000 to 1970-01-01 03:00:00.000) with 0% awake:
03-04 17:49:06.083   629  3881 E ActivityManager: 0% TOTAL: 0% user + 0% kernel
03-04 17:49:06.634   629   682 E libprocessgroup: Failed to write 1 to /sys/fs/cgroup/uid_1001/pid_3621/cgroup.kill: No such file or directory
03-04 17:49:06.635   629   682 E libprocessgroup: Failed to open /sys/fs/cgroup/uid_1001/pid_3621/cgroup.procs: No such file or directory
03-04 17:49:06.943  3900  3900 E m.android.phone: Not starting debugger since process cannot load the jdwp agent.
03-04 17:49:07.955  3900  3900 E CarrierIdProvider: read carrier list from ota pb failure: java.io.FileNotFoundException: /data/misc/carrierid/carrier_list.pb: open failed: ENOENT (No such file or directory)
03-04 17:49:09.773  3833  3874 E WindowMetricsNotification: WindowMetricsNotification.getCurrentOrEmpty():209 No window/display metrics has been notified.
03-04 17:49:09.919  3938  3938 E zation.services: Not starting debugger since process cannot load the jdwp agent.
03-04 17:49:10.402  2100  3952 E CellBroadcastConfigService: fails to setCellBroadcastRanges
03-04 17:49:10.408  3833  3833 E GoogleInputMethodService: GoogleInputMethodService.getAppEditorInfo():2810 App EditorInfo should never be null.
03-04 17:49:11.488  3599  3731 E MendelPackageState: Failed to fetch after encountering old config
03-04 17:49:11.488  3599  3731 E MendelPackageState: nsv: Timed out (timeout delayed by 72 ms after scheduled time): nru@89f1e90[status=PENDING, info=[delegate=[npf@a701389[status=PENDING, info=[inputFuture=[ihs@ca23f8e[status=PENDING, info=[ibp@64683af]]], exceptionType=[class hjl], fallback=[inl@7f93bc]]]]]]
03-04 17:49:11.488  3599  3731 E MendelPackageState: 	at tk_trace.<missing root>:PhenotypeApi.getConfigurationSnapshot(Unknown Source:0)
03-04 17:49:11.488  3599  3731 E MendelPackageState: 	at tk_trace.<missing root>:Fetching experiments for device(Unknown Source:0)
03-04 17:49:11.488  3599  3731 E MendelPackageState: 	at tk_trace.<missing root>(Unknown Source:0)
03-04 17:49:11.488  3599  3731 E MendelPackageState: 	at tk_trace.Missing root trace(Unknown Source:0)
03-04 17:49:12.459  3833  3901 E HandwritingSuperpacksUtil: HandwritingSuperpacksUtil.getPackMappingPackName():40 No pack mapping pack found in []
03-04 17:49:13.478  3833  3833 E GoogleInputMethodService: GoogleInputMethodService.getAppEditorInfo():2810 App EditorInfo should never be null.
03-04 17:49:13.827  3981  3981 E ackageinstaller: Not starting debugger since process cannot load the jdwp agent.
03-04 17:49:15.347  3900  3900 E SmsApplication: com.google.android.apps.messaging lost android:read_cell_broadcasts:  (fixing)
03-04 17:49:15.355  3900  3900 E CellBroadcastUtils: getDefaultCellBroadcastReceiverPackageName: no package found
03-04 17:49:16.827  4010  4010 E id.partnersetup: Not starting debugger since process cannot load the jdwp agent.
03-04 17:49:16.855  3900  3900 E SessionMetricsStats: create new SessionMetricsStats.
03-04 17:49:17.028  3900  3900 E AccessControllerMetricsStats: create new AccessControllerMetricsStats.
03-04 17:49:18.533   629   891 E AppOps  : attributionTag VCN not declared in manifest of android
03-04 17:49:19.769  4040  4040 E android.rkpdapp: Not starting debugger since process cannot load the jdwp agent.
03-04 17:49:21.139   629  2013 E RoleControllerServiceImpl: Default/fallback role holder package doesn't qualify for the role, package: com.google.android.gms.supervision, role: android.app.role.SYSTEM_SUPERVISION
03-04 17:49:21.904  4067  4067 E gs.intelligence: Not starting debugger since process cannot load the jdwp agent.
03-04 17:49:22.618   629  2013 E RoleControllerServiceImpl: Default/fallback role holder package doesn't qualify for the role, package: com.google.android.gms, role: android.app.role.WALLET
03-04 17:49:22.915   629  2013 E RoleControllerServiceImpl: Default/fallback role holder package doesn't qualify for the role, package: com.google.android.devicelockcontroller, role: android.app.role.SYSTEM_FINANCED_DEVICE_CONTROLLER
03-04 17:49:25.554   500   500 E RIL     : Error 0 opening logical channel: 0
03-04 17:49:27.913  1381  1511 E HardwareInfoFeatureProviderImpl: Could not parse manufactured year from serial.
03-04 17:49:27.913  1381  1511 E HardwareInfoFeatureProviderImpl: java.lang.NumberFormatException: For input string: "E"
03-04 17:49:27.913  1381  1511 E HardwareInfoFeatureProviderImpl: 	at java.lang.Integer.parseInt(Integer.java:790)
03-04 17:49:27.913  1381  1511 E HardwareInfoFeatureProviderImpl: 	at java.lang.Integer.valueOf(Integer.java:1121)
03-04 17:49:27.913  1381  1511 E HardwareInfoFeatureProviderImpl: 	at com.google.android.settings.hardwareinfo.HardwareInfoFeatureProviderGoogleImpl.getManufacturedYear(HardwareInfoFeatureProviderGoogleImpl.kt:24)
03-04 17:49:27.913  1381  1511 E HardwareInfoFeatureProviderImpl: 	at com.android.settings.deviceinfo.hardwareinfo.ManufacturedYearPreferenceController.<init>(ManufacturedYearPreferenceController.kt:26)
03-04 17:49:27.913  1381  1511 E HardwareInfoFeatureProviderImpl: 	at java.lang.reflect.Constructor.newInstance0(Native Method)
03-04 17:49:27.913  1381  1511 E HardwareInfoFeatureProviderImpl: 	at java.lang.reflect.Constructor.newInstance(Constructor.java:343)
03-04 17:49:27.913  1381  1511 E HardwareInfoFeatureProviderImpl: 	at com.android.settings.core.BasePreferenceController.createInstance(BasePreferenceController.java:187)
03-04 17:49:27.913  1381  1511 E HardwareInfoFeatureProviderImpl: 	at com.android.settings.core.PreferenceControllerListHelper.getPreferenceControllersFromXml(PreferenceControllerListHelper.java:86)
03-04 17:49:27.913  1381  1511 E HardwareInfoFeatureProviderImpl: 	at com.android.settings.search.BaseSearchIndexProvider.getPreferenceControllers(BaseSearchIndexProvider.java:169)
03-04 17:49:27.913  1381  1511 E HardwareInfoFeatureProviderImpl: 	at com.android.settings.search.BaseSearchIndexProvider.getDynamicRawDataToIndex(BaseSearchIndexProvider.java:100)
03-04 17:49:27.913  1381  1511 E HardwareInfoFeatureProviderImpl: 	at com.android.settings.search.SettingsSearchIndexablesProvider.getDynamicSearchIndexableRawData(SettingsSearchIndexablesProvider.java:379)
03-04 17:49:27.913  1381  1511 E HardwareInfoFeatureProviderImpl: 	at com.android.settings.search.SettingsSearchIndexablesProvider.queryDynamicRawData(SettingsSearchIndexablesProvider.java:180)
03-04 17:49:27.913  1381  1511 E HardwareInfoFeatureProviderImpl: 	at android.provider.SearchIndexablesProvider.query(SearchIndexablesProvider.java:133)
03-04 17:49:27.913  1381  1511 E HardwareInfoFeatureProviderImpl: 	at android.content.ContentProvider.query(ContentProvider.java:1620)
03-04 17:49:27.913  1381  1511 E HardwareInfoFeatureProviderImpl: 	at android.content.ContentProvider.query(ContentProvider.java:1716)
03-04 17:49:27.913  1381  1511 E HardwareInfoFeatureProviderImpl: 	at android.content.ContentProvider$Transport.query(ContentProvider.java:295)
03-04 17:49:27.913  1381  1511 E HardwareInfoFeatureProviderImpl: 	at android.content.ContentProviderNative.onTransact(ContentProviderNative.java:107)
03-04 17:49:27.913  1381  1511 E HardwareInfoFeatureProviderImpl: 	at android.os.Binder.execTransactInternal(Binder.java:1500)
03-04 17:49:27.913  1381  1511 E HardwareInfoFeatureProviderImpl: 	at android.os.Binder.execTransact(Binder.java:1444)
03-04 17:49:27.914  1381  1431 E HardwareInfoFeatureProviderImpl: Could not parse manufactured year from serial.
03-04 17:49:27.914  1381  1431 E HardwareInfoFeatureProviderImpl: java.lang.NumberFormatException: For input string: "E"
03-04 17:49:27.914  1381  1431 E HardwareInfoFeatureProviderImpl: 	at java.lang.Integer.parseInt(Integer.java:790)
03-04 17:49:27.914  1381  1431 E HardwareInfoFeatureProviderImpl: 	at java.lang.Integer.valueOf(Integer.java:1121)
03-04 17:49:27.914  1381  1431 E HardwareInfoFeatureProviderImpl: 	at com.google.android.settings.hardwareinfo.HardwareInfoFeatureProviderGoogleImpl.getManufacturedYear(HardwareInfoFeatureProviderGoogleImpl.kt:24)
03-04 17:49:27.914  1381  1431 E HardwareInfoFeatureProviderImpl: 	at com.android.settings.deviceinfo.hardwareinfo.ManufacturedYearPreferenceController.<init>(ManufacturedYearPreferenceController.kt:26)
03-04 17:49:27.914  1381  1431 E HardwareInfoFeatureProviderImpl: 	at java.lang.reflect.Constructor.newInstance0(Native Method)
03-04 17:49:27.914  1381  1431 E HardwareInfoFeatureProviderImpl: 	at java.lang.reflect.Constructor.newInstance(Constructor.java:343)
03-04 17:49:27.914  1381  1431 E HardwareInfoFeatureProviderImpl: 	at com.android.settings.core.BasePreferenceController.createInstance(BasePreferenceController.java:187)
03-04 17:49:27.914  1381  1431 E HardwareInfoFeatureProviderImpl: 	at com.android.settings.core.PreferenceControllerListHelper.getPreferenceControllersFromXml(PreferenceControllerListHelper.java:86)
03-04 17:49:27.914  1381  1431 E HardwareInfoFeatureProviderImpl: 	at com.android.settings.search.BaseSearchIndexProvider.getPreferenceControllers(BaseSearchIndexProvider.java:169)
03-04 17:49:27.914  1381  1431 E HardwareInfoFeatureProviderImpl: 	at com.android.settings.search.BaseSearchIndexProvider.getNonIndexableKeys(BaseSearchIndexProvider.java:134)
03-04 17:49:27.914  1381  1431 E HardwareInfoFeatureProviderImpl: 	at com.android.settings.search.SettingsSearchIndexablesProvider.getNonIndexableKeysFromProvider(SettingsSearchIndexablesProvider.java:284)
03-04 17:49:27.914  1381  1431 E HardwareInfoFeatureProviderImpl: 	at com.android.settings.search.SettingsSearchIndexablesProvider.queryNonIndexableKeys(SettingsSearchIndexablesProvider.java:157)
03-04 17:49:27.914  1381  1431 E HardwareInfoFeatureProviderImpl: 	at android.provider.SearchIndexablesProvider.query(SearchIndexablesProvider.java:127)
03-04 17:49:27.914  1381  1431 E HardwareInfoFeatureProviderImpl: 	at android.content.ContentProvider.query(ContentProvider.java:1620)
03-04 17:49:27.914  1381  1431 E HardwareInfoFeatureProviderImpl: 	at android.content.ContentProvider.query(ContentProvider.java:1716)
03-04 17:49:27.914  1381  1431 E HardwareInfoFeatureProviderImpl: 	at android.content.ContentProvider$Transport.query(ContentProvider.java:295)
03-04 17:49:27.914  1381  1431 E HardwareInfoFeatureProviderImpl: 	at android.content.ContentProviderNative.onTransact(ContentProviderNative.java:107)
03-04 17:49:27.914  1381  1431 E HardwareInfoFeatureProviderImpl: 	at android.os.Binder.execTransactInternal(Binder.java:1500)
03-04 17:49:27.914  1381  1431 E HardwareInfoFeatureProviderImpl: 	at android.os.Binder.execTransact(Binder.java:1444)
03-04 17:49:27.977  3900  3900 E SmsApplication: com.google.android.apps.messaging lost android:read_cell_broadcasts:  (fixing)
03-04 17:49:28.065  3900  3900 E CellBroadcastUtils: getDefaultCellBroadcastReceiverPackageName: no package found
03-04 17:49:28.216  3833  3889 E HandwritingSuperpacksUtil: HandwritingSuperpacksUtil.getPackMappingPackName():40 No pack mapping pack found in []
03-04 17:49:28.389  4138  4138 E .android.chrome: Not starting debugger since process cannot load the jdwp agent.
03-04 17:49:28.758   629   872 E WifiStaIfaceAidlImpl: stopRssiMonitoring failed with service-specific exception: android.os.ServiceSpecificException:  (code 5)
03-04 17:49:28.760   629   872 E WifiStaIfaceAidlImpl: setRoamingState failed with service-specific exception: android.os.ServiceSpecificException:  (code 4)
03-04 17:49:28.791   629  2283 E JavaBinder: *** Uncaught remote exception! Exceptions are not yet supported across processes. Client PID 3900 UID 1001.
03-04 17:49:28.791   629  2283 E JavaBinder: java.lang.ArrayIndexOutOfBoundsException: length=1; index=-1
03-04 17:49:28.791   629  2283 E JavaBinder: 	at com.android.server.TelephonyRegistry.notifyCarrierRoamingNtnModeChanged(TelephonyRegistry.java:3524)
03-04 17:49:28.791   629  2283 E JavaBinder: 	at com.android.internal.telephony.ITelephonyRegistry$Stub.onTransact(ITelephonyRegistry.java:1127)
03-04 17:49:28.791   629  2283 E JavaBinder: 	at android.os.Binder.execTransactInternal(Binder.java:1500)
03-04 17:49:28.791   629  2283 E JavaBinder: 	at android.os.Binder.execTransact(Binder.java:1444)
03-04 17:49:29.044   629   878 E WifiScanningService: wifi driver loaded received while already loaded
03-04 17:49:29.067   629   872 E WifiScoringParams: Invalid frequency(-1), using 5G as default rssi array
03-04 17:49:29.111  3900  3926 E PhoneInterfaceManager: getCarrierPrivilegeStatusForUid: Invalid subId
03-04 17:49:29.117   629   891 E AppOps  : attributionTag VCN not declared in manifest of android
03-04 17:49:29.234  1381  1511 E ScreenResolutionController: No support
03-04 17:49:29.598   629   872 E WifiStaIfaceAidlImpl: setDtimMultiplier failed with service-specific exception: android.os.ServiceSpecificException:  (code 4)
03-04 17:49:29.617  1381  1431 E SystemServiceRegistry: No service published for: ethernet
03-04 17:49:29.617  1381  1431 E SystemServiceRegistry: android.os.ServiceManager$ServiceNotFoundException: No service published for: ethernet
03-04 17:49:29.617  1381  1431 E SystemServiceRegistry: 	at android.os.ServiceManager.getServiceOrThrow(ServiceManager.java:203)
03-04 17:49:29.617  1381  1431 E SystemServiceRegistry: 	at android.app.SystemServiceRegistry$145.createService(SystemServiceRegistry.java:2120)
03-04 17:49:29.617  1381  1431 E SystemServiceRegistry: 	at android.app.SystemServiceRegistry$CachedServiceFetcher.getService(SystemServiceRegistry.java:2231)
03-04 17:49:29.617  1381  1431 E SystemServiceRegistry: 	at android.app.SystemServiceRegistry.getSystemService(SystemServiceRegistry.java:1812)
03-04 17:49:29.617  1381  1431 E SystemServiceRegistry: 	at android.app.ContextImpl.getSystemService(ContextImpl.java:2241)
03-04 17:49:29.617  1381  1431 E SystemServiceRegistry: 	at android.content.ContextWrapper.getSystemService(ContextWrapper.java:936)
03-04 17:49:29.617  1381  1431 E SystemServiceRegistry: 	at android.content.Context.getSystemService(Context.java:4503)
03-04 17:49:29.617  1381  1431 E SystemServiceRegistry: 	at com.android.settings.network.tether.TetherSettings$2.getNonIndexableKeys(TetherSettings.java:657)
03-04 17:49:29.617  1381  1431 E SystemServiceRegistry: 	at com.android.settings.search.SettingsSearchIndexablesProvider.getNonIndexableKeysFromProvider(SettingsSearchIndexablesProvider.java:284)
03-04 17:49:29.617  1381  1431 E SystemServiceRegistry: 	at com.android.settings.search.SettingsSearchIndexablesProvider.queryNonIndexableKeys(SettingsSearchIndexablesProvider.java:157)
